

================================================================
== Vitis HLS Report for 'registration_accumulate_kernel_Pipeline_VITIS_LOOP_151_11'
================================================================
* Date:           Wed Apr 15 02:32:39 2026

* Version:        2024.1 (Build 5069499 on May 21 2024)
* Project:        registration_hls
* Solution:       solution1 (Vivado IP Flow Target)
* Product family: virtexuplus
* Target device:  xcvu9p-flgb2104-2-i


================================================================
== Performance Estimates
================================================================
+ Timing: 
    * Summary: 
    +--------+---------+----------+------------+
    |  Clock |  Target | Estimated| Uncertainty|
    +--------+---------+----------+------------+
    |ap_clk  |  4.00 ns|  2.920 ns|     1.08 ns|
    +--------+---------+----------+------------+

+ Latency: 
    * Summary: 
    +---------+---------+-----------+-----------+-----+-----+-----------------------------------------------+
    |  Latency (cycles) |   Latency (absolute)  |  Interval |                    Pipeline                   |
    |   min   |   max   |    min    |    max    | min | max |                      Type                     |
    +---------+---------+-----------+-----------+-----+-----+-----------------------------------------------+
    |        8|        8|  32.000 ns|  32.000 ns|    7|    7|  loop auto-rewind stp(delay=0 clock cycles(s))|
    +---------+---------+-----------+-----------+-----+-----+-----------------------------------------------+

    + Detail: 
        * Instance: 
        N/A

        * Loop: 
        +---------------------+---------+---------+----------+-----------+-----------+------+----------+
        |                     |  Latency (cycles) | Iteration|  Initiation Interval  | Trip |          |
        |      Loop Name      |   min   |   max   |  Latency |  achieved |   target  | Count| Pipelined|
        +---------------------+---------+---------+----------+-----------+-----------+------+----------+
        |- VITIS_LOOP_151_11  |        6|        6|         2|          1|          1|     6|       yes|
        +---------------------+---------+---------+----------+-----------+-----------+------+----------+

============================================================
+ Verbose Summary: Synthesis Manager
============================================================
InlineROM: 1
ExposeGlobal: 0
============================================================
+ Verbose Summary: CDFG Model
============================================================
IsTopModel: 0
ResetActiveHigh: 1
IsCombinational: 0
IsDatapathOnly: 0
HasWiredReturn: 1
HasMFsm: 2
HasVarLatency: 1
IsPipeline: 0
IsRtlPipelined: 0
IsInstanceOverlapped: 0
IsDontTouch: 0
HasImplIP: 0
IsGatedGlobalClock: 0

+ Individual pipeline summary: 
  * Pipeline-0: initiation interval (II) = 1, depth = 2


============================================================
+ Verbose Summary: Schedule
============================================================
* Number of FSM states : 2
* Pipeline : 1
  Pipeline-0 : II = 1, D = 2, States = { 1 2 }
* Dataflow Pipeline: 0

* FSM state transitions: 
1 --> 2 
2 --> 

* FSM state operations: 

State 1 <SV = 0> <Delay = 1.34>
ST_1 : Operation 5 [1/1] (0.00ns)   --->   "%i_1 = alloca i32 1" [cpp/semgraph_slam/hls/registration_kernel_draft.cpp:151]   --->   Operation 5 'alloca' 'i_1' <Predicate = true> <Delay = 0.00>
ST_1 : Operation 6 [1/1] (0.00ns)   --->   "%p_reload89_read = read i64 @_ssdm_op_Read.ap_auto.double, i64 %p_reload89"   --->   Operation 6 'read' 'p_reload89_read' <Predicate = true> <Delay = 0.00>
ST_1 : Operation 7 [1/1] (0.00ns)   --->   "%p_reload90_read = read i64 @_ssdm_op_Read.ap_auto.double, i64 %p_reload90"   --->   Operation 7 'read' 'p_reload90_read' <Predicate = true> <Delay = 0.00>
ST_1 : Operation 8 [1/1] (0.00ns)   --->   "%p_reload91_read = read i64 @_ssdm_op_Read.ap_auto.double, i64 %p_reload91"   --->   Operation 8 'read' 'p_reload91_read' <Predicate = true> <Delay = 0.00>
ST_1 : Operation 9 [1/1] (0.00ns)   --->   "%p_reload92_read = read i64 @_ssdm_op_Read.ap_auto.double, i64 %p_reload92"   --->   Operation 9 'read' 'p_reload92_read' <Predicate = true> <Delay = 0.00>
ST_1 : Operation 10 [1/1] (0.00ns)   --->   "%p_reload93_read = read i64 @_ssdm_op_Read.ap_auto.double, i64 %p_reload93"   --->   Operation 10 'read' 'p_reload93_read' <Predicate = true> <Delay = 0.00>
ST_1 : Operation 11 [1/1] (0.00ns)   --->   "%p_reload94_read = read i64 @_ssdm_op_Read.ap_auto.double, i64 %p_reload94"   --->   Operation 11 'read' 'p_reload94_read' <Predicate = true> <Delay = 0.00>
ST_1 : Operation 12 [1/1] (0.00ns)   --->   "%sext_ln151_read = read i61 @_ssdm_op_Read.ap_auto.i61, i61 %sext_ln151"   --->   Operation 12 'read' 'sext_ln151_read' <Predicate = true> <Delay = 0.00>
ST_1 : Operation 13 [1/1] (0.00ns)   --->   "%sext_ln151_cast = sext i61 %sext_ln151_read"   --->   Operation 13 'sext' 'sext_ln151_cast' <Predicate = true> <Delay = 0.00>
ST_1 : Operation 14 [1/1] (0.00ns)   --->   "%specinterface_ln0 = specinterface void @_ssdm_op_SpecInterface, i64 %gmem3, void @empty, i32 0, i32 0, void @empty_0, i32 0, i32 0, void @empty_6, void @empty_2, void @empty_0, i32 16, i32 16, i32 16, i32 16, void @empty_0, void @empty_0, i32 4294967295, i32 0, i32 0"   --->   Operation 14 'specinterface' 'specinterface_ln0' <Predicate = true> <Delay = 0.00>
ST_1 : Operation 15 [1/1] (0.38ns)   --->   "%store_ln151 = store i3 0, i3 %i_1" [cpp/semgraph_slam/hls/registration_kernel_draft.cpp:151]   --->   Operation 15 'store' 'store_ln151' <Predicate = true> <Delay = 0.38>
ST_1 : Operation 16 [1/1] (0.00ns)   --->   "%br_ln0 = br void %for.inc207"   --->   Operation 16 'br' 'br_ln0' <Predicate = true> <Delay = 0.00>
ST_1 : Operation 17 [1/1] (0.00ns)   --->   "%i = load i3 %i_1" [cpp/semgraph_slam/hls/registration_kernel_draft.cpp:151]   --->   Operation 17 'load' 'i' <Predicate = true> <Delay = 0.00>
ST_1 : Operation 18 [1/1] (0.00ns)   --->   "%specbitsmap_ln0 = specbitsmap void @_ssdm_op_SpecBitsMap, i64 %gmem3"   --->   Operation 18 'specbitsmap' 'specbitsmap_ln0' <Predicate = true> <Delay = 0.00>
ST_1 : Operation 19 [1/1] (0.57ns)   --->   "%icmp_ln151 = icmp_eq  i3 %i, i3 6" [cpp/semgraph_slam/hls/registration_kernel_draft.cpp:151]   --->   Operation 19 'icmp' 'icmp_ln151' <Predicate = true> <Delay = 0.57> <CoreInst = "Cmp">   --->   Core 9 'Cmp' <Latency = 0> <II = 1> <Delay = 0.57> <FuncUnit> <Opcode : 'seteq' 'setne' 'setle' 'setge' 'setlt' 'setgt'> <InPorts = 2> <OutPorts = 1>
ST_1 : Operation 20 [1/1] (0.57ns)   --->   "%add_ln151 = add i3 %i, i3 1" [cpp/semgraph_slam/hls/registration_kernel_draft.cpp:151]   --->   Operation 20 'add' 'add_ln151' <Predicate = true> <Delay = 0.57> <CoreInst = "Adder">   --->   Core 1 'Adder' <Latency = 0> <II = 1> <Delay = 0.57> <FuncUnit> <Opcode : 'add' 'sub'> <InPorts = 2> <OutPorts = 1>
ST_1 : Operation 21 [1/1] (0.00ns)   --->   "%br_ln151 = br i1 %icmp_ln151, void %for.inc207.split, void %for.end209.exitStub" [cpp/semgraph_slam/hls/registration_kernel_draft.cpp:151]   --->   Operation 21 'br' 'br_ln151' <Predicate = true> <Delay = 0.00>
ST_1 : Operation 22 [1/1] (0.51ns)   --->   "%tmp = sparsemux i64 @_ssdm_op_SparseMux.ap_auto.6double.double.i3, i3 0, i64 %p_reload94_read, i3 1, i64 %p_reload93_read, i3 2, i64 %p_reload92_read, i3 3, i64 %p_reload91_read, i3 4, i64 %p_reload90_read, i3 5, i64 %p_reload89_read, i64 <undef>, i3 %i" [cpp/semgraph_slam/hls/registration_kernel_draft.cpp:153]   --->   Operation 22 'sparsemux' 'tmp' <Predicate = (!icmp_ln151)> <Delay = 0.51> <CoreInst = "SparseMux">   --->   Core 144 'SparseMux' <Latency = 0> <II = 1> <Delay = 0.51> <FuncUnit> <Opcode : 'sparsemux'> <InPorts = 2> <OutPorts = 1>
ST_1 : Operation 23 [1/1] (0.38ns)   --->   "%store_ln151 = store i3 %add_ln151, i3 %i_1" [cpp/semgraph_slam/hls/registration_kernel_draft.cpp:151]   --->   Operation 23 'store' 'store_ln151' <Predicate = (!icmp_ln151)> <Delay = 0.38>
ST_1 : Operation 31 [1/1] (0.38ns)   --->   "%ret_ln0 = ret"   --->   Operation 31 'ret' 'ret_ln0' <Predicate = (icmp_ln151)> <Delay = 0.38>

State 2 <SV = 1> <Delay = 2.92>
ST_2 : Operation 24 [1/1] (0.00ns)   --->   "%gmem3_addr = getelementptr i64 %gmem3, i64 %sext_ln151_cast" [cpp/semgraph_slam/hls/registration_kernel_draft.cpp:151]   --->   Operation 24 'getelementptr' 'gmem3_addr' <Predicate = true> <Delay = 0.00>
ST_2 : Operation 25 [1/1] (0.00ns)   --->   "%specpipeline_ln152 = specpipeline void @_ssdm_op_SpecPipeline, i32 1, i32 0, i32 0, i32 0, void @empty_0" [cpp/semgraph_slam/hls/registration_kernel_draft.cpp:152]   --->   Operation 25 'specpipeline' 'specpipeline_ln152' <Predicate = true> <Delay = 0.00>
ST_2 : Operation 26 [1/1] (0.00ns)   --->   "%speclooptripcount_ln151 = speclooptripcount void @_ssdm_op_SpecLoopTripCount, i64 6, i64 6, i64 6" [cpp/semgraph_slam/hls/registration_kernel_draft.cpp:151]   --->   Operation 26 'speclooptripcount' 'speclooptripcount_ln151' <Predicate = true> <Delay = 0.00>
ST_2 : Operation 27 [1/1] (0.00ns)   --->   "%specloopname_ln151 = specloopname void @_ssdm_op_SpecLoopName, void @empty_22" [cpp/semgraph_slam/hls/registration_kernel_draft.cpp:151]   --->   Operation 27 'specloopname' 'specloopname_ln151' <Predicate = true> <Delay = 0.00>
ST_2 : Operation 28 [1/1] (0.00ns)   --->   "%bitcast_ln153 = bitcast i64 %tmp" [cpp/semgraph_slam/hls/registration_kernel_draft.cpp:153]   --->   Operation 28 'bitcast' 'bitcast_ln153' <Predicate = true> <Delay = 0.00>
ST_2 : Operation 29 [1/1] (2.92ns)   --->   "%write_ln153 = write void @_ssdm_op_Write.m_axi.p1i64, i64 %gmem3_addr, i64 %bitcast_ln153, i8 255" [cpp/semgraph_slam/hls/registration_kernel_draft.cpp:153]   --->   Operation 29 'write' 'write_ln153' <Predicate = true> <Delay = 2.92> <CoreInst = "m_axi">   --->   Core 119 'm_axi' <Latency = 0> <II = 1> <Delay = 1.00> <Adapter> <Opcode : 'read' 'write' 'readreq' 'writereq' 'writeresp'>
ST_2 : Operation 30 [1/1] (0.00ns)   --->   "%br_ln151 = br void %for.inc207" [cpp/semgraph_slam/hls/registration_kernel_draft.cpp:151]   --->   Operation 30 'br' 'br_ln151' <Predicate = true> <Delay = 0.00>


============================================================
+ Verbose Summary: Timing violations
============================================================
Target clock period: 4.000ns, clock uncertainty: 1.080ns.

 <State 1>: 1.346ns
The critical path consists of the following:
	'store' operation 0 bit ('store_ln151', cpp/semgraph_slam/hls/registration_kernel_draft.cpp:151) of constant 0 on local variable 'i', cpp/semgraph_slam/hls/registration_kernel_draft.cpp:151 [19]  (0.387 ns)
	'load' operation 3 bit ('i', cpp/semgraph_slam/hls/registration_kernel_draft.cpp:151) on local variable 'i', cpp/semgraph_slam/hls/registration_kernel_draft.cpp:151 [22]  (0.000 ns)
	'icmp' operation 1 bit ('icmp_ln151', cpp/semgraph_slam/hls/registration_kernel_draft.cpp:151) [24]  (0.572 ns)
	'store' operation 0 bit ('store_ln151', cpp/semgraph_slam/hls/registration_kernel_draft.cpp:151) of variable 'add_ln151', cpp/semgraph_slam/hls/registration_kernel_draft.cpp:151 on local variable 'i', cpp/semgraph_slam/hls/registration_kernel_draft.cpp:151 [35]  (0.387 ns)

 <State 2>: 2.920ns
The critical path consists of the following:
	'getelementptr' operation 64 bit ('gmem3_addr', cpp/semgraph_slam/hls/registration_kernel_draft.cpp:151) [28]  (0.000 ns)
	bus write operation ('write_ln153', cpp/semgraph_slam/hls/registration_kernel_draft.cpp:153) on port 'gmem3' (cpp/semgraph_slam/hls/registration_kernel_draft.cpp:153) [34]  (2.920 ns)


============================================================
+ Verbose Summary: Binding
============================================================
N/A
* FSMD analyzer results:
  - Output states:
 - Input state : 
  - Chain level:
	State 1
	State 2


============================================================
+ Verbose Summary: Datapath Resource usage 
============================================================
N/A
