

================================================================
== Vitis HLS Report for 'registration_accumulate_kernel_Pipeline_VITIS_LOOP_141_10'
================================================================
* Date:           Wed Apr 15 02:32:39 2026

* Version:        2024.1 (Build 5069499 on May 21 2024)
* Project:        registration_hls
* Solution:       solution1 (Vivado IP Flow Target)
* Product family: virtexuplus
* Target device:  xcvu9p-flgb2104-2-i


================================================================
== Performance Estimates
================================================================
+ Timing: 
    * Summary: 
    +--------+---------+----------+------------+
    |  Clock |  Target | Estimated| Uncertainty|
    +--------+---------+----------+------------+
    |ap_clk  |  4.00 ns|  2.920 ns|     1.08 ns|
    +--------+---------+----------+------------+

+ Latency: 
    * Summary: 
    +---------+---------+-----------+-----------+-----+-----+-----------------------------------------------+
    |  Latency (cycles) |   Latency (absolute)  |  Interval |                    Pipeline                   |
    |   min   |   max   |    min    |    max    | min | max |                      Type                     |
    +---------+---------+-----------+-----------+-----+-----+-----------------------------------------------+
    |       10|       20|  40.000 ns|  80.000 ns|    4|   14|  loop auto-rewind stp(delay=0 clock cycles(s))|
    +---------+---------+-----------+-----------+-----+-----+-----------------------------------------------+

    + Detail: 
        * Instance: 
        N/A

        * Loop: 
        +---------------------+---------+---------+----------+-----------+-----------+-------+----------+
        |                     |  Latency (cycles) | Iteration|  Initiation Interval  |  Trip |          |
        |      Loop Name      |   min   |   max   |  Latency |  achieved |   target  | Count | Pipelined|
        +---------------------+---------+---------+----------+-----------+-----------+-------+----------+
        |- VITIS_LOOP_141_10  |        8|       18|         9|          2|          1|  1 ~ 6|       yes|
        +---------------------+---------+---------+----------+-----------+-----------+-------+----------+

============================================================
+ Verbose Summary: Synthesis Manager
============================================================
InlineROM: 1
ExposeGlobal: 0
============================================================
+ Verbose Summary: CDFG Model
============================================================
IsTopModel: 0
ResetActiveHigh: 1
IsCombinational: 0
IsDatapathOnly: 0
HasWiredReturn: 1
HasMFsm: 2
HasVarLatency: 1
IsPipeline: 0
IsRtlPipelined: 0
IsInstanceOverlapped: 0
IsDontTouch: 0
HasImplIP: 0
IsGatedGlobalClock: 0

+ Individual pipeline summary: 
  * Pipeline-0: initiation interval (II) = 2, depth = 9


============================================================
+ Verbose Summary: Schedule
============================================================
* Number of FSM states : 9
* Pipeline : 1
  Pipeline-0 : II = 2, D = 9, States = { 1 2 3 4 5 6 7 8 9 }
* Dataflow Pipeline: 0

* FSM state transitions: 
1 --> 2 
2 --> 3 
3 --> 4 
4 --> 5 
5 --> 6 
6 --> 7 
7 --> 8 
8 --> 9 
9 --> 

* FSM state operations: 

State 1 <SV = 0> <Delay = 2.24>
ST_1 : Operation 12 [1/1] (0.00ns)   --->   "%c = alloca i32 1" [cpp/semgraph_slam/hls/registration_kernel_draft.cpp:141]   --->   Operation 12 'alloca' 'c' <Predicate = true> <Delay = 0.00>
ST_1 : Operation 13 [1/1] (0.00ns)   --->   "%read_idx_1 = alloca i32 1" [cpp/semgraph_slam/hls/registration_kernel_draft.cpp:139]   --->   Operation 13 'alloca' 'read_idx_1' <Predicate = true> <Delay = 0.00>
ST_1 : Operation 14 [1/1] (0.00ns)   --->   "%zext_ln140_read = read i3 @_ssdm_op_Read.ap_auto.i3, i3 %zext_ln140"   --->   Operation 14 'read' 'zext_ln140_read' <Predicate = true> <Delay = 0.00>
ST_1 : Operation 15 [1/1] (0.00ns)   --->   "%jtj_out_read = read i64 @_ssdm_op_Read.ap_auto.i64, i64 %jtj_out"   --->   Operation 15 'read' 'jtj_out_read' <Predicate = true> <Delay = 0.00>
ST_1 : Operation 16 [1/1] (0.00ns)   --->   "%tmp = read i5 @_ssdm_op_Read.ap_auto.i5, i5 %empty"   --->   Operation 16 'read' 'tmp' <Predicate = true> <Delay = 0.00>
ST_1 : Operation 17 [1/1] (0.00ns)   --->   "%p_reload_read = read i64 @_ssdm_op_Read.ap_auto.double, i64 %p_reload"   --->   Operation 17 'read' 'p_reload_read' <Predicate = true> <Delay = 0.00>
ST_1 : Operation 18 [1/1] (0.00ns)   --->   "%p_reload69_read = read i64 @_ssdm_op_Read.ap_auto.double, i64 %p_reload69"   --->   Operation 18 'read' 'p_reload69_read' <Predicate = true> <Delay = 0.00>
ST_1 : Operation 19 [1/1] (0.00ns)   --->   "%p_reload70_read = read i64 @_ssdm_op_Read.ap_auto.double, i64 %p_reload70"   --->   Operation 19 'read' 'p_reload70_read' <Predicate = true> <Delay = 0.00>
ST_1 : Operation 20 [1/1] (0.00ns)   --->   "%p_reload71_read = read i64 @_ssdm_op_Read.ap_auto.double, i64 %p_reload71"   --->   Operation 20 'read' 'p_reload71_read' <Predicate = true> <Delay = 0.00>
ST_1 : Operation 21 [1/1] (0.00ns)   --->   "%p_reload72_read = read i64 @_ssdm_op_Read.ap_auto.double, i64 %p_reload72"   --->   Operation 21 'read' 'p_reload72_read' <Predicate = true> <Delay = 0.00>
ST_1 : Operation 22 [1/1] (0.00ns)   --->   "%p_reload73_read = read i64 @_ssdm_op_Read.ap_auto.double, i64 %p_reload73"   --->   Operation 22 'read' 'p_reload73_read' <Predicate = true> <Delay = 0.00>
ST_1 : Operation 23 [1/1] (0.00ns)   --->   "%p_reload74_read = read i64 @_ssdm_op_Read.ap_auto.double, i64 %p_reload74"   --->   Operation 23 'read' 'p_reload74_read' <Predicate = true> <Delay = 0.00>
ST_1 : Operation 24 [1/1] (0.00ns)   --->   "%p_reload75_read = read i64 @_ssdm_op_Read.ap_auto.double, i64 %p_reload75"   --->   Operation 24 'read' 'p_reload75_read' <Predicate = true> <Delay = 0.00>
ST_1 : Operation 25 [1/1] (0.00ns)   --->   "%p_reload76_read = read i64 @_ssdm_op_Read.ap_auto.double, i64 %p_reload76"   --->   Operation 25 'read' 'p_reload76_read' <Predicate = true> <Delay = 0.00>
ST_1 : Operation 26 [1/1] (0.00ns)   --->   "%p_reload77_read = read i64 @_ssdm_op_Read.ap_auto.double, i64 %p_reload77"   --->   Operation 26 'read' 'p_reload77_read' <Predicate = true> <Delay = 0.00>
ST_1 : Operation 27 [1/1] (0.00ns)   --->   "%p_reload78_read = read i64 @_ssdm_op_Read.ap_auto.double, i64 %p_reload78"   --->   Operation 27 'read' 'p_reload78_read' <Predicate = true> <Delay = 0.00>
ST_1 : Operation 28 [1/1] (0.00ns)   --->   "%p_reload79_read = read i64 @_ssdm_op_Read.ap_auto.double, i64 %p_reload79"   --->   Operation 28 'read' 'p_reload79_read' <Predicate = true> <Delay = 0.00>
ST_1 : Operation 29 [1/1] (0.00ns)   --->   "%p_reload80_read = read i64 @_ssdm_op_Read.ap_auto.double, i64 %p_reload80"   --->   Operation 29 'read' 'p_reload80_read' <Predicate = true> <Delay = 0.00>
ST_1 : Operation 30 [1/1] (0.00ns)   --->   "%p_reload81_read = read i64 @_ssdm_op_Read.ap_auto.double, i64 %p_reload81"   --->   Operation 30 'read' 'p_reload81_read' <Predicate = true> <Delay = 0.00>
ST_1 : Operation 31 [1/1] (0.00ns)   --->   "%p_reload82_read = read i64 @_ssdm_op_Read.ap_auto.double, i64 %p_reload82"   --->   Operation 31 'read' 'p_reload82_read' <Predicate = true> <Delay = 0.00>
ST_1 : Operation 32 [1/1] (0.00ns)   --->   "%p_reload83_read = read i64 @_ssdm_op_Read.ap_auto.double, i64 %p_reload83"   --->   Operation 32 'read' 'p_reload83_read' <Predicate = true> <Delay = 0.00>
ST_1 : Operation 33 [1/1] (0.00ns)   --->   "%p_reload84_read = read i64 @_ssdm_op_Read.ap_auto.double, i64 %p_reload84"   --->   Operation 33 'read' 'p_reload84_read' <Predicate = true> <Delay = 0.00>
ST_1 : Operation 34 [1/1] (0.00ns)   --->   "%p_reload85_read = read i64 @_ssdm_op_Read.ap_auto.double, i64 %p_reload85"   --->   Operation 34 'read' 'p_reload85_read' <Predicate = true> <Delay = 0.00>
ST_1 : Operation 35 [1/1] (0.00ns)   --->   "%p_reload86_read = read i64 @_ssdm_op_Read.ap_auto.double, i64 %p_reload86"   --->   Operation 35 'read' 'p_reload86_read' <Predicate = true> <Delay = 0.00>
ST_1 : Operation 36 [1/1] (0.00ns)   --->   "%p_reload87_read = read i64 @_ssdm_op_Read.ap_auto.double, i64 %p_reload87"   --->   Operation 36 'read' 'p_reload87_read' <Predicate = true> <Delay = 0.00>
ST_1 : Operation 37 [1/1] (0.00ns)   --->   "%p_reload88_read = read i64 @_ssdm_op_Read.ap_auto.double, i64 %p_reload88"   --->   Operation 37 'read' 'p_reload88_read' <Predicate = true> <Delay = 0.00>
ST_1 : Operation 38 [1/1] (0.00ns)   --->   "%zext_ln140_1_read = read i3 @_ssdm_op_Read.ap_auto.i3, i3 %zext_ln140_1"   --->   Operation 38 'read' 'zext_ln140_1_read' <Predicate = true> <Delay = 0.00>
ST_1 : Operation 39 [1/1] (0.00ns)   --->   "%read_idx_read = read i6 @_ssdm_op_Read.ap_auto.i6, i6 %read_idx"   --->   Operation 39 'read' 'read_idx_read' <Predicate = true> <Delay = 0.00>
ST_1 : Operation 40 [1/1] (0.00ns)   --->   "%zext_ln140_cast = zext i3 %zext_ln140_read"   --->   Operation 40 'zext' 'zext_ln140_cast' <Predicate = true> <Delay = 0.00>
ST_1 : Operation 41 [1/1] (0.00ns)   --->   "%p_cast = zext i5 %tmp"   --->   Operation 41 'zext' 'p_cast' <Predicate = true> <Delay = 0.00>
ST_1 : Operation 42 [1/1] (0.00ns)   --->   "%zext_ln140_1_cast = zext i3 %zext_ln140_1_read"   --->   Operation 42 'zext' 'zext_ln140_1_cast' <Predicate = true> <Delay = 0.00>
ST_1 : Operation 43 [1/1] (0.00ns)   --->   "%specinterface_ln0 = specinterface void @_ssdm_op_SpecInterface, i64 %gmem3, void @empty, i32 0, i32 0, void @empty_0, i32 0, i32 0, void @empty_6, void @empty_2, void @empty_0, i32 16, i32 16, i32 16, i32 16, void @empty_0, void @empty_0, i32 4294967295, i32 0, i32 0"   --->   Operation 43 'specinterface' 'specinterface_ln0' <Predicate = true> <Delay = 0.00>
ST_1 : Operation 44 [1/1] (0.38ns)   --->   "%store_ln139 = store i6 %read_idx_read, i6 %read_idx_1" [cpp/semgraph_slam/hls/registration_kernel_draft.cpp:139]   --->   Operation 44 'store' 'store_ln139' <Predicate = true> <Delay = 0.38>
ST_1 : Operation 45 [1/1] (0.38ns)   --->   "%store_ln141 = store i4 %zext_ln140_1_cast, i4 %c" [cpp/semgraph_slam/hls/registration_kernel_draft.cpp:141]   --->   Operation 45 'store' 'store_ln141' <Predicate = true> <Delay = 0.38>
ST_1 : Operation 46 [1/1] (0.00ns)   --->   "%br_ln0 = br void %for.body177"   --->   Operation 46 'br' 'br_ln0' <Predicate = true> <Delay = 0.00>
ST_1 : Operation 47 [1/1] (0.00ns)   --->   "%c_1 = load i4 %c" [cpp/semgraph_slam/hls/registration_kernel_draft.cpp:141]   --->   Operation 47 'load' 'c_1' <Predicate = true> <Delay = 0.00>
ST_1 : Operation 48 [1/1] (0.00ns)   --->   "%specbitsmap_ln0 = specbitsmap void @_ssdm_op_SpecBitsMap, i64 %gmem3"   --->   Operation 48 'specbitsmap' 'specbitsmap_ln0' <Predicate = true> <Delay = 0.00>
ST_1 : Operation 49 [1/1] (0.70ns)   --->   "%icmp_ln141 = icmp_eq  i4 %c_1, i4 6" [cpp/semgraph_slam/hls/registration_kernel_draft.cpp:141]   --->   Operation 49 'icmp' 'icmp_ln141' <Predicate = true> <Delay = 0.70> <CoreInst = "Cmp">   --->   Core 9 'Cmp' <Latency = 0> <II = 1> <Delay = 0.70> <FuncUnit> <Opcode : 'seteq' 'setne' 'setle' 'setge' 'setlt' 'setgt'> <InPorts = 2> <OutPorts = 1>
ST_1 : Operation 50 [1/1] (0.00ns)   --->   "%br_ln141 = br i1 %icmp_ln141, void %for.body177.split, void %for.inc195.loopexit.exitStub" [cpp/semgraph_slam/hls/registration_kernel_draft.cpp:141]   --->   Operation 50 'br' 'br_ln141' <Predicate = true> <Delay = 0.00>
ST_1 : Operation 51 [1/1] (0.00ns)   --->   "%read_idx_1_load = load i6 %read_idx_1" [cpp/semgraph_slam/hls/registration_kernel_draft.cpp:141]   --->   Operation 51 'load' 'read_idx_1_load' <Predicate = (!icmp_ln141)> <Delay = 0.00>
ST_1 : Operation 52 [1/1] (0.00ns)   --->   "%zext_ln141 = zext i4 %c_1" [cpp/semgraph_slam/hls/registration_kernel_draft.cpp:141]   --->   Operation 52 'zext' 'zext_ln141' <Predicate = (!icmp_ln141)> <Delay = 0.00>
ST_1 : Operation 53 [1/1] (0.00ns)   --->   "%trunc_ln141 = trunc i6 %read_idx_1_load" [cpp/semgraph_slam/hls/registration_kernel_draft.cpp:141]   --->   Operation 53 'trunc' 'trunc_ln141' <Predicate = (!icmp_ln141)> <Delay = 0.00>
ST_1 : Operation 54 [1/1] (0.70ns)   --->   "%add_ln143 = add i6 %read_idx_1_load, i6 1" [cpp/semgraph_slam/hls/registration_kernel_draft.cpp:143]   --->   Operation 54 'add' 'add_ln143' <Predicate = (!icmp_ln141)> <Delay = 0.70> <CoreInst = "Adder">   --->   Core 1 'Adder' <Latency = 0> <II = 1> <Delay = 0.70> <FuncUnit> <Opcode : 'add' 'sub'> <InPorts = 2> <OutPorts = 1>
ST_1 : Operation 55 [1/1] (0.68ns)   --->   "%val = sparsemux i64 @_ssdm_op_SparseMux.ap_auto.21double.double.i5, i5 0, i64 %p_reload88_read, i5 1, i64 %p_reload87_read, i5 2, i64 %p_reload86_read, i5 3, i64 %p_reload85_read, i5 4, i64 %p_reload84_read, i5 5, i64 %p_reload83_read, i5 6, i64 %p_reload82_read, i5 7, i64 %p_reload81_read, i5 8, i64 %p_reload80_read, i5 9, i64 %p_reload79_read, i5 10, i64 %p_reload78_read, i5 11, i64 %p_reload77_read, i5 12, i64 %p_reload76_read, i5 13, i64 %p_reload75_read, i5 14, i64 %p_reload74_read, i5 15, i64 %p_reload73_read, i5 16, i64 %p_reload72_read, i5 17, i64 %p_reload71_read, i5 18, i64 %p_reload70_read, i5 19, i64 %p_reload69_read, i5 20, i64 %p_reload_read, i64 <undef>, i5 %trunc_ln141" [cpp/semgraph_slam/hls/registration_kernel_draft.cpp:143]   --->   Operation 55 'sparsemux' 'val' <Predicate = (!icmp_ln141)> <Delay = 0.68> <CoreInst = "SparseMux">   --->   Core 144 'SparseMux' <Latency = 0> <II = 1> <Delay = 0.68> <FuncUnit> <Opcode : 'sparsemux'> <InPorts = 2> <OutPorts = 1>
ST_1 : Operation 56 [1/1] (0.70ns)   --->   "%add_ln144 = add i6 %zext_ln141, i6 %p_cast" [cpp/semgraph_slam/hls/registration_kernel_draft.cpp:144]   --->   Operation 56 'add' 'add_ln144' <Predicate = (!icmp_ln141)> <Delay = 0.70> <CoreInst = "Adder">   --->   Core 1 'Adder' <Latency = 0> <II = 1> <Delay = 0.70> <FuncUnit> <Opcode : 'add' 'sub'> <InPorts = 2> <OutPorts = 1>
ST_1 : Operation 57 [1/1] (0.00ns)   --->   "%shl_ln = bitconcatenate i9 @_ssdm_op_BitConcatenate.i9.i6.i3, i6 %add_ln144, i3 0" [cpp/semgraph_slam/hls/registration_kernel_draft.cpp:144]   --->   Operation 57 'bitconcatenate' 'shl_ln' <Predicate = (!icmp_ln141)> <Delay = 0.00>
ST_1 : Operation 58 [1/1] (0.00ns)   --->   "%zext_ln144 = zext i9 %shl_ln" [cpp/semgraph_slam/hls/registration_kernel_draft.cpp:144]   --->   Operation 58 'zext' 'zext_ln144' <Predicate = (!icmp_ln141)> <Delay = 0.00>
ST_1 : Operation 59 [1/1] (1.14ns)   --->   "%add_ln144_1 = add i64 %zext_ln144, i64 %jtj_out_read" [cpp/semgraph_slam/hls/registration_kernel_draft.cpp:144]   --->   Operation 59 'add' 'add_ln144_1' <Predicate = (!icmp_ln141)> <Delay = 1.14> <CoreInst = "Adder">   --->   Core 1 'Adder' <Latency = 0> <II = 1> <Delay = 1.14> <FuncUnit> <Opcode : 'add' 'sub'> <InPorts = 2> <OutPorts = 1>
ST_1 : Operation 60 [1/1] (0.00ns)   --->   "%trunc_ln7 = partselect i61 @_ssdm_op_PartSelect.i61.i64.i32.i32, i64 %add_ln144_1, i32 3, i32 63" [cpp/semgraph_slam/hls/registration_kernel_draft.cpp:144]   --->   Operation 60 'partselect' 'trunc_ln7' <Predicate = (!icmp_ln141)> <Delay = 0.00>
ST_1 : Operation 61 [1/1] (0.70ns)   --->   "%icmp_ln145 = icmp_eq  i4 %zext_ln140_1_cast, i4 %c_1" [cpp/semgraph_slam/hls/registration_kernel_draft.cpp:145]   --->   Operation 61 'icmp' 'icmp_ln145' <Predicate = (!icmp_ln141)> <Delay = 0.70> <CoreInst = "Cmp">   --->   Core 9 'Cmp' <Latency = 0> <II = 1> <Delay = 0.70> <FuncUnit> <Opcode : 'seteq' 'setne' 'setle' 'setge' 'setlt' 'setgt'> <InPorts = 2> <OutPorts = 1>
ST_1 : Operation 62 [1/1] (0.00ns)   --->   "%br_ln145 = br i1 %icmp_ln145, void %if.then186, void %for.inc192" [cpp/semgraph_slam/hls/registration_kernel_draft.cpp:145]   --->   Operation 62 'br' 'br_ln145' <Predicate = (!icmp_ln141)> <Delay = 0.00>
ST_1 : Operation 63 [1/1] (0.70ns)   --->   "%add_ln141 = add i4 %c_1, i4 1" [cpp/semgraph_slam/hls/registration_kernel_draft.cpp:141]   --->   Operation 63 'add' 'add_ln141' <Predicate = (!icmp_ln141)> <Delay = 0.70> <CoreInst = "Adder">   --->   Core 1 'Adder' <Latency = 0> <II = 1> <Delay = 0.70> <FuncUnit> <Opcode : 'add' 'sub'> <InPorts = 2> <OutPorts = 1>
ST_1 : Operation 64 [1/1] (0.38ns)   --->   "%store_ln139 = store i6 %add_ln143, i6 %read_idx_1" [cpp/semgraph_slam/hls/registration_kernel_draft.cpp:139]   --->   Operation 64 'store' 'store_ln139' <Predicate = (!icmp_ln141)> <Delay = 0.38>
ST_1 : Operation 65 [1/1] (0.38ns)   --->   "%store_ln141 = store i4 %add_ln141, i4 %c" [cpp/semgraph_slam/hls/registration_kernel_draft.cpp:141]   --->   Operation 65 'store' 'store_ln141' <Predicate = (!icmp_ln141)> <Delay = 0.38>
ST_1 : Operation 66 [1/1] (0.00ns)   --->   "%br_ln141 = br void %for.body177" [cpp/semgraph_slam/hls/registration_kernel_draft.cpp:141]   --->   Operation 66 'br' 'br_ln141' <Predicate = (!icmp_ln141)> <Delay = 0.00>

State 2 <SV = 1> <Delay = 2.92>
ST_2 : Operation 67 [1/1] (0.00ns)   --->   "%sext_ln144 = sext i61 %trunc_ln7" [cpp/semgraph_slam/hls/registration_kernel_draft.cpp:144]   --->   Operation 67 'sext' 'sext_ln144' <Predicate = (!icmp_ln141)> <Delay = 0.00>
ST_2 : Operation 68 [1/1] (0.00ns)   --->   "%gmem3_addr = getelementptr i64 %gmem3, i64 %sext_ln144" [cpp/semgraph_slam/hls/registration_kernel_draft.cpp:144]   --->   Operation 68 'getelementptr' 'gmem3_addr' <Predicate = (!icmp_ln141)> <Delay = 0.00>
ST_2 : Operation 69 [1/1] (2.92ns)   --->   "%gmem3_addr_1_req = writereq i1 @_ssdm_op_WriteReq.m_axi.i64P1A, i64 %gmem3_addr, i64 1" [cpp/semgraph_slam/hls/registration_kernel_draft.cpp:144]   --->   Operation 69 'writereq' 'gmem3_addr_1_req' <Predicate = (!icmp_ln141)> <Delay = 2.92> <CoreInst = "m_axi">   --->   Core 119 'm_axi' <Latency = 0> <II = 1> <Delay = 1.00> <Adapter> <Opcode : 'read' 'write' 'readreq' 'writereq' 'writeresp'>
ST_2 : Operation 70 [1/1] (0.00ns)   --->   "%p_shl = bitconcatenate i7 @_ssdm_op_BitConcatenate.i7.i4.i3, i4 %c_1, i3 0" [cpp/semgraph_slam/hls/registration_kernel_draft.cpp:146]   --->   Operation 70 'bitconcatenate' 'p_shl' <Predicate = (!icmp_ln141 & !icmp_ln145)> <Delay = 0.00>
ST_2 : Operation 71 [1/1] (0.00ns)   --->   "%tmp_1 = bitconcatenate i5 @_ssdm_op_BitConcatenate.i5.i4.i1, i4 %c_1, i1 0" [cpp/semgraph_slam/hls/registration_kernel_draft.cpp:146]   --->   Operation 71 'bitconcatenate' 'tmp_1' <Predicate = (!icmp_ln141 & !icmp_ln145)> <Delay = 0.00>
ST_2 : Operation 72 [1/1] (0.00ns)   --->   "%zext_ln146_1 = zext i5 %tmp_1" [cpp/semgraph_slam/hls/registration_kernel_draft.cpp:146]   --->   Operation 72 'zext' 'zext_ln146_1' <Predicate = (!icmp_ln141 & !icmp_ln145)> <Delay = 0.00>
ST_2 : Operation 73 [1/1] (0.00ns) (grouped into TernaryAdder)   --->   "%sub_ln146 = sub i7 %p_shl, i7 %zext_ln146_1" [cpp/semgraph_slam/hls/registration_kernel_draft.cpp:146]   --->   Operation 73 'sub' 'sub_ln146' <Predicate = (!icmp_ln141 & !icmp_ln145)> <Delay = 0.00> <CoreInst = "TAddSub">   --->   Core 10 'TAddSub' <Latency = 0> <II = 1> <Delay = 0.36> <IPBlock> <Opcode : '' 'add' 'sub'> <InPorts = 3> <OutPorts = 1> <Sync> <CReg>
ST_2 : Operation 74 [1/1] (0.72ns) (root node of TernaryAdder)   --->   "%add_ln146 = add i7 %sub_ln146, i7 %zext_ln140_cast" [cpp/semgraph_slam/hls/registration_kernel_draft.cpp:146]   --->   Operation 74 'add' 'add_ln146' <Predicate = (!icmp_ln141 & !icmp_ln145)> <Delay = 0.72> <CoreInst = "TAddSub">   --->   Core 10 'TAddSub' <Latency = 0> <II = 1> <Delay = 0.36> <IPBlock> <Opcode : '' 'add' 'sub'> <InPorts = 3> <OutPorts = 1> <Sync> <CReg>
ST_2 : Operation 75 [1/1] (0.00ns)   --->   "%shl_ln1 = bitconcatenate i10 @_ssdm_op_BitConcatenate.i10.i7.i3, i7 %add_ln146, i3 0" [cpp/semgraph_slam/hls/registration_kernel_draft.cpp:146]   --->   Operation 75 'bitconcatenate' 'shl_ln1' <Predicate = (!icmp_ln141 & !icmp_ln145)> <Delay = 0.00>
ST_2 : Operation 76 [1/1] (0.00ns)   --->   "%zext_ln146 = zext i10 %shl_ln1" [cpp/semgraph_slam/hls/registration_kernel_draft.cpp:146]   --->   Operation 76 'zext' 'zext_ln146' <Predicate = (!icmp_ln141 & !icmp_ln145)> <Delay = 0.00>
ST_2 : Operation 77 [1/1] (1.14ns)   --->   "%add_ln146_1 = add i64 %zext_ln146, i64 %jtj_out_read" [cpp/semgraph_slam/hls/registration_kernel_draft.cpp:146]   --->   Operation 77 'add' 'add_ln146_1' <Predicate = (!icmp_ln141 & !icmp_ln145)> <Delay = 1.14> <CoreInst = "Adder">   --->   Core 1 'Adder' <Latency = 0> <II = 1> <Delay = 1.14> <FuncUnit> <Opcode : 'add' 'sub'> <InPorts = 2> <OutPorts = 1>
ST_2 : Operation 78 [1/1] (0.00ns)   --->   "%trunc_ln8 = partselect i61 @_ssdm_op_PartSelect.i61.i64.i32.i32, i64 %add_ln146_1, i32 3, i32 63" [cpp/semgraph_slam/hls/registration_kernel_draft.cpp:146]   --->   Operation 78 'partselect' 'trunc_ln8' <Predicate = (!icmp_ln141 & !icmp_ln145)> <Delay = 0.00>

State 3 <SV = 2> <Delay = 2.92>
ST_3 : Operation 79 [1/1] (0.00ns)   --->   "%bitcast_ln144 = bitcast i64 %val" [cpp/semgraph_slam/hls/registration_kernel_draft.cpp:144]   --->   Operation 79 'bitcast' 'bitcast_ln144' <Predicate = true> <Delay = 0.00>
ST_3 : Operation 80 [1/1] (2.92ns)   --->   "%write_ln144 = write void @_ssdm_op_Write.m_axi.i64P1A, i64 %gmem3_addr, i64 %bitcast_ln144, i8 255" [cpp/semgraph_slam/hls/registration_kernel_draft.cpp:144]   --->   Operation 80 'write' 'write_ln144' <Predicate = true> <Delay = 2.92> <CoreInst = "m_axi">   --->   Core 119 'm_axi' <Latency = 0> <II = 1> <Delay = 1.00> <Adapter> <Opcode : 'read' 'write' 'readreq' 'writereq' 'writeresp'>
ST_3 : Operation 81 [1/1] (0.00ns)   --->   "%sext_ln146 = sext i61 %trunc_ln8" [cpp/semgraph_slam/hls/registration_kernel_draft.cpp:146]   --->   Operation 81 'sext' 'sext_ln146' <Predicate = (!icmp_ln145)> <Delay = 0.00>
ST_3 : Operation 82 [1/1] (0.00ns)   --->   "%gmem3_addr_1 = getelementptr i64 %gmem3, i64 %sext_ln146" [cpp/semgraph_slam/hls/registration_kernel_draft.cpp:146]   --->   Operation 82 'getelementptr' 'gmem3_addr_1' <Predicate = (!icmp_ln145)> <Delay = 0.00>
ST_3 : Operation 83 [1/1] (2.92ns)   --->   "%gmem3_addr_2_req = writereq i1 @_ssdm_op_WriteReq.m_axi.i64P1A, i64 %gmem3_addr_1, i64 1" [cpp/semgraph_slam/hls/registration_kernel_draft.cpp:146]   --->   Operation 83 'writereq' 'gmem3_addr_2_req' <Predicate = (!icmp_ln145)> <Delay = 2.92> <CoreInst = "m_axi">   --->   Core 119 'm_axi' <Latency = 0> <II = 1> <Delay = 1.00> <Adapter> <Opcode : 'read' 'write' 'readreq' 'writereq' 'writeresp'>

State 4 <SV = 3> <Delay = 2.92>
ST_4 : Operation 84 [5/5] (2.92ns)   --->   "%gmem3_addr_1_resp = writeresp i1 @_ssdm_op_WriteResp.m_axi.i64P1A, i64 %gmem3_addr" [cpp/semgraph_slam/hls/registration_kernel_draft.cpp:144]   --->   Operation 84 'writeresp' 'gmem3_addr_1_resp' <Predicate = true> <Delay = 2.92> <CoreInst = "m_axi">   --->   Core 119 'm_axi' <Latency = 0> <II = 1> <Delay = 1.00> <Adapter> <Opcode : 'read' 'write' 'readreq' 'writereq' 'writeresp'>
ST_4 : Operation 85 [1/1] (2.92ns)   --->   "%write_ln146 = write void @_ssdm_op_Write.m_axi.i64P1A, i64 %gmem3_addr_1, i64 %bitcast_ln144, i8 255" [cpp/semgraph_slam/hls/registration_kernel_draft.cpp:146]   --->   Operation 85 'write' 'write_ln146' <Predicate = (!icmp_ln145)> <Delay = 2.92> <CoreInst = "m_axi">   --->   Core 119 'm_axi' <Latency = 0> <II = 1> <Delay = 1.00> <Adapter> <Opcode : 'read' 'write' 'readreq' 'writereq' 'writeresp'>

State 5 <SV = 4> <Delay = 2.92>
ST_5 : Operation 86 [4/5] (2.92ns)   --->   "%gmem3_addr_1_resp = writeresp i1 @_ssdm_op_WriteResp.m_axi.i64P1A, i64 %gmem3_addr" [cpp/semgraph_slam/hls/registration_kernel_draft.cpp:144]   --->   Operation 86 'writeresp' 'gmem3_addr_1_resp' <Predicate = true> <Delay = 2.92> <CoreInst = "m_axi">   --->   Core 119 'm_axi' <Latency = 0> <II = 1> <Delay = 1.00> <Adapter> <Opcode : 'read' 'write' 'readreq' 'writereq' 'writeresp'>
ST_5 : Operation 87 [5/5] (2.92ns)   --->   "%gmem3_addr_2_resp = writeresp i1 @_ssdm_op_WriteResp.m_axi.i64P1A, i64 %gmem3_addr_1" [cpp/semgraph_slam/hls/registration_kernel_draft.cpp:146]   --->   Operation 87 'writeresp' 'gmem3_addr_2_resp' <Predicate = (!icmp_ln145)> <Delay = 2.92> <CoreInst = "m_axi">   --->   Core 119 'm_axi' <Latency = 0> <II = 1> <Delay = 1.00> <Adapter> <Opcode : 'read' 'write' 'readreq' 'writereq' 'writeresp'>

State 6 <SV = 5> <Delay = 2.92>
ST_6 : Operation 88 [3/5] (2.92ns)   --->   "%gmem3_addr_1_resp = writeresp i1 @_ssdm_op_WriteResp.m_axi.i64P1A, i64 %gmem3_addr" [cpp/semgraph_slam/hls/registration_kernel_draft.cpp:144]   --->   Operation 88 'writeresp' 'gmem3_addr_1_resp' <Predicate = true> <Delay = 2.92> <CoreInst = "m_axi">   --->   Core 119 'm_axi' <Latency = 0> <II = 1> <Delay = 1.00> <Adapter> <Opcode : 'read' 'write' 'readreq' 'writereq' 'writeresp'>
ST_6 : Operation 89 [4/5] (2.92ns)   --->   "%gmem3_addr_2_resp = writeresp i1 @_ssdm_op_WriteResp.m_axi.i64P1A, i64 %gmem3_addr_1" [cpp/semgraph_slam/hls/registration_kernel_draft.cpp:146]   --->   Operation 89 'writeresp' 'gmem3_addr_2_resp' <Predicate = (!icmp_ln145)> <Delay = 2.92> <CoreInst = "m_axi">   --->   Core 119 'm_axi' <Latency = 0> <II = 1> <Delay = 1.00> <Adapter> <Opcode : 'read' 'write' 'readreq' 'writereq' 'writeresp'>

State 7 <SV = 6> <Delay = 2.92>
ST_7 : Operation 90 [2/5] (2.92ns)   --->   "%gmem3_addr_1_resp = writeresp i1 @_ssdm_op_WriteResp.m_axi.i64P1A, i64 %gmem3_addr" [cpp/semgraph_slam/hls/registration_kernel_draft.cpp:144]   --->   Operation 90 'writeresp' 'gmem3_addr_1_resp' <Predicate = true> <Delay = 2.92> <CoreInst = "m_axi">   --->   Core 119 'm_axi' <Latency = 0> <II = 1> <Delay = 1.00> <Adapter> <Opcode : 'read' 'write' 'readreq' 'writereq' 'writeresp'>
ST_7 : Operation 91 [3/5] (2.92ns)   --->   "%gmem3_addr_2_resp = writeresp i1 @_ssdm_op_WriteResp.m_axi.i64P1A, i64 %gmem3_addr_1" [cpp/semgraph_slam/hls/registration_kernel_draft.cpp:146]   --->   Operation 91 'writeresp' 'gmem3_addr_2_resp' <Predicate = (!icmp_ln145)> <Delay = 2.92> <CoreInst = "m_axi">   --->   Core 119 'm_axi' <Latency = 0> <II = 1> <Delay = 1.00> <Adapter> <Opcode : 'read' 'write' 'readreq' 'writereq' 'writeresp'>
ST_7 : Operation 99 [1/1] (0.38ns)   --->   "%ret_ln0 = ret"   --->   Operation 99 'ret' 'ret_ln0' <Predicate = (icmp_ln141)> <Delay = 0.38>

State 8 <SV = 7> <Delay = 2.92>
ST_8 : Operation 92 [1/1] (0.00ns)   --->   "%specpipeline_ln142 = specpipeline void @_ssdm_op_SpecPipeline, i32 1, i32 0, i32 0, i32 0, void @empty_0" [cpp/semgraph_slam/hls/registration_kernel_draft.cpp:142]   --->   Operation 92 'specpipeline' 'specpipeline_ln142' <Predicate = true> <Delay = 0.00>
ST_8 : Operation 93 [1/1] (0.00ns)   --->   "%speclooptripcount_ln139 = speclooptripcount void @_ssdm_op_SpecLoopTripCount, i64 1, i64 6, i64 3" [cpp/semgraph_slam/hls/registration_kernel_draft.cpp:139]   --->   Operation 93 'speclooptripcount' 'speclooptripcount_ln139' <Predicate = true> <Delay = 0.00>
ST_8 : Operation 94 [1/1] (0.00ns)   --->   "%specloopname_ln141 = specloopname void @_ssdm_op_SpecLoopName, void @empty_23" [cpp/semgraph_slam/hls/registration_kernel_draft.cpp:141]   --->   Operation 94 'specloopname' 'specloopname_ln141' <Predicate = true> <Delay = 0.00>
ST_8 : Operation 95 [1/5] (2.92ns)   --->   "%gmem3_addr_1_resp = writeresp i1 @_ssdm_op_WriteResp.m_axi.i64P1A, i64 %gmem3_addr" [cpp/semgraph_slam/hls/registration_kernel_draft.cpp:144]   --->   Operation 95 'writeresp' 'gmem3_addr_1_resp' <Predicate = true> <Delay = 2.92> <CoreInst = "m_axi">   --->   Core 119 'm_axi' <Latency = 0> <II = 1> <Delay = 1.00> <Adapter> <Opcode : 'read' 'write' 'readreq' 'writereq' 'writeresp'>
ST_8 : Operation 96 [2/5] (2.92ns)   --->   "%gmem3_addr_2_resp = writeresp i1 @_ssdm_op_WriteResp.m_axi.i64P1A, i64 %gmem3_addr_1" [cpp/semgraph_slam/hls/registration_kernel_draft.cpp:146]   --->   Operation 96 'writeresp' 'gmem3_addr_2_resp' <Predicate = (!icmp_ln145)> <Delay = 2.92> <CoreInst = "m_axi">   --->   Core 119 'm_axi' <Latency = 0> <II = 1> <Delay = 1.00> <Adapter> <Opcode : 'read' 'write' 'readreq' 'writereq' 'writeresp'>

State 9 <SV = 8> <Delay = 2.92>
ST_9 : Operation 97 [1/5] (2.92ns)   --->   "%gmem3_addr_2_resp = writeresp i1 @_ssdm_op_WriteResp.m_axi.i64P1A, i64 %gmem3_addr_1" [cpp/semgraph_slam/hls/registration_kernel_draft.cpp:146]   --->   Operation 97 'writeresp' 'gmem3_addr_2_resp' <Predicate = (!icmp_ln145)> <Delay = 2.92> <CoreInst = "m_axi">   --->   Core 119 'm_axi' <Latency = 0> <II = 1> <Delay = 1.00> <Adapter> <Opcode : 'read' 'write' 'readreq' 'writereq' 'writeresp'>
ST_9 : Operation 98 [1/1] (0.00ns)   --->   "%br_ln147 = br void %for.inc192" [cpp/semgraph_slam/hls/registration_kernel_draft.cpp:147]   --->   Operation 98 'br' 'br_ln147' <Predicate = (!icmp_ln145)> <Delay = 0.00>


============================================================
+ Verbose Summary: Timing violations
============================================================
Target clock period: 4.000ns, clock uncertainty: 1.080ns.

 <State 1>: 2.241ns
The critical path consists of the following:
	'store' operation 0 bit ('store_ln141', cpp/semgraph_slam/hls/registration_kernel_draft.cpp:141) of variable 'zext_ln140_1_cast' on local variable 'c', cpp/semgraph_slam/hls/registration_kernel_draft.cpp:141 [61]  (0.387 ns)
	'load' operation 4 bit ('c', cpp/semgraph_slam/hls/registration_kernel_draft.cpp:141) on local variable 'c', cpp/semgraph_slam/hls/registration_kernel_draft.cpp:141 [64]  (0.000 ns)
	'add' operation 6 bit ('add_ln144', cpp/semgraph_slam/hls/registration_kernel_draft.cpp:144) [77]  (0.707 ns)
	'add' operation 64 bit ('add_ln144_1', cpp/semgraph_slam/hls/registration_kernel_draft.cpp:144) [80]  (1.147 ns)

 <State 2>: 2.920ns
The critical path consists of the following:
	'getelementptr' operation 64 bit ('gmem3_addr', cpp/semgraph_slam/hls/registration_kernel_draft.cpp:144) [84]  (0.000 ns)
	bus request operation ('gmem3_addr_1_req', cpp/semgraph_slam/hls/registration_kernel_draft.cpp:144) on port 'gmem3' (cpp/semgraph_slam/hls/registration_kernel_draft.cpp:144) [85]  (2.920 ns)

 <State 3>: 2.920ns
The critical path consists of the following:
	'getelementptr' operation 64 bit ('gmem3_addr_1', cpp/semgraph_slam/hls/registration_kernel_draft.cpp:146) [101]  (0.000 ns)
	bus request operation ('gmem3_addr_2_req', cpp/semgraph_slam/hls/registration_kernel_draft.cpp:146) on port 'gmem3' (cpp/semgraph_slam/hls/registration_kernel_draft.cpp:146) [102]  (2.920 ns)

 <State 4>: 2.920ns
The critical path consists of the following:
	bus write operation ('write_ln146', cpp/semgraph_slam/hls/registration_kernel_draft.cpp:146) on port 'gmem3' (cpp/semgraph_slam/hls/registration_kernel_draft.cpp:146) [103]  (2.920 ns)

 <State 5>: 2.920ns
The critical path consists of the following:
	bus response operation ('gmem3_addr_2_resp', cpp/semgraph_slam/hls/registration_kernel_draft.cpp:146) on port 'gmem3' (cpp/semgraph_slam/hls/registration_kernel_draft.cpp:146) [104]  (2.920 ns)

 <State 6>: 2.920ns
The critical path consists of the following:
	bus response operation ('gmem3_addr_2_resp', cpp/semgraph_slam/hls/registration_kernel_draft.cpp:146) on port 'gmem3' (cpp/semgraph_slam/hls/registration_kernel_draft.cpp:146) [104]  (2.920 ns)

 <State 7>: 2.920ns
The critical path consists of the following:
	bus response operation ('gmem3_addr_2_resp', cpp/semgraph_slam/hls/registration_kernel_draft.cpp:146) on port 'gmem3' (cpp/semgraph_slam/hls/registration_kernel_draft.cpp:146) [104]  (2.920 ns)

 <State 8>: 2.920ns
The critical path consists of the following:
	bus response operation ('gmem3_addr_2_resp', cpp/semgraph_slam/hls/registration_kernel_draft.cpp:146) on port 'gmem3' (cpp/semgraph_slam/hls/registration_kernel_draft.cpp:146) [104]  (2.920 ns)

 <State 9>: 2.920ns
The critical path consists of the following:
	bus response operation ('gmem3_addr_2_resp', cpp/semgraph_slam/hls/registration_kernel_draft.cpp:146) on port 'gmem3' (cpp/semgraph_slam/hls/registration_kernel_draft.cpp:146) [104]  (2.920 ns)


============================================================
+ Verbose Summary: Binding
============================================================
N/A
* FSMD analyzer results:
  - Output states:
 - Input state : 
  - Chain level:
	State 1
	State 2
	State 3
	State 4
	State 5
	State 6
	State 7
	State 8
	State 9


============================================================
+ Verbose Summary: Datapath Resource usage 
============================================================
N/A
