

================================================================
== Vitis HLS Report for 'registration_accumulate_kernel'
================================================================
* Date:           Wed Apr 15 02:32:39 2026

* Version:        2024.1 (Build 5069499 on May 21 2024)
* Project:        registration_hls
* Solution:       solution1 (Vivado IP Flow Target)
* Product family: virtexuplus
* Target device:  xcvu9p-flgb2104-2-i


================================================================
== Performance Estimates
================================================================
+ Timing: 
    * Summary: 
    +--------+---------+----------+------------+
    |  Clock |  Target | Estimated| Uncertainty|
    +--------+---------+----------+------------+
    |ap_clk  |  4.00 ns|  3.207 ns|     1.08 ns|
    +--------+---------+----------+------------+

+ Latency: 
    * Summary: 
    +---------+---------+----------+----------+-----+-------+---------+
    |  Latency (cycles) |  Latency (absolute) |   Interval  | Pipeline|
    |   min   |   max   |    min   |    max   | min |  max  |   Type  |
    +---------+---------+----------+----------+-----+-------+---------+
    |      182|    98540|  0.728 us|  0.394 ms|  183|  98541|       no|
    +---------+---------+----------+----------+-----+-------+---------+

    + Detail: 
        * Instance: 
        N/A

        * Loop: 
        +--------------------+---------+---------+----------+-----------+-----------+------+----------+
        |                    |  Latency (cycles) | Iteration|  Initiation Interval  | Trip |          |
        |      Loop Name     |   min   |   max   |  Latency |  achieved |   target  | Count| Pipelined|
        +--------------------+---------+---------+----------+-----------+-----------+------+----------+
        |- VITIS_LOOP_140_9  |       78|      138|   13 ~ 23|          -|          -|     6|        no|
        +--------------------+---------+---------+----------+-----------+-----------+------+----------+

============================================================
+ Verbose Summary: Synthesis Manager
============================================================
InlineROM: 1
ExposeGlobal: 0
============================================================
+ Verbose Summary: CDFG Model
============================================================
IsTopModel: 1
ResetActiveHigh: 1
IsCombinational: 0
IsDatapathOnly: 0
HasWiredReturn: 1
HasMFsm: 0
HasVarLatency: 1
IsPipeline: 0
IsRtlPipelined: 0
IsInstanceOverlapped: 0
IsDontTouch: 0
HasImplIP: 0
IsGatedGlobalClock: 0


============================================================
+ Verbose Summary: Schedule
============================================================
* Number of FSM states : 24
* Pipeline : 0
* Dataflow Pipeline: 0

* FSM state transitions: 
1 --> 2 
2 --> 3 
3 --> 4 
4 --> 5 
5 --> 6 
6 --> 7 
7 --> 8 
8 --> 9 
9 --> 10 
10 --> 11 
11 --> 12 
12 --> 13 
13 --> 14 
14 --> 15 17 
15 --> 16 
16 --> 14 
17 --> 18 
18 --> 19 
19 --> 20 
20 --> 21 
21 --> 22 
22 --> 23 
23 --> 24 
24 --> 

* FSM state operations: 

State 1 <SV = 0> <Delay = 1.00>
ST_1 : Operation 25 [1/1] (0.00ns)   --->   "%read_idx = alloca i32 1" [cpp/semgraph_slam/hls/registration_kernel_draft.cpp:139]   --->   Operation 25 'alloca' 'read_idx' <Predicate = true> <Delay = 0.00>
ST_1 : Operation 26 [1/1] (0.00ns)   --->   "%r = alloca i32 1" [cpp/semgraph_slam/hls/registration_kernel_draft.cpp:140]   --->   Operation 26 'alloca' 'r' <Predicate = true> <Delay = 0.00>
ST_1 : Operation 27 [1/1] (0.00ns)   --->   "%indvars_iv165 = alloca i32 1"   --->   Operation 27 'alloca' 'indvars_iv165' <Predicate = true> <Delay = 0.00>
ST_1 : Operation 28 [1/1] (1.00ns)   --->   "%dropped_count_read = read i64 @_ssdm_op_Read.s_axilite.i64, i64 %dropped_count"   --->   Operation 28 'read' 'dropped_count_read' <Predicate = true> <Delay = 1.00> <CoreInst = "s_axilite">   --->   Core 120 's_axilite' <Latency = 0> <II = 1> <Delay = 1.00> <Adapter> <Opcode : 'read' 'write'>
ST_1 : Operation 29 [1/1] (1.00ns)   --->   "%used_count_read = read i64 @_ssdm_op_Read.s_axilite.i64, i64 %used_count"   --->   Operation 29 'read' 'used_count_read' <Predicate = true> <Delay = 1.00> <CoreInst = "s_axilite">   --->   Core 120 's_axilite' <Latency = 0> <II = 1> <Delay = 1.00> <Adapter> <Opcode : 'read' 'write'>
ST_1 : Operation 30 [1/1] (1.00ns)   --->   "%jtr_out_read = read i64 @_ssdm_op_Read.s_axilite.i64, i64 %jtr_out"   --->   Operation 30 'read' 'jtr_out_read' <Predicate = true> <Delay = 1.00> <CoreInst = "s_axilite">   --->   Core 120 's_axilite' <Latency = 0> <II = 1> <Delay = 1.00> <Adapter> <Opcode : 'read' 'write'>
ST_1 : Operation 31 [1/1] (1.00ns)   --->   "%jtj_out_read = read i64 @_ssdm_op_Read.s_axilite.i64, i64 %jtj_out"   --->   Operation 31 'read' 'jtj_out_read' <Predicate = true> <Delay = 1.00> <CoreInst = "s_axilite">   --->   Core 120 's_axilite' <Latency = 0> <II = 1> <Delay = 1.00> <Adapter> <Opcode : 'read' 'write'>
ST_1 : Operation 32 [1/1] (1.00ns)   --->   "%kernel_read = read i32 @_ssdm_op_Read.s_axilite.float, i32 %kernel"   --->   Operation 32 'read' 'kernel_read' <Predicate = true> <Delay = 1.00> <CoreInst = "s_axilite">   --->   Core 120 's_axilite' <Latency = 0> <II = 1> <Delay = 1.00> <Adapter> <Opcode : 'read' 'write'>
ST_1 : Operation 33 [1/1] (1.00ns)   --->   "%correspondence_count_read = read i32 @_ssdm_op_Read.s_axilite.i32, i32 %correspondence_count"   --->   Operation 33 'read' 'correspondence_count_read' <Predicate = true> <Delay = 1.00> <CoreInst = "s_axilite">   --->   Core 120 's_axilite' <Latency = 0> <II = 1> <Delay = 1.00> <Adapter> <Opcode : 'read' 'write'>
ST_1 : Operation 34 [1/1] (1.00ns)   --->   "%labels_read = read i64 @_ssdm_op_Read.s_axilite.i64, i64 %labels"   --->   Operation 34 'read' 'labels_read' <Predicate = true> <Delay = 1.00> <CoreInst = "s_axilite">   --->   Core 120 's_axilite' <Latency = 0> <II = 1> <Delay = 1.00> <Adapter> <Opcode : 'read' 'write'>
ST_1 : Operation 35 [1/1] (1.00ns)   --->   "%tgt_xyz_read = read i64 @_ssdm_op_Read.s_axilite.i64, i64 %tgt_xyz"   --->   Operation 35 'read' 'tgt_xyz_read' <Predicate = true> <Delay = 1.00> <CoreInst = "s_axilite">   --->   Core 120 's_axilite' <Latency = 0> <II = 1> <Delay = 1.00> <Adapter> <Opcode : 'read' 'write'>
ST_1 : Operation 36 [1/1] (1.00ns)   --->   "%src_xyz_read = read i64 @_ssdm_op_Read.s_axilite.i64, i64 %src_xyz"   --->   Operation 36 'read' 'src_xyz_read' <Predicate = true> <Delay = 1.00> <CoreInst = "s_axilite">   --->   Core 120 's_axilite' <Latency = 0> <II = 1> <Delay = 1.00> <Adapter> <Opcode : 'read' 'write'>
ST_1 : Operation 37 [1/1] (0.00ns)   --->   "%p_loc68 = alloca i64 1"   --->   Operation 37 'alloca' 'p_loc68' <Predicate = true> <Delay = 0.00>
ST_1 : Operation 38 [1/1] (0.00ns)   --->   "%p_loc67 = alloca i64 1"   --->   Operation 38 'alloca' 'p_loc67' <Predicate = true> <Delay = 0.00>
ST_1 : Operation 39 [1/1] (0.00ns)   --->   "%p_loc66 = alloca i64 1"   --->   Operation 39 'alloca' 'p_loc66' <Predicate = true> <Delay = 0.00>
ST_1 : Operation 40 [1/1] (0.00ns)   --->   "%p_loc65 = alloca i64 1"   --->   Operation 40 'alloca' 'p_loc65' <Predicate = true> <Delay = 0.00>
ST_1 : Operation 41 [1/1] (0.00ns)   --->   "%p_loc64 = alloca i64 1"   --->   Operation 41 'alloca' 'p_loc64' <Predicate = true> <Delay = 0.00>
ST_1 : Operation 42 [1/1] (0.00ns)   --->   "%p_loc63 = alloca i64 1"   --->   Operation 42 'alloca' 'p_loc63' <Predicate = true> <Delay = 0.00>
ST_1 : Operation 43 [1/1] (0.00ns)   --->   "%p_loc62 = alloca i64 1"   --->   Operation 43 'alloca' 'p_loc62' <Predicate = true> <Delay = 0.00>
ST_1 : Operation 44 [1/1] (0.00ns)   --->   "%p_loc61 = alloca i64 1"   --->   Operation 44 'alloca' 'p_loc61' <Predicate = true> <Delay = 0.00>
ST_1 : Operation 45 [1/1] (0.00ns)   --->   "%p_loc60 = alloca i64 1"   --->   Operation 45 'alloca' 'p_loc60' <Predicate = true> <Delay = 0.00>
ST_1 : Operation 46 [1/1] (0.00ns)   --->   "%p_loc59 = alloca i64 1"   --->   Operation 46 'alloca' 'p_loc59' <Predicate = true> <Delay = 0.00>
ST_1 : Operation 47 [1/1] (0.00ns)   --->   "%p_loc58 = alloca i64 1"   --->   Operation 47 'alloca' 'p_loc58' <Predicate = true> <Delay = 0.00>
ST_1 : Operation 48 [1/1] (0.00ns)   --->   "%p_loc57 = alloca i64 1"   --->   Operation 48 'alloca' 'p_loc57' <Predicate = true> <Delay = 0.00>
ST_1 : Operation 49 [1/1] (0.00ns)   --->   "%p_loc56 = alloca i64 1"   --->   Operation 49 'alloca' 'p_loc56' <Predicate = true> <Delay = 0.00>
ST_1 : Operation 50 [1/1] (0.00ns)   --->   "%p_loc55 = alloca i64 1"   --->   Operation 50 'alloca' 'p_loc55' <Predicate = true> <Delay = 0.00>
ST_1 : Operation 51 [1/1] (0.00ns)   --->   "%p_loc54 = alloca i64 1"   --->   Operation 51 'alloca' 'p_loc54' <Predicate = true> <Delay = 0.00>
ST_1 : Operation 52 [1/1] (0.00ns)   --->   "%p_loc53 = alloca i64 1"   --->   Operation 52 'alloca' 'p_loc53' <Predicate = true> <Delay = 0.00>
ST_1 : Operation 53 [1/1] (0.00ns)   --->   "%p_loc52 = alloca i64 1"   --->   Operation 53 'alloca' 'p_loc52' <Predicate = true> <Delay = 0.00>
ST_1 : Operation 54 [1/1] (0.00ns)   --->   "%p_loc51 = alloca i64 1"   --->   Operation 54 'alloca' 'p_loc51' <Predicate = true> <Delay = 0.00>
ST_1 : Operation 55 [1/1] (0.00ns)   --->   "%p_loc50 = alloca i64 1"   --->   Operation 55 'alloca' 'p_loc50' <Predicate = true> <Delay = 0.00>
ST_1 : Operation 56 [1/1] (0.00ns)   --->   "%p_loc49 = alloca i64 1"   --->   Operation 56 'alloca' 'p_loc49' <Predicate = true> <Delay = 0.00>
ST_1 : Operation 57 [1/1] (0.00ns)   --->   "%p_loc48 = alloca i64 1"   --->   Operation 57 'alloca' 'p_loc48' <Predicate = true> <Delay = 0.00>
ST_1 : Operation 58 [1/1] (0.00ns)   --->   "%p_loc47 = alloca i64 1"   --->   Operation 58 'alloca' 'p_loc47' <Predicate = true> <Delay = 0.00>
ST_1 : Operation 59 [1/1] (0.00ns)   --->   "%p_loc46 = alloca i64 1"   --->   Operation 59 'alloca' 'p_loc46' <Predicate = true> <Delay = 0.00>
ST_1 : Operation 60 [1/1] (0.00ns)   --->   "%p_loc45 = alloca i64 1"   --->   Operation 60 'alloca' 'p_loc45' <Predicate = true> <Delay = 0.00>
ST_1 : Operation 61 [1/1] (0.00ns)   --->   "%p_loc44 = alloca i64 1"   --->   Operation 61 'alloca' 'p_loc44' <Predicate = true> <Delay = 0.00>
ST_1 : Operation 62 [1/1] (0.00ns)   --->   "%p_loc43 = alloca i64 1"   --->   Operation 62 'alloca' 'p_loc43' <Predicate = true> <Delay = 0.00>
ST_1 : Operation 63 [1/1] (0.00ns)   --->   "%p_loc = alloca i64 1"   --->   Operation 63 'alloca' 'p_loc' <Predicate = true> <Delay = 0.00>
ST_1 : Operation 64 [1/1] (0.00ns)   --->   "%trunc_ln26 = trunc i32 %correspondence_count_read" [cpp/semgraph_slam/hls/registration_kernel_draft.cpp:26]   --->   Operation 64 'trunc' 'trunc_ln26' <Predicate = true> <Delay = 0.00>
ST_1 : Operation 65 [1/1] (0.00ns)   --->   "%tmp = bitselect i1 @_ssdm_op_BitSelect.i1.i32.i32, i32 %correspondence_count_read, i32 31" [cpp/semgraph_slam/hls/registration_kernel_draft.cpp:61]   --->   Operation 65 'bitselect' 'tmp' <Predicate = true> <Delay = 0.00>
ST_1 : Operation 66 [1/1] (0.00ns)   --->   "%trunc_ln2 = partselect i62 @_ssdm_op_PartSelect.i62.i64.i32.i32, i64 %used_count_read, i32 2, i32 63" [cpp/semgraph_slam/hls/registration_kernel_draft.cpp:64]   --->   Operation 66 'partselect' 'trunc_ln2' <Predicate = true> <Delay = 0.00>
ST_1 : Operation 67 [1/1] (0.00ns)   --->   "%sext_ln64 = sext i62 %trunc_ln2" [cpp/semgraph_slam/hls/registration_kernel_draft.cpp:64]   --->   Operation 67 'sext' 'sext_ln64' <Predicate = true> <Delay = 0.00>
ST_1 : Operation 68 [1/1] (0.00ns)   --->   "%gmem4_addr = getelementptr i32 %gmem4, i64 %sext_ln64" [cpp/semgraph_slam/hls/registration_kernel_draft.cpp:64]   --->   Operation 68 'getelementptr' 'gmem4_addr' <Predicate = true> <Delay = 0.00>
ST_1 : Operation 69 [1/1] (0.00ns)   --->   "%trunc_ln3 = partselect i62 @_ssdm_op_PartSelect.i62.i64.i32.i32, i64 %dropped_count_read, i32 2, i32 63" [cpp/semgraph_slam/hls/registration_kernel_draft.cpp:65]   --->   Operation 69 'partselect' 'trunc_ln3' <Predicate = true> <Delay = 0.00>
ST_1 : Operation 70 [1/1] (0.00ns)   --->   "%sext_ln65 = sext i62 %trunc_ln3" [cpp/semgraph_slam/hls/registration_kernel_draft.cpp:65]   --->   Operation 70 'sext' 'sext_ln65' <Predicate = true> <Delay = 0.00>
ST_1 : Operation 71 [1/1] (0.00ns)   --->   "%gmem4_addr_1 = getelementptr i32 %gmem4, i64 %sext_ln65" [cpp/semgraph_slam/hls/registration_kernel_draft.cpp:65]   --->   Operation 71 'getelementptr' 'gmem4_addr_1' <Predicate = true> <Delay = 0.00>
ST_1 : Operation 72 [1/1] (0.00ns)   --->   "%trunc_ln4 = partselect i62 @_ssdm_op_PartSelect.i62.i64.i32.i32, i64 %src_xyz_read, i32 2, i32 63" [cpp/semgraph_slam/hls/registration_kernel_draft.cpp:70]   --->   Operation 72 'partselect' 'trunc_ln4' <Predicate = true> <Delay = 0.00>
ST_1 : Operation 73 [1/1] (0.00ns)   --->   "%trunc_ln70_1 = partselect i62 @_ssdm_op_PartSelect.i62.i64.i32.i32, i64 %tgt_xyz_read, i32 2, i32 63" [cpp/semgraph_slam/hls/registration_kernel_draft.cpp:70]   --->   Operation 73 'partselect' 'trunc_ln70_1' <Predicate = true> <Delay = 0.00>
ST_1 : Operation 74 [1/1] (0.00ns)   --->   "%trunc_ln70_2 = partselect i62 @_ssdm_op_PartSelect.i62.i64.i32.i32, i64 %labels_read, i32 2, i32 63" [cpp/semgraph_slam/hls/registration_kernel_draft.cpp:70]   --->   Operation 74 'partselect' 'trunc_ln70_2' <Predicate = true> <Delay = 0.00>
ST_1 : Operation 75 [1/1] (0.38ns)   --->   "%store_ln0 = store i3 6, i3 %indvars_iv165"   --->   Operation 75 'store' 'store_ln0' <Predicate = true> <Delay = 0.38>
ST_1 : Operation 76 [1/1] (0.38ns)   --->   "%store_ln140 = store i3 0, i3 %r" [cpp/semgraph_slam/hls/registration_kernel_draft.cpp:140]   --->   Operation 76 'store' 'store_ln140' <Predicate = true> <Delay = 0.38>
ST_1 : Operation 77 [1/1] (0.38ns)   --->   "%store_ln139 = store i6 0, i6 %read_idx" [cpp/semgraph_slam/hls/registration_kernel_draft.cpp:139]   --->   Operation 77 'store' 'store_ln139' <Predicate = true> <Delay = 0.38>

State 2 <SV = 1> <Delay = 2.92>
ST_2 : Operation 78 [1/1] (0.25ns)   --->   "%requested = select i1 %tmp, i31 0, i31 %trunc_ln26" [cpp/semgraph_slam/hls/registration_kernel_draft.cpp:61]   --->   Operation 78 'select' 'requested' <Predicate = true> <Delay = 0.25> <CoreInst = "Sel">   --->   Core 73 'Sel' <Latency = 0> <II = 1> <Delay = 0.25> <FuncUnit> <Opcode : 'select'> <InPorts = 3> <OutPorts = 1>
ST_2 : Operation 79 [1/1] (0.00ns)   --->   "%trunc_ln61 = trunc i31 %requested" [cpp/semgraph_slam/hls/registration_kernel_draft.cpp:61]   --->   Operation 79 'trunc' 'trunc_ln61' <Predicate = true> <Delay = 0.00>
ST_2 : Operation 80 [1/1] (0.87ns)   --->   "%icmp_ln200 = icmp_ugt  i31 %requested, i31 16384" [/opt/Xilinx/Vitis_HLS/2024.1/tps/lnx64/gcc-8.3.0/lib/gcc/x86_64-pc-linux-gnu/8.3.0/../../../../include/c++/8.3.0/bits/stl_algobase.h:200->cpp/semgraph_slam/hls/registration_kernel_draft.cpp:62]   --->   Operation 80 'icmp' 'icmp_ln200' <Predicate = true> <Delay = 0.87> <CoreInst = "Cmp">   --->   Core 9 'Cmp' <Latency = 0> <II = 1> <Delay = 0.87> <FuncUnit> <Opcode : 'seteq' 'setne' 'setle' 'setge' 'setlt' 'setgt'> <InPorts = 2> <OutPorts = 1>
ST_2 : Operation 81 [1/1] (0.29ns)   --->   "%bounded_count = select i1 %icmp_ln200, i15 16384, i15 %trunc_ln61" [cpp/semgraph_slam/hls/registration_kernel_draft.cpp:62]   --->   Operation 81 'select' 'bounded_count' <Predicate = true> <Delay = 0.29> <CoreInst = "Sel">   --->   Core 73 'Sel' <Latency = 0> <II = 1> <Delay = 0.29> <FuncUnit> <Opcode : 'select'> <InPorts = 3> <OutPorts = 1>
ST_2 : Operation 82 [1/1] (2.92ns)   --->   "%gmem4_addr_req = writereq i1 @_ssdm_op_WriteReq.m_axi.i32P1A, i32 %gmem4_addr, i64 1" [cpp/semgraph_slam/hls/registration_kernel_draft.cpp:64]   --->   Operation 82 'writereq' 'gmem4_addr_req' <Predicate = true> <Delay = 2.92> <CoreInst = "m_axi">   --->   Core 119 'm_axi' <Latency = 0> <II = 1> <Delay = 1.00> <Adapter> <Opcode : 'read' 'write' 'readreq' 'writereq' 'writeresp'>
ST_2 : Operation 83 [1/1] (0.77ns)   --->   "%icmp_ln70 = icmp_ne  i15 %bounded_count, i15 0" [cpp/semgraph_slam/hls/registration_kernel_draft.cpp:70]   --->   Operation 83 'icmp' 'icmp_ln70' <Predicate = true> <Delay = 0.77> <CoreInst = "Cmp">   --->   Core 9 'Cmp' <Latency = 0> <II = 1> <Delay = 0.77> <FuncUnit> <Opcode : 'seteq' 'setne' 'setle' 'setge' 'setlt' 'setgt'> <InPorts = 2> <OutPorts = 1>
ST_2 : Operation 84 [1/1] (0.00ns)   --->   "%zext_ln70 = zext i15 %bounded_count" [cpp/semgraph_slam/hls/registration_kernel_draft.cpp:70]   --->   Operation 84 'zext' 'zext_ln70' <Predicate = true> <Delay = 0.00>
ST_2 : Operation 85 [1/1] (0.00ns)   --->   "%trunc_ln70 = trunc i15 %bounded_count" [cpp/semgraph_slam/hls/registration_kernel_draft.cpp:70]   --->   Operation 85 'trunc' 'trunc_ln70' <Predicate = true> <Delay = 0.00>
ST_2 : Operation 86 [1/1] (0.00ns)   --->   "%p_shl = bitconcatenate i16 @_ssdm_op_BitConcatenate.i16.i14.i2, i14 %trunc_ln70, i2 0" [cpp/semgraph_slam/hls/registration_kernel_draft.cpp:70]   --->   Operation 86 'bitconcatenate' 'p_shl' <Predicate = true> <Delay = 0.00>
ST_2 : Operation 87 [1/1] (0.78ns)   --->   "%sub_ln70_1 = sub i16 %p_shl, i16 %zext_ln70" [cpp/semgraph_slam/hls/registration_kernel_draft.cpp:70]   --->   Operation 87 'sub' 'sub_ln70_1' <Predicate = true> <Delay = 0.78> <CoreInst = "Adder">   --->   Core 1 'Adder' <Latency = 0> <II = 1> <Delay = 0.78> <FuncUnit> <Opcode : 'add' 'sub'> <InPorts = 2> <OutPorts = 1>
ST_2 : Operation 88 [1/1] (0.24ns)   --->   "%empty = select i1 %icmp_ln70, i16 %sub_ln70_1, i16 0" [cpp/semgraph_slam/hls/registration_kernel_draft.cpp:70]   --->   Operation 88 'select' 'empty' <Predicate = true> <Delay = 0.24> <CoreInst = "Sel">   --->   Core 73 'Sel' <Latency = 0> <II = 1> <Delay = 0.24> <FuncUnit> <Opcode : 'select'> <InPorts = 3> <OutPorts = 1>

State 3 <SV = 2> <Delay = 2.92>
ST_3 : Operation 89 [1/1] (0.00ns)   --->   "%zext_ln61 = zext i31 %requested" [cpp/semgraph_slam/hls/registration_kernel_draft.cpp:61]   --->   Operation 89 'zext' 'zext_ln61' <Predicate = true> <Delay = 0.00>
ST_3 : Operation 90 [1/1] (0.00ns)   --->   "%zext_ln62 = zext i15 %bounded_count" [cpp/semgraph_slam/hls/registration_kernel_draft.cpp:62]   --->   Operation 90 'zext' 'zext_ln62' <Predicate = true> <Delay = 0.00>
ST_3 : Operation 91 [1/1] (2.92ns)   --->   "%write_ln64 = write void @_ssdm_op_Write.m_axi.i32P1A, i32 %gmem4_addr, i32 %zext_ln62, i4 15" [cpp/semgraph_slam/hls/registration_kernel_draft.cpp:64]   --->   Operation 91 'write' 'write_ln64' <Predicate = true> <Delay = 2.92> <CoreInst = "m_axi">   --->   Core 119 'm_axi' <Latency = 0> <II = 1> <Delay = 1.00> <Adapter> <Opcode : 'read' 'write' 'readreq' 'writereq' 'writeresp'>
ST_3 : Operation 92 [1/1] (0.87ns)   --->   "%sub_ln65 = sub i32 %zext_ln61, i32 %zext_ln62" [cpp/semgraph_slam/hls/registration_kernel_draft.cpp:65]   --->   Operation 92 'sub' 'sub_ln65' <Predicate = true> <Delay = 0.87> <CoreInst = "Adder">   --->   Core 1 'Adder' <Latency = 0> <II = 1> <Delay = 0.87> <FuncUnit> <Opcode : 'add' 'sub'> <InPorts = 2> <OutPorts = 1>
ST_3 : Operation 93 [1/1] (0.00ns)   --->   "%sext_ln70 = sext i62 %trunc_ln4" [cpp/semgraph_slam/hls/registration_kernel_draft.cpp:70]   --->   Operation 93 'sext' 'sext_ln70' <Predicate = true> <Delay = 0.00>
ST_3 : Operation 94 [1/1] (0.00ns)   --->   "%gmem0_addr = getelementptr i32 %gmem0, i64 %sext_ln70" [cpp/semgraph_slam/hls/registration_kernel_draft.cpp:70]   --->   Operation 94 'getelementptr' 'gmem0_addr' <Predicate = true> <Delay = 0.00>
ST_3 : Operation 95 [1/1] (0.00ns)   --->   "%zext_ln70_1 = zext i16 %empty" [cpp/semgraph_slam/hls/registration_kernel_draft.cpp:70]   --->   Operation 95 'zext' 'zext_ln70_1' <Predicate = true> <Delay = 0.00>
ST_3 : Operation 96 [8/8] (2.92ns)   --->   "%empty_57 = readreq i1 @_ssdm_op_ReadReq.m_axi.p1i32, i32 %gmem0_addr, i64 %zext_ln70_1" [cpp/semgraph_slam/hls/registration_kernel_draft.cpp:70]   --->   Operation 96 'readreq' 'empty_57' <Predicate = true> <Delay = 2.92> <CoreInst = "m_axi">   --->   Core 119 'm_axi' <Latency = 0> <II = 1> <Delay = 1.00> <Adapter> <Opcode : 'read' 'write' 'readreq' 'writereq' 'writeresp'>
ST_3 : Operation 97 [1/1] (0.00ns)   --->   "%sext_ln70_1 = sext i62 %trunc_ln70_1" [cpp/semgraph_slam/hls/registration_kernel_draft.cpp:70]   --->   Operation 97 'sext' 'sext_ln70_1' <Predicate = true> <Delay = 0.00>
ST_3 : Operation 98 [1/1] (0.00ns)   --->   "%gmem1_addr = getelementptr i32 %gmem1, i64 %sext_ln70_1" [cpp/semgraph_slam/hls/registration_kernel_draft.cpp:70]   --->   Operation 98 'getelementptr' 'gmem1_addr' <Predicate = true> <Delay = 0.00>
ST_3 : Operation 99 [8/8] (2.92ns)   --->   "%empty_58 = readreq i1 @_ssdm_op_ReadReq.m_axi.p1i32, i32 %gmem1_addr, i64 %zext_ln70_1" [cpp/semgraph_slam/hls/registration_kernel_draft.cpp:70]   --->   Operation 99 'readreq' 'empty_58' <Predicate = true> <Delay = 2.92> <CoreInst = "m_axi">   --->   Core 119 'm_axi' <Latency = 0> <II = 1> <Delay = 1.00> <Adapter> <Opcode : 'read' 'write' 'readreq' 'writereq' 'writeresp'>
ST_3 : Operation 100 [1/1] (0.00ns)   --->   "%sext_ln70_2 = sext i62 %trunc_ln70_2" [cpp/semgraph_slam/hls/registration_kernel_draft.cpp:70]   --->   Operation 100 'sext' 'sext_ln70_2' <Predicate = true> <Delay = 0.00>
ST_3 : Operation 101 [1/1] (0.00ns)   --->   "%gmem2_addr = getelementptr i32 %gmem2, i64 %sext_ln70_2" [cpp/semgraph_slam/hls/registration_kernel_draft.cpp:70]   --->   Operation 101 'getelementptr' 'gmem2_addr' <Predicate = true> <Delay = 0.00>
ST_3 : Operation 102 [1/1] (0.00ns)   --->   "%zext_ln70_2 = zext i15 %bounded_count" [cpp/semgraph_slam/hls/registration_kernel_draft.cpp:70]   --->   Operation 102 'zext' 'zext_ln70_2' <Predicate = true> <Delay = 0.00>
ST_3 : Operation 103 [8/8] (2.92ns)   --->   "%empty_59 = readreq i1 @_ssdm_op_ReadReq.m_axi.p1i32, i32 %gmem2_addr, i64 %zext_ln70_2" [cpp/semgraph_slam/hls/registration_kernel_draft.cpp:70]   --->   Operation 103 'readreq' 'empty_59' <Predicate = true> <Delay = 2.92> <CoreInst = "m_axi">   --->   Core 119 'm_axi' <Latency = 0> <II = 1> <Delay = 1.00> <Adapter> <Opcode : 'read' 'write' 'readreq' 'writereq' 'writeresp'>

State 4 <SV = 3> <Delay = 2.92>
ST_4 : Operation 104 [5/5] (2.92ns)   --->   "%gmem4_addr_resp = writeresp i1 @_ssdm_op_WriteResp.m_axi.i32P1A, i32 %gmem4_addr" [cpp/semgraph_slam/hls/registration_kernel_draft.cpp:64]   --->   Operation 104 'writeresp' 'gmem4_addr_resp' <Predicate = true> <Delay = 2.92> <CoreInst = "m_axi">   --->   Core 119 'm_axi' <Latency = 0> <II = 1> <Delay = 1.00> <Adapter> <Opcode : 'read' 'write' 'readreq' 'writereq' 'writeresp'>
ST_4 : Operation 105 [1/1] (2.92ns)   --->   "%gmem4_addr_1_req = writereq i1 @_ssdm_op_WriteReq.m_axi.i32P1A, i32 %gmem4_addr_1, i64 1" [cpp/semgraph_slam/hls/registration_kernel_draft.cpp:65]   --->   Operation 105 'writereq' 'gmem4_addr_1_req' <Predicate = true> <Delay = 2.92> <CoreInst = "m_axi">   --->   Core 119 'm_axi' <Latency = 0> <II = 1> <Delay = 1.00> <Adapter> <Opcode : 'read' 'write' 'readreq' 'writereq' 'writeresp'>
ST_4 : Operation 106 [7/8] (2.92ns)   --->   "%empty_57 = readreq i1 @_ssdm_op_ReadReq.m_axi.p1i32, i32 %gmem0_addr, i64 %zext_ln70_1" [cpp/semgraph_slam/hls/registration_kernel_draft.cpp:70]   --->   Operation 106 'readreq' 'empty_57' <Predicate = true> <Delay = 2.92> <CoreInst = "m_axi">   --->   Core 119 'm_axi' <Latency = 0> <II = 1> <Delay = 1.00> <Adapter> <Opcode : 'read' 'write' 'readreq' 'writereq' 'writeresp'>
ST_4 : Operation 107 [7/8] (2.92ns)   --->   "%empty_58 = readreq i1 @_ssdm_op_ReadReq.m_axi.p1i32, i32 %gmem1_addr, i64 %zext_ln70_1" [cpp/semgraph_slam/hls/registration_kernel_draft.cpp:70]   --->   Operation 107 'readreq' 'empty_58' <Predicate = true> <Delay = 2.92> <CoreInst = "m_axi">   --->   Core 119 'm_axi' <Latency = 0> <II = 1> <Delay = 1.00> <Adapter> <Opcode : 'read' 'write' 'readreq' 'writereq' 'writeresp'>
ST_4 : Operation 108 [7/8] (2.92ns)   --->   "%empty_59 = readreq i1 @_ssdm_op_ReadReq.m_axi.p1i32, i32 %gmem2_addr, i64 %zext_ln70_2" [cpp/semgraph_slam/hls/registration_kernel_draft.cpp:70]   --->   Operation 108 'readreq' 'empty_59' <Predicate = true> <Delay = 2.92> <CoreInst = "m_axi">   --->   Core 119 'm_axi' <Latency = 0> <II = 1> <Delay = 1.00> <Adapter> <Opcode : 'read' 'write' 'readreq' 'writereq' 'writeresp'>

State 5 <SV = 4> <Delay = 2.92>
ST_5 : Operation 109 [4/5] (2.92ns)   --->   "%gmem4_addr_resp = writeresp i1 @_ssdm_op_WriteResp.m_axi.i32P1A, i32 %gmem4_addr" [cpp/semgraph_slam/hls/registration_kernel_draft.cpp:64]   --->   Operation 109 'writeresp' 'gmem4_addr_resp' <Predicate = true> <Delay = 2.92> <CoreInst = "m_axi">   --->   Core 119 'm_axi' <Latency = 0> <II = 1> <Delay = 1.00> <Adapter> <Opcode : 'read' 'write' 'readreq' 'writereq' 'writeresp'>
ST_5 : Operation 110 [1/1] (2.92ns)   --->   "%write_ln65 = write void @_ssdm_op_Write.m_axi.i32P1A, i32 %gmem4_addr_1, i32 %sub_ln65, i4 15" [cpp/semgraph_slam/hls/registration_kernel_draft.cpp:65]   --->   Operation 110 'write' 'write_ln65' <Predicate = true> <Delay = 2.92> <CoreInst = "m_axi">   --->   Core 119 'm_axi' <Latency = 0> <II = 1> <Delay = 1.00> <Adapter> <Opcode : 'read' 'write' 'readreq' 'writereq' 'writeresp'>
ST_5 : Operation 111 [6/8] (2.92ns)   --->   "%empty_57 = readreq i1 @_ssdm_op_ReadReq.m_axi.p1i32, i32 %gmem0_addr, i64 %zext_ln70_1" [cpp/semgraph_slam/hls/registration_kernel_draft.cpp:70]   --->   Operation 111 'readreq' 'empty_57' <Predicate = true> <Delay = 2.92> <CoreInst = "m_axi">   --->   Core 119 'm_axi' <Latency = 0> <II = 1> <Delay = 1.00> <Adapter> <Opcode : 'read' 'write' 'readreq' 'writereq' 'writeresp'>
ST_5 : Operation 112 [6/8] (2.92ns)   --->   "%empty_58 = readreq i1 @_ssdm_op_ReadReq.m_axi.p1i32, i32 %gmem1_addr, i64 %zext_ln70_1" [cpp/semgraph_slam/hls/registration_kernel_draft.cpp:70]   --->   Operation 112 'readreq' 'empty_58' <Predicate = true> <Delay = 2.92> <CoreInst = "m_axi">   --->   Core 119 'm_axi' <Latency = 0> <II = 1> <Delay = 1.00> <Adapter> <Opcode : 'read' 'write' 'readreq' 'writereq' 'writeresp'>
ST_5 : Operation 113 [6/8] (2.92ns)   --->   "%empty_59 = readreq i1 @_ssdm_op_ReadReq.m_axi.p1i32, i32 %gmem2_addr, i64 %zext_ln70_2" [cpp/semgraph_slam/hls/registration_kernel_draft.cpp:70]   --->   Operation 113 'readreq' 'empty_59' <Predicate = true> <Delay = 2.92> <CoreInst = "m_axi">   --->   Core 119 'm_axi' <Latency = 0> <II = 1> <Delay = 1.00> <Adapter> <Opcode : 'read' 'write' 'readreq' 'writereq' 'writeresp'>

State 6 <SV = 5> <Delay = 2.92>
ST_6 : Operation 114 [3/5] (2.92ns)   --->   "%gmem4_addr_resp = writeresp i1 @_ssdm_op_WriteResp.m_axi.i32P1A, i32 %gmem4_addr" [cpp/semgraph_slam/hls/registration_kernel_draft.cpp:64]   --->   Operation 114 'writeresp' 'gmem4_addr_resp' <Predicate = true> <Delay = 2.92> <CoreInst = "m_axi">   --->   Core 119 'm_axi' <Latency = 0> <II = 1> <Delay = 1.00> <Adapter> <Opcode : 'read' 'write' 'readreq' 'writereq' 'writeresp'>
ST_6 : Operation 115 [5/5] (2.92ns)   --->   "%gmem4_addr_1_resp = writeresp i1 @_ssdm_op_WriteResp.m_axi.i32P1A, i32 %gmem4_addr_1" [cpp/semgraph_slam/hls/registration_kernel_draft.cpp:65]   --->   Operation 115 'writeresp' 'gmem4_addr_1_resp' <Predicate = true> <Delay = 2.92> <CoreInst = "m_axi">   --->   Core 119 'm_axi' <Latency = 0> <II = 1> <Delay = 1.00> <Adapter> <Opcode : 'read' 'write' 'readreq' 'writereq' 'writeresp'>
ST_6 : Operation 116 [5/8] (2.92ns)   --->   "%empty_57 = readreq i1 @_ssdm_op_ReadReq.m_axi.p1i32, i32 %gmem0_addr, i64 %zext_ln70_1" [cpp/semgraph_slam/hls/registration_kernel_draft.cpp:70]   --->   Operation 116 'readreq' 'empty_57' <Predicate = true> <Delay = 2.92> <CoreInst = "m_axi">   --->   Core 119 'm_axi' <Latency = 0> <II = 1> <Delay = 1.00> <Adapter> <Opcode : 'read' 'write' 'readreq' 'writereq' 'writeresp'>
ST_6 : Operation 117 [5/8] (2.92ns)   --->   "%empty_58 = readreq i1 @_ssdm_op_ReadReq.m_axi.p1i32, i32 %gmem1_addr, i64 %zext_ln70_1" [cpp/semgraph_slam/hls/registration_kernel_draft.cpp:70]   --->   Operation 117 'readreq' 'empty_58' <Predicate = true> <Delay = 2.92> <CoreInst = "m_axi">   --->   Core 119 'm_axi' <Latency = 0> <II = 1> <Delay = 1.00> <Adapter> <Opcode : 'read' 'write' 'readreq' 'writereq' 'writeresp'>
ST_6 : Operation 118 [5/8] (2.92ns)   --->   "%empty_59 = readreq i1 @_ssdm_op_ReadReq.m_axi.p1i32, i32 %gmem2_addr, i64 %zext_ln70_2" [cpp/semgraph_slam/hls/registration_kernel_draft.cpp:70]   --->   Operation 118 'readreq' 'empty_59' <Predicate = true> <Delay = 2.92> <CoreInst = "m_axi">   --->   Core 119 'm_axi' <Latency = 0> <II = 1> <Delay = 1.00> <Adapter> <Opcode : 'read' 'write' 'readreq' 'writereq' 'writeresp'>

State 7 <SV = 6> <Delay = 2.92>
ST_7 : Operation 119 [2/5] (2.92ns)   --->   "%gmem4_addr_resp = writeresp i1 @_ssdm_op_WriteResp.m_axi.i32P1A, i32 %gmem4_addr" [cpp/semgraph_slam/hls/registration_kernel_draft.cpp:64]   --->   Operation 119 'writeresp' 'gmem4_addr_resp' <Predicate = true> <Delay = 2.92> <CoreInst = "m_axi">   --->   Core 119 'm_axi' <Latency = 0> <II = 1> <Delay = 1.00> <Adapter> <Opcode : 'read' 'write' 'readreq' 'writereq' 'writeresp'>
ST_7 : Operation 120 [4/5] (2.92ns)   --->   "%gmem4_addr_1_resp = writeresp i1 @_ssdm_op_WriteResp.m_axi.i32P1A, i32 %gmem4_addr_1" [cpp/semgraph_slam/hls/registration_kernel_draft.cpp:65]   --->   Operation 120 'writeresp' 'gmem4_addr_1_resp' <Predicate = true> <Delay = 2.92> <CoreInst = "m_axi">   --->   Core 119 'm_axi' <Latency = 0> <II = 1> <Delay = 1.00> <Adapter> <Opcode : 'read' 'write' 'readreq' 'writereq' 'writeresp'>
ST_7 : Operation 121 [4/4] (2.32ns)   --->   "%kernel_sq = fmul i32 %kernel_read, i32 %kernel_read" [cpp/semgraph_slam/hls/registration_kernel_draft.cpp:14->cpp/semgraph_slam/hls/registration_kernel_draft.cpp:67]   --->   Operation 121 'fmul' 'kernel_sq' <Predicate = true> <Delay = 2.32> <CoreInst = "FMul_maxdsp">   --->   Core 30 'FMul_maxdsp' <Latency = 3> <II = 1> <Delay = 2.32> <FuncUnit> <Opcode : 'fmul'> <InPorts = 2> <OutPorts = 1>
ST_7 : Operation 122 [4/8] (2.92ns)   --->   "%empty_57 = readreq i1 @_ssdm_op_ReadReq.m_axi.p1i32, i32 %gmem0_addr, i64 %zext_ln70_1" [cpp/semgraph_slam/hls/registration_kernel_draft.cpp:70]   --->   Operation 122 'readreq' 'empty_57' <Predicate = true> <Delay = 2.92> <CoreInst = "m_axi">   --->   Core 119 'm_axi' <Latency = 0> <II = 1> <Delay = 1.00> <Adapter> <Opcode : 'read' 'write' 'readreq' 'writereq' 'writeresp'>
ST_7 : Operation 123 [4/8] (2.92ns)   --->   "%empty_58 = readreq i1 @_ssdm_op_ReadReq.m_axi.p1i32, i32 %gmem1_addr, i64 %zext_ln70_1" [cpp/semgraph_slam/hls/registration_kernel_draft.cpp:70]   --->   Operation 123 'readreq' 'empty_58' <Predicate = true> <Delay = 2.92> <CoreInst = "m_axi">   --->   Core 119 'm_axi' <Latency = 0> <II = 1> <Delay = 1.00> <Adapter> <Opcode : 'read' 'write' 'readreq' 'writereq' 'writeresp'>
ST_7 : Operation 124 [4/8] (2.92ns)   --->   "%empty_59 = readreq i1 @_ssdm_op_ReadReq.m_axi.p1i32, i32 %gmem2_addr, i64 %zext_ln70_2" [cpp/semgraph_slam/hls/registration_kernel_draft.cpp:70]   --->   Operation 124 'readreq' 'empty_59' <Predicate = true> <Delay = 2.92> <CoreInst = "m_axi">   --->   Core 119 'm_axi' <Latency = 0> <II = 1> <Delay = 1.00> <Adapter> <Opcode : 'read' 'write' 'readreq' 'writereq' 'writeresp'>

State 8 <SV = 7> <Delay = 2.92>
ST_8 : Operation 125 [1/5] (2.92ns)   --->   "%gmem4_addr_resp = writeresp i1 @_ssdm_op_WriteResp.m_axi.i32P1A, i32 %gmem4_addr" [cpp/semgraph_slam/hls/registration_kernel_draft.cpp:64]   --->   Operation 125 'writeresp' 'gmem4_addr_resp' <Predicate = true> <Delay = 2.92> <CoreInst = "m_axi">   --->   Core 119 'm_axi' <Latency = 0> <II = 1> <Delay = 1.00> <Adapter> <Opcode : 'read' 'write' 'readreq' 'writereq' 'writeresp'>
ST_8 : Operation 126 [3/5] (2.92ns)   --->   "%gmem4_addr_1_resp = writeresp i1 @_ssdm_op_WriteResp.m_axi.i32P1A, i32 %gmem4_addr_1" [cpp/semgraph_slam/hls/registration_kernel_draft.cpp:65]   --->   Operation 126 'writeresp' 'gmem4_addr_1_resp' <Predicate = true> <Delay = 2.92> <CoreInst = "m_axi">   --->   Core 119 'm_axi' <Latency = 0> <II = 1> <Delay = 1.00> <Adapter> <Opcode : 'read' 'write' 'readreq' 'writereq' 'writeresp'>
ST_8 : Operation 127 [3/4] (2.32ns)   --->   "%kernel_sq = fmul i32 %kernel_read, i32 %kernel_read" [cpp/semgraph_slam/hls/registration_kernel_draft.cpp:14->cpp/semgraph_slam/hls/registration_kernel_draft.cpp:67]   --->   Operation 127 'fmul' 'kernel_sq' <Predicate = true> <Delay = 2.32> <CoreInst = "FMul_maxdsp">   --->   Core 30 'FMul_maxdsp' <Latency = 3> <II = 1> <Delay = 2.32> <FuncUnit> <Opcode : 'fmul'> <InPorts = 2> <OutPorts = 1>
ST_8 : Operation 128 [3/8] (2.92ns)   --->   "%empty_57 = readreq i1 @_ssdm_op_ReadReq.m_axi.p1i32, i32 %gmem0_addr, i64 %zext_ln70_1" [cpp/semgraph_slam/hls/registration_kernel_draft.cpp:70]   --->   Operation 128 'readreq' 'empty_57' <Predicate = true> <Delay = 2.92> <CoreInst = "m_axi">   --->   Core 119 'm_axi' <Latency = 0> <II = 1> <Delay = 1.00> <Adapter> <Opcode : 'read' 'write' 'readreq' 'writereq' 'writeresp'>
ST_8 : Operation 129 [3/8] (2.92ns)   --->   "%empty_58 = readreq i1 @_ssdm_op_ReadReq.m_axi.p1i32, i32 %gmem1_addr, i64 %zext_ln70_1" [cpp/semgraph_slam/hls/registration_kernel_draft.cpp:70]   --->   Operation 129 'readreq' 'empty_58' <Predicate = true> <Delay = 2.92> <CoreInst = "m_axi">   --->   Core 119 'm_axi' <Latency = 0> <II = 1> <Delay = 1.00> <Adapter> <Opcode : 'read' 'write' 'readreq' 'writereq' 'writeresp'>
ST_8 : Operation 130 [3/8] (2.92ns)   --->   "%empty_59 = readreq i1 @_ssdm_op_ReadReq.m_axi.p1i32, i32 %gmem2_addr, i64 %zext_ln70_2" [cpp/semgraph_slam/hls/registration_kernel_draft.cpp:70]   --->   Operation 130 'readreq' 'empty_59' <Predicate = true> <Delay = 2.92> <CoreInst = "m_axi">   --->   Core 119 'm_axi' <Latency = 0> <II = 1> <Delay = 1.00> <Adapter> <Opcode : 'read' 'write' 'readreq' 'writereq' 'writeresp'>

State 9 <SV = 8> <Delay = 2.92>
ST_9 : Operation 131 [2/5] (2.92ns)   --->   "%gmem4_addr_1_resp = writeresp i1 @_ssdm_op_WriteResp.m_axi.i32P1A, i32 %gmem4_addr_1" [cpp/semgraph_slam/hls/registration_kernel_draft.cpp:65]   --->   Operation 131 'writeresp' 'gmem4_addr_1_resp' <Predicate = true> <Delay = 2.92> <CoreInst = "m_axi">   --->   Core 119 'm_axi' <Latency = 0> <II = 1> <Delay = 1.00> <Adapter> <Opcode : 'read' 'write' 'readreq' 'writereq' 'writeresp'>
ST_9 : Operation 132 [2/4] (2.32ns)   --->   "%kernel_sq = fmul i32 %kernel_read, i32 %kernel_read" [cpp/semgraph_slam/hls/registration_kernel_draft.cpp:14->cpp/semgraph_slam/hls/registration_kernel_draft.cpp:67]   --->   Operation 132 'fmul' 'kernel_sq' <Predicate = true> <Delay = 2.32> <CoreInst = "FMul_maxdsp">   --->   Core 30 'FMul_maxdsp' <Latency = 3> <II = 1> <Delay = 2.32> <FuncUnit> <Opcode : 'fmul'> <InPorts = 2> <OutPorts = 1>
ST_9 : Operation 133 [2/8] (2.92ns)   --->   "%empty_57 = readreq i1 @_ssdm_op_ReadReq.m_axi.p1i32, i32 %gmem0_addr, i64 %zext_ln70_1" [cpp/semgraph_slam/hls/registration_kernel_draft.cpp:70]   --->   Operation 133 'readreq' 'empty_57' <Predicate = true> <Delay = 2.92> <CoreInst = "m_axi">   --->   Core 119 'm_axi' <Latency = 0> <II = 1> <Delay = 1.00> <Adapter> <Opcode : 'read' 'write' 'readreq' 'writereq' 'writeresp'>
ST_9 : Operation 134 [2/8] (2.92ns)   --->   "%empty_58 = readreq i1 @_ssdm_op_ReadReq.m_axi.p1i32, i32 %gmem1_addr, i64 %zext_ln70_1" [cpp/semgraph_slam/hls/registration_kernel_draft.cpp:70]   --->   Operation 134 'readreq' 'empty_58' <Predicate = true> <Delay = 2.92> <CoreInst = "m_axi">   --->   Core 119 'm_axi' <Latency = 0> <II = 1> <Delay = 1.00> <Adapter> <Opcode : 'read' 'write' 'readreq' 'writereq' 'writeresp'>
ST_9 : Operation 135 [2/8] (2.92ns)   --->   "%empty_59 = readreq i1 @_ssdm_op_ReadReq.m_axi.p1i32, i32 %gmem2_addr, i64 %zext_ln70_2" [cpp/semgraph_slam/hls/registration_kernel_draft.cpp:70]   --->   Operation 135 'readreq' 'empty_59' <Predicate = true> <Delay = 2.92> <CoreInst = "m_axi">   --->   Core 119 'm_axi' <Latency = 0> <II = 1> <Delay = 1.00> <Adapter> <Opcode : 'read' 'write' 'readreq' 'writereq' 'writeresp'>

State 10 <SV = 9> <Delay = 2.92>
ST_10 : Operation 136 [1/5] (2.92ns)   --->   "%gmem4_addr_1_resp = writeresp i1 @_ssdm_op_WriteResp.m_axi.i32P1A, i32 %gmem4_addr_1" [cpp/semgraph_slam/hls/registration_kernel_draft.cpp:65]   --->   Operation 136 'writeresp' 'gmem4_addr_1_resp' <Predicate = true> <Delay = 2.92> <CoreInst = "m_axi">   --->   Core 119 'm_axi' <Latency = 0> <II = 1> <Delay = 1.00> <Adapter> <Opcode : 'read' 'write' 'readreq' 'writereq' 'writeresp'>
ST_10 : Operation 137 [1/4] (2.32ns)   --->   "%kernel_sq = fmul i32 %kernel_read, i32 %kernel_read" [cpp/semgraph_slam/hls/registration_kernel_draft.cpp:14->cpp/semgraph_slam/hls/registration_kernel_draft.cpp:67]   --->   Operation 137 'fmul' 'kernel_sq' <Predicate = true> <Delay = 2.32> <CoreInst = "FMul_maxdsp">   --->   Core 30 'FMul_maxdsp' <Latency = 3> <II = 1> <Delay = 2.32> <FuncUnit> <Opcode : 'fmul'> <InPorts = 2> <OutPorts = 1>
ST_10 : Operation 138 [1/8] (2.92ns)   --->   "%empty_57 = readreq i1 @_ssdm_op_ReadReq.m_axi.p1i32, i32 %gmem0_addr, i64 %zext_ln70_1" [cpp/semgraph_slam/hls/registration_kernel_draft.cpp:70]   --->   Operation 138 'readreq' 'empty_57' <Predicate = true> <Delay = 2.92> <CoreInst = "m_axi">   --->   Core 119 'm_axi' <Latency = 0> <II = 1> <Delay = 1.00> <Adapter> <Opcode : 'read' 'write' 'readreq' 'writereq' 'writeresp'>
ST_10 : Operation 139 [1/8] (2.92ns)   --->   "%empty_58 = readreq i1 @_ssdm_op_ReadReq.m_axi.p1i32, i32 %gmem1_addr, i64 %zext_ln70_1" [cpp/semgraph_slam/hls/registration_kernel_draft.cpp:70]   --->   Operation 139 'readreq' 'empty_58' <Predicate = true> <Delay = 2.92> <CoreInst = "m_axi">   --->   Core 119 'm_axi' <Latency = 0> <II = 1> <Delay = 1.00> <Adapter> <Opcode : 'read' 'write' 'readreq' 'writereq' 'writeresp'>
ST_10 : Operation 140 [1/8] (2.92ns)   --->   "%empty_59 = readreq i1 @_ssdm_op_ReadReq.m_axi.p1i32, i32 %gmem2_addr, i64 %zext_ln70_2" [cpp/semgraph_slam/hls/registration_kernel_draft.cpp:70]   --->   Operation 140 'readreq' 'empty_59' <Predicate = true> <Delay = 2.92> <CoreInst = "m_axi">   --->   Core 119 'm_axi' <Latency = 0> <II = 1> <Delay = 1.00> <Adapter> <Opcode : 'read' 'write' 'readreq' 'writereq' 'writeresp'>

State 11 <SV = 10> <Delay = 2.86>
ST_11 : Operation 141 [1/1] (0.88ns)   --->   "%empty_60 = icmp_sgt  i32 %correspondence_count_read, i32 0"   --->   Operation 141 'icmp' 'empty_60' <Predicate = true> <Delay = 0.88> <CoreInst = "Cmp">   --->   Core 9 'Cmp' <Latency = 0> <II = 1> <Delay = 0.88> <FuncUnit> <Opcode : 'seteq' 'setne' 'setle' 'setge' 'setlt' 'setgt'> <InPorts = 2> <OutPorts = 1>
ST_11 : Operation 142 [1/1] (0.00ns) (grouped into LUT with out node select_ln70)   --->   "%xor_ln70 = xor i32 %correspondence_count_read, i32 4294967295" [cpp/semgraph_slam/hls/registration_kernel_draft.cpp:70]   --->   Operation 142 'xor' 'xor_ln70' <Predicate = true> <Delay = 0.00> <CoreInst = "LogicGate">   --->   Core 74 'LogicGate' <Latency = 0> <II = 1> <Delay = 0.21> <FuncUnit> <Opcode : 'and' 'or' 'xor'> <InPorts = 2> <OutPorts = 1>
ST_11 : Operation 143 [1/1] (0.22ns) (out node of the LUT)   --->   "%select_ln70 = select i1 %empty_60, i32 %xor_ln70, i32 4294967295" [cpp/semgraph_slam/hls/registration_kernel_draft.cpp:70]   --->   Operation 143 'select' 'select_ln70' <Predicate = true> <Delay = 0.22> <CoreInst = "Sel">   --->   Core 73 'Sel' <Latency = 0> <II = 1> <Delay = 0.22> <FuncUnit> <Opcode : 'select'> <InPorts = 3> <OutPorts = 1>
ST_11 : Operation 144 [1/1] (0.88ns)   --->   "%empty_61 = icmp_sgt  i32 %select_ln70, i32 4294950911" [cpp/semgraph_slam/hls/registration_kernel_draft.cpp:70]   --->   Operation 144 'icmp' 'empty_61' <Predicate = true> <Delay = 0.88> <CoreInst = "Cmp">   --->   Core 9 'Cmp' <Latency = 0> <II = 1> <Delay = 0.88> <FuncUnit> <Opcode : 'seteq' 'setne' 'setle' 'setge' 'setlt' 'setgt'> <InPorts = 2> <OutPorts = 1>
ST_11 : Operation 145 [1/1] (0.88ns)   --->   "%sub_ln70 = sub i32 0, i32 %select_ln70" [cpp/semgraph_slam/hls/registration_kernel_draft.cpp:70]   --->   Operation 145 'sub' 'sub_ln70' <Predicate = true> <Delay = 0.88> <CoreInst = "Adder">   --->   Core 1 'Adder' <Latency = 0> <II = 1> <Delay = 0.88> <FuncUnit> <Opcode : 'add' 'sub'> <InPorts = 2> <OutPorts = 1>
ST_11 : Operation 146 [1/1] (0.00ns) (grouped into LUT with out node add_ln70)   --->   "%select_ln70_1 = select i1 %empty_61, i32 %sub_ln70, i32 16385" [cpp/semgraph_slam/hls/registration_kernel_draft.cpp:70]   --->   Operation 146 'select' 'select_ln70_1' <Predicate = true> <Delay = 0.00> <CoreInst = "Sel">   --->   Core 73 'Sel' <Latency = 0> <II = 1> <Delay = 0.22> <FuncUnit> <Opcode : 'select'> <InPorts = 3> <OutPorts = 1>
ST_11 : Operation 147 [1/1] (0.00ns) (grouped into LUT with out node add_ln70)   --->   "%zext_ln70_3 = zext i32 %select_ln70_1" [cpp/semgraph_slam/hls/registration_kernel_draft.cpp:70]   --->   Operation 147 'zext' 'zext_ln70_3' <Predicate = true> <Delay = 0.00>
ST_11 : Operation 148 [1/1] (0.88ns) (out node of the LUT)   --->   "%add_ln70 = add i33 %zext_ln70_3, i33 8589934591" [cpp/semgraph_slam/hls/registration_kernel_draft.cpp:70]   --->   Operation 148 'add' 'add_ln70' <Predicate = true> <Delay = 0.88> <CoreInst = "Adder">   --->   Core 1 'Adder' <Latency = 0> <II = 1> <Delay = 0.88> <FuncUnit> <Opcode : 'add' 'sub'> <InPorts = 2> <OutPorts = 1>
ST_11 : Operation 149 [2/2] (0.00ns)   --->   "%call_ln70 = call void @registration_accumulate_kernel_Pipeline_VITIS_LOOP_70_3, i32 %gmem2, i32 %gmem1, i32 %gmem0, i33 %add_ln70, i62 %trunc_ln4, i62 %trunc_ln70_1, i62 %trunc_ln70_2, i32 %kernel_sq, i64 %p_loc, i64 %p_loc43, i64 %p_loc44, i64 %p_loc45, i64 %p_loc46, i64 %p_loc47, i64 %p_loc48, i64 %p_loc49, i64 %p_loc50, i64 %p_loc51, i64 %p_loc52, i64 %p_loc53, i64 %p_loc54, i64 %p_loc55, i64 %p_loc56, i64 %p_loc57, i64 %p_loc58, i64 %p_loc59, i64 %p_loc60, i64 %p_loc61, i64 %p_loc62, i64 %p_loc63, i64 %p_loc64, i64 %p_loc65, i64 %p_loc66, i64 %p_loc67, i64 %p_loc68" [cpp/semgraph_slam/hls/registration_kernel_draft.cpp:70]   --->   Operation 149 'call' 'call_ln70' <Predicate = true> <Delay = 0.00> <CoreType = "Generic">   --->   Core 0 '' <Latency = 0> <II = 1> <Delay = 1.00> <Generic> <Opcode : >

State 12 <SV = 11> <Delay = 0.00>
ST_12 : Operation 150 [1/2] (0.00ns)   --->   "%call_ln70 = call void @registration_accumulate_kernel_Pipeline_VITIS_LOOP_70_3, i32 %gmem2, i32 %gmem1, i32 %gmem0, i33 %add_ln70, i62 %trunc_ln4, i62 %trunc_ln70_1, i62 %trunc_ln70_2, i32 %kernel_sq, i64 %p_loc, i64 %p_loc43, i64 %p_loc44, i64 %p_loc45, i64 %p_loc46, i64 %p_loc47, i64 %p_loc48, i64 %p_loc49, i64 %p_loc50, i64 %p_loc51, i64 %p_loc52, i64 %p_loc53, i64 %p_loc54, i64 %p_loc55, i64 %p_loc56, i64 %p_loc57, i64 %p_loc58, i64 %p_loc59, i64 %p_loc60, i64 %p_loc61, i64 %p_loc62, i64 %p_loc63, i64 %p_loc64, i64 %p_loc65, i64 %p_loc66, i64 %p_loc67, i64 %p_loc68" [cpp/semgraph_slam/hls/registration_kernel_draft.cpp:70]   --->   Operation 150 'call' 'call_ln70' <Predicate = true> <Delay = 0.00> <CoreType = "Generic">   --->   Core 0 '' <Latency = 0> <II = 1> <Delay = 1.00> <Generic> <Opcode : >

State 13 <SV = 12> <Delay = 0.00>
ST_13 : Operation 151 [1/1] (0.00ns)   --->   "%spectopmodule_ln26 = spectopmodule void @_ssdm_op_SpecTopModule, void @empty_21" [cpp/semgraph_slam/hls/registration_kernel_draft.cpp:26]   --->   Operation 151 'spectopmodule' 'spectopmodule_ln26' <Predicate = true> <Delay = 0.00>
ST_13 : Operation 152 [1/1] (0.00ns)   --->   "%specinterface_ln0 = specinterface void @_ssdm_op_SpecInterface, i32 %gmem0, void @empty, i32 0, i32 0, void @empty_0, i32 0, i32 0, void @empty_1, void @empty_2, void @empty_0, i32 16, i32 16, i32 16, i32 16, void @empty_0, void @empty_0, i32 4294967295, i32 0, i32 0"   --->   Operation 152 'specinterface' 'specinterface_ln0' <Predicate = true> <Delay = 0.00>
ST_13 : Operation 153 [1/1] (0.00ns)   --->   "%specbitsmap_ln0 = specbitsmap void @_ssdm_op_SpecBitsMap, i32 %gmem0"   --->   Operation 153 'specbitsmap' 'specbitsmap_ln0' <Predicate = true> <Delay = 0.00>
ST_13 : Operation 154 [1/1] (0.00ns)   --->   "%specinterface_ln0 = specinterface void @_ssdm_op_SpecInterface, i32 %gmem1, void @empty, i32 0, i32 0, void @empty_0, i32 0, i32 0, void @empty_3, void @empty_2, void @empty_0, i32 16, i32 16, i32 16, i32 16, void @empty_0, void @empty_0, i32 4294967295, i32 0, i32 0"   --->   Operation 154 'specinterface' 'specinterface_ln0' <Predicate = true> <Delay = 0.00>
ST_13 : Operation 155 [1/1] (0.00ns)   --->   "%specbitsmap_ln0 = specbitsmap void @_ssdm_op_SpecBitsMap, i32 %gmem1"   --->   Operation 155 'specbitsmap' 'specbitsmap_ln0' <Predicate = true> <Delay = 0.00>
ST_13 : Operation 156 [1/1] (0.00ns)   --->   "%specinterface_ln0 = specinterface void @_ssdm_op_SpecInterface, i32 %gmem2, void @empty, i32 0, i32 0, void @empty_0, i32 0, i32 0, void @empty_4, void @empty_2, void @empty_0, i32 16, i32 16, i32 16, i32 16, void @empty_0, void @empty_0, i32 4294967295, i32 0, i32 0"   --->   Operation 156 'specinterface' 'specinterface_ln0' <Predicate = true> <Delay = 0.00>
ST_13 : Operation 157 [1/1] (0.00ns)   --->   "%specbitsmap_ln0 = specbitsmap void @_ssdm_op_SpecBitsMap, i32 %gmem2"   --->   Operation 157 'specbitsmap' 'specbitsmap_ln0' <Predicate = true> <Delay = 0.00>
ST_13 : Operation 158 [1/1] (0.00ns)   --->   "%specinterface_ln0 = specinterface void @_ssdm_op_SpecInterface, i64 %gmem3, void @empty, i32 0, i32 0, void @empty_0, i32 0, i32 0, void @empty_6, void @empty_2, void @empty_0, i32 16, i32 16, i32 16, i32 16, void @empty_0, void @empty_0, i32 4294967295, i32 0, i32 0"   --->   Operation 158 'specinterface' 'specinterface_ln0' <Predicate = true> <Delay = 0.00>
ST_13 : Operation 159 [1/1] (0.00ns)   --->   "%specbitsmap_ln0 = specbitsmap void @_ssdm_op_SpecBitsMap, i64 %gmem3"   --->   Operation 159 'specbitsmap' 'specbitsmap_ln0' <Predicate = true> <Delay = 0.00>
ST_13 : Operation 160 [1/1] (0.00ns)   --->   "%specinterface_ln0 = specinterface void @_ssdm_op_SpecInterface, i32 %gmem4, void @empty, i32 0, i32 0, void @empty_0, i32 0, i32 0, void @empty_18, void @empty_2, void @empty_0, i32 16, i32 16, i32 16, i32 16, void @empty_0, void @empty_0, i32 4294967295, i32 0, i32 0"   --->   Operation 160 'specinterface' 'specinterface_ln0' <Predicate = true> <Delay = 0.00>
ST_13 : Operation 161 [1/1] (0.00ns)   --->   "%specbitsmap_ln0 = specbitsmap void @_ssdm_op_SpecBitsMap, i32 %gmem4"   --->   Operation 161 'specbitsmap' 'specbitsmap_ln0' <Predicate = true> <Delay = 0.00>
ST_13 : Operation 162 [1/1] (0.00ns)   --->   "%specinterface_ln0 = specinterface void @_ssdm_op_SpecInterface, i64 %src_xyz, void @empty_7, i32 0, i32 0, void @empty_0, i32 0, i32 0, void @empty_8, void @empty_9, void @empty_0, i32 0, i32 0, i32 0, i32 0, void @empty_0, void @empty_10, i32 4294967295, i32 0, i32 0"   --->   Operation 162 'specinterface' 'specinterface_ln0' <Predicate = true> <Delay = 0.00>
ST_13 : Operation 163 [1/1] (0.00ns)   --->   "%specinterface_ln0 = specinterface void @_ssdm_op_SpecInterface, i64 %src_xyz, void @empty_11, i32 0, i32 0, void @empty_0, i32 0, i32 0, void @empty_0, void @empty_0, void @empty_0, i32 0, i32 0, i32 0, i32 0, void @empty_0, void @empty_10, i32 4294967295, i32 0, i32 0"   --->   Operation 163 'specinterface' 'specinterface_ln0' <Predicate = true> <Delay = 0.00>
ST_13 : Operation 164 [1/1] (0.00ns)   --->   "%specinterface_ln0 = specinterface void @_ssdm_op_SpecInterface, i64 %tgt_xyz, void @empty_7, i32 0, i32 0, void @empty_0, i32 0, i32 0, void @empty_8, void @empty_12, void @empty_0, i32 0, i32 0, i32 0, i32 0, void @empty_0, void @empty_10, i32 4294967295, i32 0, i32 0"   --->   Operation 164 'specinterface' 'specinterface_ln0' <Predicate = true> <Delay = 0.00>
ST_13 : Operation 165 [1/1] (0.00ns)   --->   "%specinterface_ln0 = specinterface void @_ssdm_op_SpecInterface, i64 %tgt_xyz, void @empty_11, i32 0, i32 0, void @empty_0, i32 0, i32 0, void @empty_0, void @empty_0, void @empty_0, i32 0, i32 0, i32 0, i32 0, void @empty_0, void @empty_10, i32 4294967295, i32 0, i32 0"   --->   Operation 165 'specinterface' 'specinterface_ln0' <Predicate = true> <Delay = 0.00>
ST_13 : Operation 166 [1/1] (0.00ns)   --->   "%specinterface_ln0 = specinterface void @_ssdm_op_SpecInterface, i64 %labels, void @empty_7, i32 0, i32 0, void @empty_0, i32 0, i32 0, void @empty_8, void @empty_13, void @empty_0, i32 0, i32 0, i32 0, i32 0, void @empty_0, void @empty_10, i32 4294967295, i32 0, i32 0"   --->   Operation 166 'specinterface' 'specinterface_ln0' <Predicate = true> <Delay = 0.00>
ST_13 : Operation 167 [1/1] (0.00ns)   --->   "%specinterface_ln0 = specinterface void @_ssdm_op_SpecInterface, i64 %labels, void @empty_11, i32 0, i32 0, void @empty_0, i32 0, i32 0, void @empty_0, void @empty_0, void @empty_0, i32 0, i32 0, i32 0, i32 0, void @empty_0, void @empty_10, i32 4294967295, i32 0, i32 0"   --->   Operation 167 'specinterface' 'specinterface_ln0' <Predicate = true> <Delay = 0.00>
ST_13 : Operation 168 [1/1] (0.00ns)   --->   "%specbitsmap_ln0 = specbitsmap void @_ssdm_op_SpecBitsMap, i32 %correspondence_count"   --->   Operation 168 'specbitsmap' 'specbitsmap_ln0' <Predicate = true> <Delay = 0.00>
ST_13 : Operation 169 [1/1] (0.00ns)   --->   "%specinterface_ln0 = specinterface void @_ssdm_op_SpecInterface, i32 %correspondence_count, void @empty_7, i32 4294967295, i32 4294967295, void @empty_14, i32 0, i32 0, void @empty_15, void @empty_9, void @empty_0, i32 0, i32 0, i32 0, i32 0, void @empty_0, void @empty_0, i32 4294967295, i32 0, i32 0"   --->   Operation 169 'specinterface' 'specinterface_ln0' <Predicate = true> <Delay = 0.00>
ST_13 : Operation 170 [1/1] (0.00ns)   --->   "%specinterface_ln0 = specinterface void @_ssdm_op_SpecInterface, i32 %correspondence_count, void @empty_11, i32 4294967295, i32 4294967295, void @empty_0, i32 0, i32 0, void @empty_0, void @empty_0, void @empty_0, i32 0, i32 0, i32 0, i32 0, void @empty_0, void @empty_0, i32 4294967295, i32 0, i32 0"   --->   Operation 170 'specinterface' 'specinterface_ln0' <Predicate = true> <Delay = 0.00>
ST_13 : Operation 171 [1/1] (0.00ns)   --->   "%specbitsmap_ln0 = specbitsmap void @_ssdm_op_SpecBitsMap, i32 %kernel"   --->   Operation 171 'specbitsmap' 'specbitsmap_ln0' <Predicate = true> <Delay = 0.00>
ST_13 : Operation 172 [1/1] (0.00ns)   --->   "%specinterface_ln0 = specinterface void @_ssdm_op_SpecInterface, i32 %kernel, void @empty_7, i32 4294967295, i32 4294967295, void @empty_14, i32 0, i32 0, void @empty_15, void @empty_16, void @empty_0, i32 0, i32 0, i32 0, i32 0, void @empty_0, void @empty_0, i32 4294967295, i32 0, i32 0"   --->   Operation 172 'specinterface' 'specinterface_ln0' <Predicate = true> <Delay = 0.00>
ST_13 : Operation 173 [1/1] (0.00ns)   --->   "%specinterface_ln0 = specinterface void @_ssdm_op_SpecInterface, i32 %kernel, void @empty_11, i32 4294967295, i32 4294967295, void @empty_0, i32 0, i32 0, void @empty_0, void @empty_0, void @empty_0, i32 0, i32 0, i32 0, i32 0, void @empty_0, void @empty_0, i32 4294967295, i32 0, i32 0"   --->   Operation 173 'specinterface' 'specinterface_ln0' <Predicate = true> <Delay = 0.00>
ST_13 : Operation 174 [1/1] (0.00ns)   --->   "%specinterface_ln0 = specinterface void @_ssdm_op_SpecInterface, i64 %jtj_out, void @empty_7, i32 0, i32 0, void @empty_0, i32 0, i32 0, void @empty_8, void @empty_17, void @empty_0, i32 0, i32 0, i32 0, i32 0, void @empty_0, void @empty_10, i32 4294967295, i32 0, i32 0"   --->   Operation 174 'specinterface' 'specinterface_ln0' <Predicate = true> <Delay = 0.00>
ST_13 : Operation 175 [1/1] (0.00ns)   --->   "%specinterface_ln0 = specinterface void @_ssdm_op_SpecInterface, i64 %jtj_out, void @empty_11, i32 0, i32 0, void @empty_0, i32 0, i32 0, void @empty_0, void @empty_0, void @empty_0, i32 0, i32 0, i32 0, i32 0, void @empty_0, void @empty_10, i32 4294967295, i32 0, i32 0"   --->   Operation 175 'specinterface' 'specinterface_ln0' <Predicate = true> <Delay = 0.00>
ST_13 : Operation 176 [1/1] (0.00ns)   --->   "%specinterface_ln0 = specinterface void @_ssdm_op_SpecInterface, i64 %jtr_out, void @empty_7, i32 0, i32 0, void @empty_0, i32 0, i32 0, void @empty_8, void @empty_19, void @empty_0, i32 0, i32 0, i32 0, i32 0, void @empty_0, void @empty_10, i32 4294967295, i32 0, i32 0"   --->   Operation 176 'specinterface' 'specinterface_ln0' <Predicate = true> <Delay = 0.00>
ST_13 : Operation 177 [1/1] (0.00ns)   --->   "%specinterface_ln0 = specinterface void @_ssdm_op_SpecInterface, i64 %jtr_out, void @empty_11, i32 0, i32 0, void @empty_0, i32 0, i32 0, void @empty_0, void @empty_0, void @empty_0, i32 0, i32 0, i32 0, i32 0, void @empty_0, void @empty_10, i32 4294967295, i32 0, i32 0"   --->   Operation 177 'specinterface' 'specinterface_ln0' <Predicate = true> <Delay = 0.00>
ST_13 : Operation 178 [1/1] (0.00ns)   --->   "%specinterface_ln0 = specinterface void @_ssdm_op_SpecInterface, i64 %used_count, void @empty_7, i32 0, i32 0, void @empty_0, i32 0, i32 0, void @empty_8, void @empty_5, void @empty_0, i32 0, i32 0, i32 0, i32 0, void @empty_0, void @empty_10, i32 4294967295, i32 0, i32 0"   --->   Operation 178 'specinterface' 'specinterface_ln0' <Predicate = true> <Delay = 0.00>
ST_13 : Operation 179 [1/1] (0.00ns)   --->   "%specinterface_ln0 = specinterface void @_ssdm_op_SpecInterface, i64 %used_count, void @empty_11, i32 0, i32 0, void @empty_0, i32 0, i32 0, void @empty_0, void @empty_0, void @empty_0, i32 0, i32 0, i32 0, i32 0, void @empty_0, void @empty_10, i32 4294967295, i32 0, i32 0"   --->   Operation 179 'specinterface' 'specinterface_ln0' <Predicate = true> <Delay = 0.00>
ST_13 : Operation 180 [1/1] (0.00ns)   --->   "%specinterface_ln0 = specinterface void @_ssdm_op_SpecInterface, i64 %dropped_count, void @empty_7, i32 0, i32 0, void @empty_0, i32 0, i32 0, void @empty_8, void @empty_20, void @empty_0, i32 0, i32 0, i32 0, i32 0, void @empty_0, void @empty_10, i32 4294967295, i32 0, i32 0"   --->   Operation 180 'specinterface' 'specinterface_ln0' <Predicate = true> <Delay = 0.00>
ST_13 : Operation 181 [1/1] (0.00ns)   --->   "%specinterface_ln0 = specinterface void @_ssdm_op_SpecInterface, i64 %dropped_count, void @empty_11, i32 0, i32 0, void @empty_0, i32 0, i32 0, void @empty_0, void @empty_0, void @empty_0, i32 0, i32 0, i32 0, i32 0, void @empty_0, void @empty_10, i32 4294967295, i32 0, i32 0"   --->   Operation 181 'specinterface' 'specinterface_ln0' <Predicate = true> <Delay = 0.00>
ST_13 : Operation 182 [1/1] (0.00ns)   --->   "%specinterface_ln0 = specinterface void @_ssdm_op_SpecInterface, i32 0, void @empty_7, i32 0, i32 0, void @empty_0, i32 0, i32 0, void @empty_15, void @empty_0, void @empty_0, i32 0, i32 0, i32 0, i32 0, void @empty_0, void @empty_0, i32 4294967295, i32 0, i32 0"   --->   Operation 182 'specinterface' 'specinterface_ln0' <Predicate = true> <Delay = 0.00>
ST_13 : Operation 183 [1/1] (0.00ns)   --->   "%p_loc_load = load i64 %p_loc"   --->   Operation 183 'load' 'p_loc_load' <Predicate = true> <Delay = 0.00>
ST_13 : Operation 184 [1/1] (0.00ns)   --->   "%p_loc43_load = load i64 %p_loc43"   --->   Operation 184 'load' 'p_loc43_load' <Predicate = true> <Delay = 0.00>
ST_13 : Operation 185 [1/1] (0.00ns)   --->   "%p_loc44_load = load i64 %p_loc44"   --->   Operation 185 'load' 'p_loc44_load' <Predicate = true> <Delay = 0.00>
ST_13 : Operation 186 [1/1] (0.00ns)   --->   "%p_loc45_load = load i64 %p_loc45"   --->   Operation 186 'load' 'p_loc45_load' <Predicate = true> <Delay = 0.00>
ST_13 : Operation 187 [1/1] (0.00ns)   --->   "%p_loc46_load = load i64 %p_loc46"   --->   Operation 187 'load' 'p_loc46_load' <Predicate = true> <Delay = 0.00>
ST_13 : Operation 188 [1/1] (0.00ns)   --->   "%p_loc47_load = load i64 %p_loc47"   --->   Operation 188 'load' 'p_loc47_load' <Predicate = true> <Delay = 0.00>
ST_13 : Operation 189 [1/1] (0.00ns)   --->   "%p_loc48_load = load i64 %p_loc48"   --->   Operation 189 'load' 'p_loc48_load' <Predicate = true> <Delay = 0.00>
ST_13 : Operation 190 [1/1] (0.00ns)   --->   "%p_loc49_load = load i64 %p_loc49"   --->   Operation 190 'load' 'p_loc49_load' <Predicate = true> <Delay = 0.00>
ST_13 : Operation 191 [1/1] (0.00ns)   --->   "%p_loc50_load = load i64 %p_loc50"   --->   Operation 191 'load' 'p_loc50_load' <Predicate = true> <Delay = 0.00>
ST_13 : Operation 192 [1/1] (0.00ns)   --->   "%p_loc51_load = load i64 %p_loc51"   --->   Operation 192 'load' 'p_loc51_load' <Predicate = true> <Delay = 0.00>
ST_13 : Operation 193 [1/1] (0.00ns)   --->   "%p_loc52_load = load i64 %p_loc52"   --->   Operation 193 'load' 'p_loc52_load' <Predicate = true> <Delay = 0.00>
ST_13 : Operation 194 [1/1] (0.00ns)   --->   "%p_loc53_load = load i64 %p_loc53"   --->   Operation 194 'load' 'p_loc53_load' <Predicate = true> <Delay = 0.00>
ST_13 : Operation 195 [1/1] (0.00ns)   --->   "%p_loc54_load = load i64 %p_loc54"   --->   Operation 195 'load' 'p_loc54_load' <Predicate = true> <Delay = 0.00>
ST_13 : Operation 196 [1/1] (0.00ns)   --->   "%p_loc55_load = load i64 %p_loc55"   --->   Operation 196 'load' 'p_loc55_load' <Predicate = true> <Delay = 0.00>
ST_13 : Operation 197 [1/1] (0.00ns)   --->   "%p_loc56_load = load i64 %p_loc56"   --->   Operation 197 'load' 'p_loc56_load' <Predicate = true> <Delay = 0.00>
ST_13 : Operation 198 [1/1] (0.00ns)   --->   "%p_loc57_load = load i64 %p_loc57"   --->   Operation 198 'load' 'p_loc57_load' <Predicate = true> <Delay = 0.00>
ST_13 : Operation 199 [1/1] (0.00ns)   --->   "%p_loc58_load = load i64 %p_loc58"   --->   Operation 199 'load' 'p_loc58_load' <Predicate = true> <Delay = 0.00>
ST_13 : Operation 200 [1/1] (0.00ns)   --->   "%p_loc59_load = load i64 %p_loc59"   --->   Operation 200 'load' 'p_loc59_load' <Predicate = true> <Delay = 0.00>
ST_13 : Operation 201 [1/1] (0.00ns)   --->   "%p_loc60_load = load i64 %p_loc60"   --->   Operation 201 'load' 'p_loc60_load' <Predicate = true> <Delay = 0.00>
ST_13 : Operation 202 [1/1] (0.00ns)   --->   "%p_loc61_load = load i64 %p_loc61"   --->   Operation 202 'load' 'p_loc61_load' <Predicate = true> <Delay = 0.00>
ST_13 : Operation 203 [1/1] (0.00ns)   --->   "%p_loc62_load = load i64 %p_loc62"   --->   Operation 203 'load' 'p_loc62_load' <Predicate = true> <Delay = 0.00>
ST_13 : Operation 204 [1/1] (0.00ns)   --->   "%p_loc63_load = load i64 %p_loc63"   --->   Operation 204 'load' 'p_loc63_load' <Predicate = true> <Delay = 0.00>
ST_13 : Operation 205 [1/1] (0.00ns)   --->   "%p_loc64_load = load i64 %p_loc64"   --->   Operation 205 'load' 'p_loc64_load' <Predicate = true> <Delay = 0.00>
ST_13 : Operation 206 [1/1] (0.00ns)   --->   "%p_loc65_load = load i64 %p_loc65"   --->   Operation 206 'load' 'p_loc65_load' <Predicate = true> <Delay = 0.00>
ST_13 : Operation 207 [1/1] (0.00ns)   --->   "%p_loc66_load = load i64 %p_loc66"   --->   Operation 207 'load' 'p_loc66_load' <Predicate = true> <Delay = 0.00>
ST_13 : Operation 208 [1/1] (0.00ns)   --->   "%p_loc67_load = load i64 %p_loc67"   --->   Operation 208 'load' 'p_loc67_load' <Predicate = true> <Delay = 0.00>
ST_13 : Operation 209 [1/1] (0.00ns)   --->   "%p_loc68_load = load i64 %p_loc68"   --->   Operation 209 'load' 'p_loc68_load' <Predicate = true> <Delay = 0.00>
ST_13 : Operation 210 [1/1] (0.00ns)   --->   "%br_ln140 = br void %VITIS_LOOP_141_10" [cpp/semgraph_slam/hls/registration_kernel_draft.cpp:140]   --->   Operation 210 'br' 'br_ln140' <Predicate = true> <Delay = 0.00>

State 14 <SV = 13> <Delay = 0.95>
ST_14 : Operation 211 [1/1] (0.00ns)   --->   "%c = load i3 %r" [cpp/semgraph_slam/hls/registration_kernel_draft.cpp:140]   --->   Operation 211 'load' 'c' <Predicate = true> <Delay = 0.00>
ST_14 : Operation 212 [1/1] (0.57ns)   --->   "%icmp_ln140 = icmp_eq  i3 %c, i3 6" [cpp/semgraph_slam/hls/registration_kernel_draft.cpp:140]   --->   Operation 212 'icmp' 'icmp_ln140' <Predicate = true> <Delay = 0.57> <CoreInst = "Cmp">   --->   Core 9 'Cmp' <Latency = 0> <II = 1> <Delay = 0.57> <FuncUnit> <Opcode : 'seteq' 'setne' 'setle' 'setge' 'setlt' 'setgt'> <InPorts = 2> <OutPorts = 1>
ST_14 : Operation 213 [1/1] (0.57ns)   --->   "%add_ln140_1 = add i3 %c, i3 1" [cpp/semgraph_slam/hls/registration_kernel_draft.cpp:140]   --->   Operation 213 'add' 'add_ln140_1' <Predicate = true> <Delay = 0.57> <CoreInst = "Adder">   --->   Core 1 'Adder' <Latency = 0> <II = 1> <Delay = 0.57> <FuncUnit> <Opcode : 'add' 'sub'> <InPorts = 2> <OutPorts = 1>
ST_14 : Operation 214 [1/1] (0.00ns)   --->   "%br_ln140 = br i1 %icmp_ln140, void %VITIS_LOOP_141_10.split, void %VITIS_LOOP_151_11" [cpp/semgraph_slam/hls/registration_kernel_draft.cpp:140]   --->   Operation 214 'br' 'br_ln140' <Predicate = true> <Delay = 0.00>
ST_14 : Operation 215 [1/1] (0.00ns)   --->   "%empty_62 = trunc i3 %c" [cpp/semgraph_slam/hls/registration_kernel_draft.cpp:140]   --->   Operation 215 'trunc' 'empty_62' <Predicate = (!icmp_ln140)> <Delay = 0.00>
ST_14 : Operation 216 [1/1] (0.00ns)   --->   "%tmp_2 = bitconcatenate i4 @_ssdm_op_BitConcatenate.i4.i3.i1, i3 %c, i1 0" [cpp/semgraph_slam/hls/registration_kernel_draft.cpp:140]   --->   Operation 216 'bitconcatenate' 'tmp_2' <Predicate = (!icmp_ln140)> <Delay = 0.00>
ST_14 : Operation 217 [1/1] (0.00ns)   --->   "%tmp_3 = bitconcatenate i5 @_ssdm_op_BitConcatenate.i5.i2.i3, i2 %empty_62, i3 0" [cpp/semgraph_slam/hls/registration_kernel_draft.cpp:140]   --->   Operation 217 'bitconcatenate' 'tmp_3' <Predicate = (!icmp_ln140)> <Delay = 0.00>
ST_14 : Operation 218 [1/1] (0.00ns)   --->   "%empty_63 = zext i4 %tmp_2" [cpp/semgraph_slam/hls/registration_kernel_draft.cpp:140]   --->   Operation 218 'zext' 'empty_63' <Predicate = (!icmp_ln140)> <Delay = 0.00>
ST_14 : Operation 219 [1/1] (0.70ns)   --->   "%sub_ln141 = sub i5 %tmp_3, i5 %empty_63" [cpp/semgraph_slam/hls/registration_kernel_draft.cpp:141]   --->   Operation 219 'sub' 'sub_ln141' <Predicate = (!icmp_ln140)> <Delay = 0.70> <CoreInst = "Adder">   --->   Core 1 'Adder' <Latency = 0> <II = 1> <Delay = 0.70> <FuncUnit> <Opcode : 'add' 'sub'> <InPorts = 2> <OutPorts = 1>
ST_14 : Operation 220 [1/1] (0.38ns)   --->   "%store_ln140 = store i3 %add_ln140_1, i3 %r" [cpp/semgraph_slam/hls/registration_kernel_draft.cpp:140]   --->   Operation 220 'store' 'store_ln140' <Predicate = (!icmp_ln140)> <Delay = 0.38>
ST_14 : Operation 221 [1/1] (0.00ns)   --->   "%trunc_ln5 = partselect i61 @_ssdm_op_PartSelect.i61.i64.i32.i32, i64 %jtr_out_read, i32 3, i32 63" [cpp/semgraph_slam/hls/registration_kernel_draft.cpp:151]   --->   Operation 221 'partselect' 'trunc_ln5' <Predicate = (icmp_ln140)> <Delay = 0.00>

State 15 <SV = 14> <Delay = 2.24>
ST_15 : Operation 222 [1/1] (0.00ns)   --->   "%read_idx_load = load i6 %read_idx" [cpp/semgraph_slam/hls/registration_kernel_draft.cpp:140]   --->   Operation 222 'load' 'read_idx_load' <Predicate = true> <Delay = 0.00>
ST_15 : Operation 223 [1/1] (0.00ns)   --->   "%indvars_iv165_load = load i3 %indvars_iv165" [cpp/semgraph_slam/hls/registration_kernel_draft.cpp:140]   --->   Operation 223 'load' 'indvars_iv165_load' <Predicate = true> <Delay = 0.00>
ST_15 : Operation 224 [2/2] (2.24ns)   --->   "%call_ln140 = call void @registration_accumulate_kernel_Pipeline_VITIS_LOOP_141_10, i6 %read_idx_load, i3 %c, i64 %gmem3, i64 %p_loc62_load, i64 %p_loc61_load, i64 %p_loc60_load, i64 %p_loc59_load, i64 %p_loc58_load, i64 %p_loc57_load, i64 %p_loc56_load, i64 %p_loc55_load, i64 %p_loc54_load, i64 %p_loc53_load, i64 %p_loc52_load, i64 %p_loc51_load, i64 %p_loc50_load, i64 %p_loc49_load, i64 %p_loc48_load, i64 %p_loc47_load, i64 %p_loc46_load, i64 %p_loc45_load, i64 %p_loc44_load, i64 %p_loc43_load, i64 %p_loc_load, i5 %sub_ln141, i64 %jtj_out_read, i3 %c" [cpp/semgraph_slam/hls/registration_kernel_draft.cpp:140]   --->   Operation 224 'call' 'call_ln140' <Predicate = true> <Delay = 2.24> <CoreType = "Generic">   --->   Core 0 '' <Latency = 0> <II = 1> <Delay = 1.00> <Generic> <Opcode : >
ST_15 : Operation 225 [1/1] (0.00ns)   --->   "%zext_ln140 = zext i3 %indvars_iv165_load" [cpp/semgraph_slam/hls/registration_kernel_draft.cpp:140]   --->   Operation 225 'zext' 'zext_ln140' <Predicate = true> <Delay = 0.00>
ST_15 : Operation 226 [1/1] (0.70ns)   --->   "%read_idx_2 = add i6 %zext_ln140, i6 %read_idx_load" [cpp/semgraph_slam/hls/registration_kernel_draft.cpp:140]   --->   Operation 226 'add' 'read_idx_2' <Predicate = true> <Delay = 0.70> <CoreInst = "Adder">   --->   Core 1 'Adder' <Latency = 0> <II = 1> <Delay = 0.70> <FuncUnit> <Opcode : 'add' 'sub'> <InPorts = 2> <OutPorts = 1>
ST_15 : Operation 227 [1/1] (0.57ns)   --->   "%add_ln140 = add i3 %indvars_iv165_load, i3 7" [cpp/semgraph_slam/hls/registration_kernel_draft.cpp:140]   --->   Operation 227 'add' 'add_ln140' <Predicate = true> <Delay = 0.57> <CoreInst = "Adder">   --->   Core 1 'Adder' <Latency = 0> <II = 1> <Delay = 0.57> <FuncUnit> <Opcode : 'add' 'sub'> <InPorts = 2> <OutPorts = 1>
ST_15 : Operation 228 [1/1] (0.38ns)   --->   "%store_ln140 = store i3 %add_ln140, i3 %indvars_iv165" [cpp/semgraph_slam/hls/registration_kernel_draft.cpp:140]   --->   Operation 228 'store' 'store_ln140' <Predicate = true> <Delay = 0.38>
ST_15 : Operation 229 [1/1] (0.38ns)   --->   "%store_ln139 = store i6 %read_idx_2, i6 %read_idx" [cpp/semgraph_slam/hls/registration_kernel_draft.cpp:139]   --->   Operation 229 'store' 'store_ln139' <Predicate = true> <Delay = 0.38>

State 16 <SV = 15> <Delay = 0.00>
ST_16 : Operation 230 [1/1] (0.00ns)   --->   "%speclooptripcount_ln141 = speclooptripcount void @_ssdm_op_SpecLoopTripCount, i64 6, i64 6, i64 6" [cpp/semgraph_slam/hls/registration_kernel_draft.cpp:141]   --->   Operation 230 'speclooptripcount' 'speclooptripcount_ln141' <Predicate = true> <Delay = 0.00>
ST_16 : Operation 231 [1/1] (0.00ns)   --->   "%specloopname_ln140 = specloopname void @_ssdm_op_SpecLoopName, void @empty_24" [cpp/semgraph_slam/hls/registration_kernel_draft.cpp:140]   --->   Operation 231 'specloopname' 'specloopname_ln140' <Predicate = true> <Delay = 0.00>
ST_16 : Operation 232 [1/2] (0.00ns)   --->   "%call_ln140 = call void @registration_accumulate_kernel_Pipeline_VITIS_LOOP_141_10, i6 %read_idx_load, i3 %c, i64 %gmem3, i64 %p_loc62_load, i64 %p_loc61_load, i64 %p_loc60_load, i64 %p_loc59_load, i64 %p_loc58_load, i64 %p_loc57_load, i64 %p_loc56_load, i64 %p_loc55_load, i64 %p_loc54_load, i64 %p_loc53_load, i64 %p_loc52_load, i64 %p_loc51_load, i64 %p_loc50_load, i64 %p_loc49_load, i64 %p_loc48_load, i64 %p_loc47_load, i64 %p_loc46_load, i64 %p_loc45_load, i64 %p_loc44_load, i64 %p_loc43_load, i64 %p_loc_load, i5 %sub_ln141, i64 %jtj_out_read, i3 %c" [cpp/semgraph_slam/hls/registration_kernel_draft.cpp:140]   --->   Operation 232 'call' 'call_ln140' <Predicate = true> <Delay = 0.00> <CoreType = "Generic">   --->   Core 0 '' <Latency = 0> <II = 1> <Delay = 1.00> <Generic> <Opcode : >
ST_16 : Operation 233 [1/1] (0.00ns)   --->   "%br_ln140 = br void %VITIS_LOOP_141_10" [cpp/semgraph_slam/hls/registration_kernel_draft.cpp:140]   --->   Operation 233 'br' 'br_ln140' <Predicate = true> <Delay = 0.00>

State 17 <SV = 14> <Delay = 2.92>
ST_17 : Operation 234 [1/1] (0.00ns)   --->   "%sext_ln151 = sext i61 %trunc_ln5" [cpp/semgraph_slam/hls/registration_kernel_draft.cpp:151]   --->   Operation 234 'sext' 'sext_ln151' <Predicate = true> <Delay = 0.00>
ST_17 : Operation 235 [1/1] (0.00ns)   --->   "%gmem3_addr = getelementptr i64 %gmem3, i64 %sext_ln151" [cpp/semgraph_slam/hls/registration_kernel_draft.cpp:151]   --->   Operation 235 'getelementptr' 'gmem3_addr' <Predicate = true> <Delay = 0.00>
ST_17 : Operation 236 [1/1] (2.92ns)   --->   "%empty_64 = writereq i1 @_ssdm_op_WriteReq.m_axi.p1i64, i64 %gmem3_addr, i64 6" [cpp/semgraph_slam/hls/registration_kernel_draft.cpp:151]   --->   Operation 236 'writereq' 'empty_64' <Predicate = true> <Delay = 2.92> <CoreInst = "m_axi">   --->   Core 119 'm_axi' <Latency = 0> <II = 1> <Delay = 1.00> <Adapter> <Opcode : 'read' 'write' 'readreq' 'writereq' 'writeresp'>

State 18 <SV = 15> <Delay = 0.51>
ST_18 : Operation 237 [2/2] (0.51ns)   --->   "%call_ln151 = call void @registration_accumulate_kernel_Pipeline_VITIS_LOOP_151_11, i64 %gmem3, i61 %trunc_ln5, i64 %p_loc68_load, i64 %p_loc67_load, i64 %p_loc66_load, i64 %p_loc65_load, i64 %p_loc64_load, i64 %p_loc63_load" [cpp/semgraph_slam/hls/registration_kernel_draft.cpp:151]   --->   Operation 237 'call' 'call_ln151' <Predicate = true> <Delay = 0.51> <CoreType = "Generic">   --->   Core 0 '' <Latency = 0> <II = 1> <Delay = 1.00> <Generic> <Opcode : >

State 19 <SV = 16> <Delay = 1.34>
ST_19 : Operation 238 [1/2] (1.34ns)   --->   "%call_ln151 = call void @registration_accumulate_kernel_Pipeline_VITIS_LOOP_151_11, i64 %gmem3, i61 %trunc_ln5, i64 %p_loc68_load, i64 %p_loc67_load, i64 %p_loc66_load, i64 %p_loc65_load, i64 %p_loc64_load, i64 %p_loc63_load" [cpp/semgraph_slam/hls/registration_kernel_draft.cpp:151]   --->   Operation 238 'call' 'call_ln151' <Predicate = true> <Delay = 1.34> <CoreType = "Generic">   --->   Core 0 '' <Latency = 0> <II = 1> <Delay = 1.00> <Generic> <Opcode : >

State 20 <SV = 17> <Delay = 2.92>
ST_20 : Operation 239 [5/5] (2.92ns)   --->   "%empty_65 = writeresp i1 @_ssdm_op_WriteResp.m_axi.p1i64, i64 %gmem3_addr" [cpp/semgraph_slam/hls/registration_kernel_draft.cpp:155]   --->   Operation 239 'writeresp' 'empty_65' <Predicate = true> <Delay = 2.92> <CoreInst = "m_axi">   --->   Core 119 'm_axi' <Latency = 0> <II = 1> <Delay = 1.00> <Adapter> <Opcode : 'read' 'write' 'readreq' 'writereq' 'writeresp'>

State 21 <SV = 18> <Delay = 2.92>
ST_21 : Operation 240 [4/5] (2.92ns)   --->   "%empty_65 = writeresp i1 @_ssdm_op_WriteResp.m_axi.p1i64, i64 %gmem3_addr" [cpp/semgraph_slam/hls/registration_kernel_draft.cpp:155]   --->   Operation 240 'writeresp' 'empty_65' <Predicate = true> <Delay = 2.92> <CoreInst = "m_axi">   --->   Core 119 'm_axi' <Latency = 0> <II = 1> <Delay = 1.00> <Adapter> <Opcode : 'read' 'write' 'readreq' 'writereq' 'writeresp'>

State 22 <SV = 19> <Delay = 2.92>
ST_22 : Operation 241 [3/5] (2.92ns)   --->   "%empty_65 = writeresp i1 @_ssdm_op_WriteResp.m_axi.p1i64, i64 %gmem3_addr" [cpp/semgraph_slam/hls/registration_kernel_draft.cpp:155]   --->   Operation 241 'writeresp' 'empty_65' <Predicate = true> <Delay = 2.92> <CoreInst = "m_axi">   --->   Core 119 'm_axi' <Latency = 0> <II = 1> <Delay = 1.00> <Adapter> <Opcode : 'read' 'write' 'readreq' 'writereq' 'writeresp'>

State 23 <SV = 20> <Delay = 2.92>
ST_23 : Operation 242 [2/5] (2.92ns)   --->   "%empty_65 = writeresp i1 @_ssdm_op_WriteResp.m_axi.p1i64, i64 %gmem3_addr" [cpp/semgraph_slam/hls/registration_kernel_draft.cpp:155]   --->   Operation 242 'writeresp' 'empty_65' <Predicate = true> <Delay = 2.92> <CoreInst = "m_axi">   --->   Core 119 'm_axi' <Latency = 0> <II = 1> <Delay = 1.00> <Adapter> <Opcode : 'read' 'write' 'readreq' 'writereq' 'writeresp'>

State 24 <SV = 21> <Delay = 2.92>
ST_24 : Operation 243 [1/5] (2.92ns)   --->   "%empty_65 = writeresp i1 @_ssdm_op_WriteResp.m_axi.p1i64, i64 %gmem3_addr" [cpp/semgraph_slam/hls/registration_kernel_draft.cpp:155]   --->   Operation 243 'writeresp' 'empty_65' <Predicate = true> <Delay = 2.92> <CoreInst = "m_axi">   --->   Core 119 'm_axi' <Latency = 0> <II = 1> <Delay = 1.00> <Adapter> <Opcode : 'read' 'write' 'readreq' 'writereq' 'writeresp'>
ST_24 : Operation 244 [1/1] (0.00ns)   --->   "%ret_ln155 = ret" [cpp/semgraph_slam/hls/registration_kernel_draft.cpp:155]   --->   Operation 244 'ret' 'ret_ln155' <Predicate = true> <Delay = 0.00>


============================================================
+ Verbose Summary: Timing violations
============================================================
Target clock period: 4.000ns, clock uncertainty: 1.080ns.

 <State 1>: 1.000ns
The critical path consists of the following:
	s_axi read operation ('dropped_count_read') on port 'dropped_count' [18]  (1.000 ns)

 <State 2>: 2.920ns
The critical path consists of the following:
	bus request operation ('gmem4_addr_req', cpp/semgraph_slam/hls/registration_kernel_draft.cpp:64) on port 'gmem4' (cpp/semgraph_slam/hls/registration_kernel_draft.cpp:64) [97]  (2.920 ns)

 <State 3>: 2.920ns
The critical path consists of the following:
	bus write operation ('write_ln64', cpp/semgraph_slam/hls/registration_kernel_draft.cpp:64) on port 'gmem4' (cpp/semgraph_slam/hls/registration_kernel_draft.cpp:64) [98]  (2.920 ns)

 <State 4>: 2.920ns
The critical path consists of the following:
	bus response operation ('gmem4_addr_resp', cpp/semgraph_slam/hls/registration_kernel_draft.cpp:64) on port 'gmem4' (cpp/semgraph_slam/hls/registration_kernel_draft.cpp:64) [99]  (2.920 ns)

 <State 5>: 2.920ns
The critical path consists of the following:
	bus response operation ('gmem4_addr_resp', cpp/semgraph_slam/hls/registration_kernel_draft.cpp:64) on port 'gmem4' (cpp/semgraph_slam/hls/registration_kernel_draft.cpp:64) [99]  (2.920 ns)

 <State 6>: 2.920ns
The critical path consists of the following:
	bus response operation ('gmem4_addr_resp', cpp/semgraph_slam/hls/registration_kernel_draft.cpp:64) on port 'gmem4' (cpp/semgraph_slam/hls/registration_kernel_draft.cpp:64) [99]  (2.920 ns)

 <State 7>: 2.920ns
The critical path consists of the following:
	bus response operation ('gmem4_addr_resp', cpp/semgraph_slam/hls/registration_kernel_draft.cpp:64) on port 'gmem4' (cpp/semgraph_slam/hls/registration_kernel_draft.cpp:64) [99]  (2.920 ns)

 <State 8>: 2.920ns
The critical path consists of the following:
	bus response operation ('gmem4_addr_resp', cpp/semgraph_slam/hls/registration_kernel_draft.cpp:64) on port 'gmem4' (cpp/semgraph_slam/hls/registration_kernel_draft.cpp:64) [99]  (2.920 ns)

 <State 9>: 2.920ns
The critical path consists of the following:
	bus response operation ('gmem4_addr_1_resp', cpp/semgraph_slam/hls/registration_kernel_draft.cpp:65) on port 'gmem4' (cpp/semgraph_slam/hls/registration_kernel_draft.cpp:65) [106]  (2.920 ns)

 <State 10>: 2.920ns
The critical path consists of the following:
	bus response operation ('gmem4_addr_1_resp', cpp/semgraph_slam/hls/registration_kernel_draft.cpp:65) on port 'gmem4' (cpp/semgraph_slam/hls/registration_kernel_draft.cpp:65) [106]  (2.920 ns)

 <State 11>: 2.867ns
The critical path consists of the following:
	'icmp' operation 1 bit ('empty_60') [128]  (0.880 ns)
	'select' operation 32 bit ('select_ln70', cpp/semgraph_slam/hls/registration_kernel_draft.cpp:70) [130]  (0.227 ns)
	'icmp' operation 1 bit ('empty_61', cpp/semgraph_slam/hls/registration_kernel_draft.cpp:70) [131]  (0.880 ns)
	'select' operation 32 bit ('select_ln70_1', cpp/semgraph_slam/hls/registration_kernel_draft.cpp:70) [133]  (0.000 ns)
	'add' operation 33 bit ('add_ln70', cpp/semgraph_slam/hls/registration_kernel_draft.cpp:70) [135]  (0.880 ns)

 <State 12>: 0.000ns
The critical path consists of the following:

 <State 13>: 0.000ns
The critical path consists of the following:

 <State 14>: 0.959ns
The critical path consists of the following:
	'load' operation 3 bit ('c', cpp/semgraph_slam/hls/registration_kernel_draft.cpp:140) on local variable 'r', cpp/semgraph_slam/hls/registration_kernel_draft.cpp:140 [169]  (0.000 ns)
	'icmp' operation 1 bit ('icmp_ln140', cpp/semgraph_slam/hls/registration_kernel_draft.cpp:140) [170]  (0.572 ns)
	'store' operation 0 bit ('store_ln140', cpp/semgraph_slam/hls/registration_kernel_draft.cpp:140) of variable 'add_ln140_1', cpp/semgraph_slam/hls/registration_kernel_draft.cpp:140 on local variable 'r', cpp/semgraph_slam/hls/registration_kernel_draft.cpp:140 [188]  (0.387 ns)

 <State 15>: 2.241ns
The critical path consists of the following:
	'load' operation 6 bit ('read_idx_load', cpp/semgraph_slam/hls/registration_kernel_draft.cpp:140) on local variable 'read_idx', cpp/semgraph_slam/hls/registration_kernel_draft.cpp:139 [174]  (0.000 ns)
	'call' operation 0 bit ('call_ln140', cpp/semgraph_slam/hls/registration_kernel_draft.cpp:140) to 'registration_accumulate_kernel_Pipeline_VITIS_LOOP_141_10' [183]  (2.241 ns)

 <State 16>: 0.000ns
The critical path consists of the following:

 <State 17>: 2.920ns
The critical path consists of the following:
	'getelementptr' operation 64 bit ('gmem3_addr', cpp/semgraph_slam/hls/registration_kernel_draft.cpp:151) [194]  (0.000 ns)
	bus request operation ('empty_64', cpp/semgraph_slam/hls/registration_kernel_draft.cpp:151) on port 'gmem3' (cpp/semgraph_slam/hls/registration_kernel_draft.cpp:151) [195]  (2.920 ns)

 <State 18>: 0.518ns
The critical path consists of the following:
	'call' operation 0 bit ('call_ln151', cpp/semgraph_slam/hls/registration_kernel_draft.cpp:151) to 'registration_accumulate_kernel_Pipeline_VITIS_LOOP_151_11' [196]  (0.518 ns)

 <State 19>: 1.346ns
The critical path consists of the following:
	'call' operation 0 bit ('call_ln151', cpp/semgraph_slam/hls/registration_kernel_draft.cpp:151) to 'registration_accumulate_kernel_Pipeline_VITIS_LOOP_151_11' [196]  (1.346 ns)

 <State 20>: 2.920ns
The critical path consists of the following:
	bus response operation ('empty_65', cpp/semgraph_slam/hls/registration_kernel_draft.cpp:155) on port 'gmem3' (cpp/semgraph_slam/hls/registration_kernel_draft.cpp:155) [197]  (2.920 ns)

 <State 21>: 2.920ns
The critical path consists of the following:
	bus response operation ('empty_65', cpp/semgraph_slam/hls/registration_kernel_draft.cpp:155) on port 'gmem3' (cpp/semgraph_slam/hls/registration_kernel_draft.cpp:155) [197]  (2.920 ns)

 <State 22>: 2.920ns
The critical path consists of the following:
	bus response operation ('empty_65', cpp/semgraph_slam/hls/registration_kernel_draft.cpp:155) on port 'gmem3' (cpp/semgraph_slam/hls/registration_kernel_draft.cpp:155) [197]  (2.920 ns)

 <State 23>: 2.920ns
The critical path consists of the following:
	bus response operation ('empty_65', cpp/semgraph_slam/hls/registration_kernel_draft.cpp:155) on port 'gmem3' (cpp/semgraph_slam/hls/registration_kernel_draft.cpp:155) [197]  (2.920 ns)

 <State 24>: 2.920ns
The critical path consists of the following:
	bus response operation ('empty_65', cpp/semgraph_slam/hls/registration_kernel_draft.cpp:155) on port 'gmem3' (cpp/semgraph_slam/hls/registration_kernel_draft.cpp:155) [197]  (2.920 ns)


============================================================
+ Verbose Summary: Binding
============================================================
N/A
* FSMD analyzer results:
  - Output states:
 - Input state : 
  - Chain level:
	State 1
	State 2
	State 3
	State 4
	State 5
	State 6
	State 7
	State 8
	State 9
	State 10
	State 11
	State 12
	State 13
	State 14
	State 15
	State 16
	State 17
	State 18
	State 19
	State 20
	State 21
	State 22
	State 23
	State 24


============================================================
+ Verbose Summary: Datapath Resource usage 
============================================================
N/A
