

================================================================
== Vitis HLS Report for 'registration_accumulate_kernel_Pipeline_VITIS_LOOP_151_11'
================================================================
* Date:           Wed Apr 15 02:32:39 2026

* Version:        2024.1 (Build 5069499 on May 21 2024)
* Project:        registration_hls
* Solution:       solution1 (Vivado IP Flow Target)
* Product family: virtexuplus
* Target device:  xcvu9p-flgb2104-2-i


================================================================
== Performance Estimates
================================================================
+ Timing: 
    * Summary: 
    +--------+---------+----------+------------+
    |  Clock |  Target | Estimated| Uncertainty|
    +--------+---------+----------+------------+
    |ap_clk  |  4.00 ns|  2.920 ns|     1.08 ns|
    +--------+---------+----------+------------+

+ Latency: 
    * Summary: 
    +---------+---------+-----------+-----------+-----+-----+-----------------------------------------------+
    |  Latency (cycles) |   Latency (absolute)  |  Interval |                    Pipeline                   |
    |   min   |   max   |    min    |    max    | min | max |                      Type                     |
    +---------+---------+-----------+-----------+-----+-----+-----------------------------------------------+
    |        8|        8|  32.000 ns|  32.000 ns|    7|    7|  loop auto-rewind stp(delay=0 clock cycles(s))|
    +---------+---------+-----------+-----------+-----+-----+-----------------------------------------------+

    + Detail: 
        * Instance: 
        N/A

        * Loop: 
        +---------------------+---------+---------+----------+-----------+-----------+------+----------+
        |                     |  Latency (cycles) | Iteration|  Initiation Interval  | Trip |          |
        |      Loop Name      |   min   |   max   |  Latency |  achieved |   target  | Count| Pipelined|
        +---------------------+---------+---------+----------+-----------+-----------+------+----------+
        |- VITIS_LOOP_151_11  |        6|        6|         2|          1|          1|     6|       yes|
        +---------------------+---------+---------+----------+-----------+-----------+------+----------+

============================================================
+ Verbose Summary: Synthesis Manager
============================================================
InlineROM: 1
ExposeGlobal: 0
============================================================
+ Verbose Summary: CDFG Model
============================================================
IsTopModel: 0
ResetActiveHigh: 1
IsCombinational: 0
IsDatapathOnly: 0
HasWiredReturn: 1
HasMFsm: 2
HasVarLatency: 1
IsPipeline: 0
IsRtlPipelined: 0
IsInstanceOverlapped: 0
IsDontTouch: 0
HasImplIP: 0
IsGatedGlobalClock: 0

+ Individual pipeline summary: 
  * Pipeline-0: initiation interval (II) = 1, depth = 2


============================================================
+ Verbose Summary: Schedule
============================================================
* Number of FSM states : 2
* Pipeline : 1
  Pipeline-0 : II = 1, D = 2, States = { 1 2 }
* Dataflow Pipeline: 0

* FSM state transitions: 
1 --> 2 
2 --> 

* FSM state operations: 

State 1 <SV = 0> <Delay = 1.34>
ST_1 : Operation 5 [1/1] (0.00ns)   --->   "%i_1 = alloca i32 1" [cpp/semgraph_slam/hls/registration_kernel_draft.cpp:151]   --->   Operation 5 'alloca' 'i_1' <Predicate = true> <Delay = 0.00>
ST_1 : Operation 6 [1/1] (0.00ns)   --->   "%p_reload89_read = read i64 @_ssdm_op_Read.ap_auto.double, i64 %p_reload89"   --->   Operation 6 'read' 'p_reload89_read' <Predicate = true> <Delay = 0.00>
ST_1 : Operation 7 [1/1] (0.00ns)   --->   "%p_reload90_read = read i64 @_ssdm_op_Read.ap_auto.double, i64 %p_reload90"   --->   Operation 7 'read' 'p_reload90_read' <Predicate = true> <Delay = 0.00>
ST_1 : Operation 8 [1/1] (0.00ns)   --->   "%p_reload91_read = read i64 @_ssdm_op_Read.ap_auto.double, i64 %p_reload91"   --->   Operation 8 'read' 'p_reload91_read' <Predicate = true> <Delay = 0.00>
ST_1 : Operation 9 [1/1] (0.00ns)   --->   "%p_reload92_read = read i64 @_ssdm_op_Read.ap_auto.double, i64 %p_reload92"   --->   Operation 9 'read' 'p_reload92_read' <Predicate = true> <Delay = 0.00>
ST_1 : Operation 10 [1/1] (0.00ns)   --->   "%p_reload93_read = read i64 @_ssdm_op_Read.ap_auto.double, i64 %p_reload93"   --->   Operation 10 'read' 'p_reload93_read' <Predicate = true> <Delay = 0.00>
ST_1 : Operation 11 [1/1] (0.00ns)   --->   "%p_reload94_read = read i64 @_ssdm_op_Read.ap_auto.double, i64 %p_reload94"   --->   Operation 11 'read' 'p_reload94_read' <Predicate = true> <Delay = 0.00>
ST_1 : Operation 12 [1/1] (0.00ns)   --->   "%sext_ln151_read = read i61 @_ssdm_op_Read.ap_auto.i61, i61 %sext_ln151"   --->   Operation 12 'read' 'sext_ln151_read' <Predicate = true> <Delay = 0.00>
ST_1 : Operation 13 [1/1] (0.00ns)   --->   "%sext_ln151_cast = sext i61 %sext_ln151_read"   --->   Operation 13 'sext' 'sext_ln151_cast' <Predicate = true> <Delay = 0.00>
ST_1 : Operation 14 [1/1] (0.00ns)   --->   "%specinterface_ln0 = specinterface void @_ssdm_op_SpecInterface, i64 %gmem3, void @empty, i32 0, i32 0, void @empty_0, i32 0, i32 0, void @empty_6, void @empty_2, void @empty_0, i32 16, i32 16, i32 16, i32 16, void @empty_0, void @empty_0, i32 4294967295, i32 0, i32 0"   --->   Operation 14 'specinterface' 'specinterface_ln0' <Predicate = true> <Delay = 0.00>
ST_1 : Operation 15 [1/1] (0.38ns)   --->   "%store_ln151 = store i3 0, i3 %i_1" [cpp/semgraph_slam/hls/registration_kernel_draft.cpp:151]   --->   Operation 15 'store' 'store_ln151' <Predicate = true> <Delay = 0.38>
ST_1 : Operation 16 [1/1] (0.00ns)   --->   "%br_ln0 = br void %for.inc207"   --->   Operation 16 'br' 'br_ln0' <Predicate = true> <Delay = 0.00>
ST_1 : Operation 17 [1/1] (0.00ns)   --->   "%i = load i3 %i_1" [cpp/semgraph_slam/hls/registration_kernel_draft.cpp:151]   --->   Operation 17 'load' 'i' <Predicate = true> <Delay = 0.00>
ST_1 : Operation 18 [1/1] (0.00ns)   --->   "%specbitsmap_ln0 = specbitsmap void @_ssdm_op_SpecBitsMap, i64 %gmem3"   --->   Operation 18 'specbitsmap' 'specbitsmap_ln0' <Predicate = true> <Delay = 0.00>
ST_1 : Operation 19 [1/1] (0.57ns)   --->   "%icmp_ln151 = icmp_eq  i3 %i, i3 6" [cpp/semgraph_slam/hls/registration_kernel_draft.cpp:151]   --->   Operation 19 'icmp' 'icmp_ln151' <Predicate = true> <Delay = 0.57> <CoreInst = "Cmp">   --->   Core 9 'Cmp' <Latency = 0> <II = 1> <Delay = 0.57> <FuncUnit> <Opcode : 'seteq' 'setne' 'setle' 'setge' 'setlt' 'setgt'> <InPorts = 2> <OutPorts = 1>
ST_1 : Operation 20 [1/1] (0.57ns)   --->   "%add_ln151 = add i3 %i, i3 1" [cpp/semgraph_slam/hls/registration_kernel_draft.cpp:151]   --->   Operation 20 'add' 'add_ln151' <Predicate = true> <Delay = 0.57> <CoreInst = "Adder">   --->   Core 1 'Adder' <Latency = 0> <II = 1> <Delay = 0.57> <FuncUnit> <Opcode : 'add' 'sub'> <InPorts = 2> <OutPorts = 1>
ST_1 : Operation 21 [1/1] (0.00ns)   --->   "%br_ln151 = br i1 %icmp_ln151, void %for.inc207.split, void %for.end209.exitStub" [cpp/semgraph_slam/hls/registration_kernel_draft.cpp:151]   --->   Operation 21 'br' 'br_ln151' <Predicate = true> <Delay = 0.00>
ST_1 : Operation 22 [1/1] (0.51ns)   --->   "%tmp = sparsemux i64 @_ssdm_op_SparseMux.ap_auto.6double.double.i3, i3 0, i64 %p_reload94_read, i3 1, i64 %p_reload93_read, i3 2, i64 %p_reload92_read, i3 3, i64 %p_reload91_read, i3 4, i64 %p_reload90_read, i3 5, i64 %p_reload89_read, i64 <undef>, i3 %i" [cpp/semgraph_slam/hls/registration_kernel_draft.cpp:153]   --->   Operation 22 'sparsemux' 'tmp' <Predicate = (!icmp_ln151)> <Delay = 0.51> <CoreInst = "SparseMux">   --->   Core 144 'SparseMux' <Latency = 0> <II = 1> <Delay = 0.51> <FuncUnit> <Opcode : 'sparsemux'> <InPorts = 2> <OutPorts = 1>
ST_1 : Operation 23 [1/1] (0.38ns)   --->   "%store_ln151 = store i3 %add_ln151, i3 %i_1" [cpp/semgraph_slam/hls/registration_kernel_draft.cpp:151]   --->   Operation 23 'store' 'store_ln151' <Predicate = (!icmp_ln151)> <Delay = 0.38>
ST_1 : Operation 31 [1/1] (0.38ns)   --->   "%ret_ln0 = ret"   --->   Operation 31 'ret' 'ret_ln0' <Predicate = (icmp_ln151)> <Delay = 0.38>

State 2 <SV = 1> <Delay = 2.92>
ST_2 : Operation 24 [1/1] (0.00ns)   --->   "%gmem3_addr = getelementptr i64 %gmem3, i64 %sext_ln151_cast" [cpp/semgraph_slam/hls/registration_kernel_draft.cpp:151]   --->   Operation 24 'getelementptr' 'gmem3_addr' <Predicate = true> <Delay = 0.00>
ST_2 : Operation 25 [1/1] (0.00ns)   --->   "%specpipeline_ln152 = specpipeline void @_ssdm_op_SpecPipeline, i32 1, i32 0, i32 0, i32 0, void @empty_0" [cpp/semgraph_slam/hls/registration_kernel_draft.cpp:152]   --->   Operation 25 'specpipeline' 'specpipeline_ln152' <Predicate = true> <Delay = 0.00>
ST_2 : Operation 26 [1/1] (0.00ns)   --->   "%speclooptripcount_ln151 = speclooptripcount void @_ssdm_op_SpecLoopTripCount, i64 6, i64 6, i64 6" [cpp/semgraph_slam/hls/registration_kernel_draft.cpp:151]   --->   Operation 26 'speclooptripcount' 'speclooptripcount_ln151' <Predicate = true> <Delay = 0.00>
ST_2 : Operation 27 [1/1] (0.00ns)   --->   "%specloopname_ln151 = specloopname void @_ssdm_op_SpecLoopName, void @empty_22" [cpp/semgraph_slam/hls/registration_kernel_draft.cpp:151]   --->   Operation 27 'specloopname' 'specloopname_ln151' <Predicate = true> <Delay = 0.00>
ST_2 : Operation 28 [1/1] (0.00ns)   --->   "%bitcast_ln153 = bitcast i64 %tmp" [cpp/semgraph_slam/hls/registration_kernel_draft.cpp:153]   --->   Operation 28 'bitcast' 'bitcast_ln153' <Predicate = true> <Delay = 0.00>
ST_2 : Operation 29 [1/1] (2.92ns)   --->   "%write_ln153 = write void @_ssdm_op_Write.m_axi.p1i64, i64 %gmem3_addr, i64 %bitcast_ln153, i8 255" [cpp/semgraph_slam/hls/registration_kernel_draft.cpp:153]   --->   Operation 29 'write' 'write_ln153' <Predicate = true> <Delay = 2.92> <CoreInst = "m_axi">   --->   Core 119 'm_axi' <Latency = 0> <II = 1> <Delay = 1.00> <Adapter> <Opcode : 'read' 'write' 'readreq' 'writereq' 'writeresp'>
ST_2 : Operation 30 [1/1] (0.00ns)   --->   "%br_ln151 = br void %for.inc207" [cpp/semgraph_slam/hls/registration_kernel_draft.cpp:151]   --->   Operation 30 'br' 'br_ln151' <Predicate = true> <Delay = 0.00>


============================================================
+ Verbose Summary: Binding
============================================================
STG Binding: 
---------------- STG Properties BEGIN ----------------
- Is combinational: 0
- Is one-state seq: 0
- Is datapath-only: 0
- Is pipelined: 0
- Is top level: 0
Port [ Return ] is wired: 1; IO mode=ap_ctrl_hs:ce=0
Port [ gmem3]:  wired=1; compound=1; hidden=0; nouse=0; global=0; static=0; extern=0; dir=1; type=4; pingpong=0; private_global=0; IO mode=m_axi:ce=0
Port [ sext_ln151]:  wired=1; compound=0; hidden=0; nouse=0; global=0; static=0; extern=0; dir=0; type=0; pingpong=0; private_global=0; IO mode=ap_none:ce=0
Port [ p_reload94]:  wired=1; compound=0; hidden=0; nouse=0; global=0; static=0; extern=0; dir=0; type=0; pingpong=0; private_global=0; IO mode=ap_none:ce=0
Port [ p_reload93]:  wired=1; compound=0; hidden=0; nouse=0; global=0; static=0; extern=0; dir=0; type=0; pingpong=0; private_global=0; IO mode=ap_none:ce=0
Port [ p_reload92]:  wired=1; compound=0; hidden=0; nouse=0; global=0; static=0; extern=0; dir=0; type=0; pingpong=0; private_global=0; IO mode=ap_none:ce=0
Port [ p_reload91]:  wired=1; compound=0; hidden=0; nouse=0; global=0; static=0; extern=0; dir=0; type=0; pingpong=0; private_global=0; IO mode=ap_none:ce=0
Port [ p_reload90]:  wired=1; compound=0; hidden=0; nouse=0; global=0; static=0; extern=0; dir=0; type=0; pingpong=0; private_global=0; IO mode=ap_none:ce=0
Port [ p_reload89]:  wired=1; compound=0; hidden=0; nouse=0; global=0; static=0; extern=0; dir=0; type=0; pingpong=0; private_global=0; IO mode=ap_none:ce=0
---------------- STG Properties END ------------------

---------------- Datapath Model BEGIN ----------------

<LifeTime>
<method=bitvector/>
i_1                     (alloca           ) [ 010]
p_reload89_read         (read             ) [ 000]
p_reload90_read         (read             ) [ 000]
p_reload91_read         (read             ) [ 000]
p_reload92_read         (read             ) [ 000]
p_reload93_read         (read             ) [ 000]
p_reload94_read         (read             ) [ 000]
sext_ln151_read         (read             ) [ 000]
sext_ln151_cast         (sext             ) [ 011]
specinterface_ln0       (specinterface    ) [ 000]
store_ln151             (store            ) [ 000]
br_ln0                  (br               ) [ 000]
i                       (load             ) [ 000]
specbitsmap_ln0         (specbitsmap      ) [ 000]
icmp_ln151              (icmp             ) [ 010]
add_ln151               (add              ) [ 000]
br_ln151                (br               ) [ 000]
tmp                     (sparsemux        ) [ 011]
store_ln151             (store            ) [ 000]
gmem3_addr              (getelementptr    ) [ 000]
specpipeline_ln152      (specpipeline     ) [ 000]
speclooptripcount_ln151 (speclooptripcount) [ 000]
specloopname_ln151      (specloopname     ) [ 000]
bitcast_ln153           (bitcast          ) [ 000]
write_ln153             (write            ) [ 000]
br_ln151                (br               ) [ 000]
ret_ln0                 (ret              ) [ 000]
</LifeTime>

<model>

<comp_list>
<comp id="0" class="1000" name="gmem3">
<pin_list>
<pin id="1" dir="1" index="0" bw="1" slack="0"/>
</pin_list>
<bind>
<StgValue><ssdm name="gmem3"/></StgValue>
</bind>
</comp>

<comp id="2" class="1000" name="sext_ln151">
<pin_list>
<pin id="3" dir="1" index="0" bw="1" slack="0"/>
</pin_list>
<bind>
<StgValue><ssdm name="sext_ln151"/></StgValue>
</bind>
</comp>

<comp id="4" class="1000" name="p_reload94">
<pin_list>
<pin id="5" dir="1" index="0" bw="1" slack="0"/>
</pin_list>
<bind>
<StgValue><ssdm name="p_reload94"/></StgValue>
</bind>
</comp>

<comp id="6" class="1000" name="p_reload93">
<pin_list>
<pin id="7" dir="1" index="0" bw="1" slack="0"/>
</pin_list>
<bind>
<StgValue><ssdm name="p_reload93"/></StgValue>
</bind>
</comp>

<comp id="8" class="1000" name="p_reload92">
<pin_list>
<pin id="9" dir="1" index="0" bw="1" slack="0"/>
</pin_list>
<bind>
<StgValue><ssdm name="p_reload92"/></StgValue>
</bind>
</comp>

<comp id="10" class="1000" name="p_reload91">
<pin_list>
<pin id="11" dir="1" index="0" bw="1" slack="0"/>
</pin_list>
<bind>
<StgValue><ssdm name="p_reload91"/></StgValue>
</bind>
</comp>

<comp id="12" class="1000" name="p_reload90">
<pin_list>
<pin id="13" dir="1" index="0" bw="1" slack="0"/>
</pin_list>
<bind>
<StgValue><ssdm name="p_reload90"/></StgValue>
</bind>
</comp>

<comp id="14" class="1000" name="p_reload89">
<pin_list>
<pin id="15" dir="1" index="0" bw="1" slack="0"/>
</pin_list>
<bind>
<StgValue><ssdm name="p_reload89"/></StgValue>
</bind>
</comp>

<comp id="16" class="1001" name="const_16">
<pin_list>
<pin id="17" dir="1" index="0" bw="1" slack="0"/>
</pin_list>
<bind>
<StgValue><ssdm name=""/></StgValue>
</bind>
</comp>

<comp id="18" class="1001" name="const_18">
<pin_list>
<pin id="19" dir="1" index="0" bw="1" slack="0"/>
</pin_list>
<bind>
<StgValue><ssdm name="_ssdm_op_Read.ap_auto.double"/></StgValue>
</bind>
</comp>

<comp id="20" class="1001" name="const_20">
<pin_list>
<pin id="21" dir="1" index="0" bw="1" slack="0"/>
</pin_list>
<bind>
<StgValue><ssdm name="_ssdm_op_Read.ap_auto.i61"/></StgValue>
</bind>
</comp>

<comp id="22" class="1001" name="const_22">
<pin_list>
<pin id="23" dir="1" index="0" bw="1" slack="2147483647"/>
</pin_list>
<bind>
<StgValue><ssdm name="_ssdm_op_SpecInterface"/></StgValue>
</bind>
</comp>

<comp id="24" class="1001" name="const_24">
<pin_list>
<pin id="25" dir="1" index="0" bw="1" slack="2147483647"/>
</pin_list>
<bind>
<StgValue><ssdm name="empty"/></StgValue>
</bind>
</comp>

<comp id="26" class="1001" name="const_26">
<pin_list>
<pin id="27" dir="1" index="0" bw="1" slack="2147483647"/>
</pin_list>
<bind>
<StgValue><ssdm name=""/></StgValue>
</bind>
</comp>

<comp id="28" class="1001" name="const_28">
<pin_list>
<pin id="29" dir="1" index="0" bw="1" slack="2147483647"/>
</pin_list>
<bind>
<StgValue><ssdm name="empty_0"/></StgValue>
</bind>
</comp>

<comp id="30" class="1001" name="const_30">
<pin_list>
<pin id="31" dir="1" index="0" bw="1" slack="2147483647"/>
</pin_list>
<bind>
<StgValue><ssdm name="empty_6"/></StgValue>
</bind>
</comp>

<comp id="32" class="1001" name="const_32">
<pin_list>
<pin id="33" dir="1" index="0" bw="1" slack="2147483647"/>
</pin_list>
<bind>
<StgValue><ssdm name="empty_2"/></StgValue>
</bind>
</comp>

<comp id="34" class="1001" name="const_34">
<pin_list>
<pin id="35" dir="1" index="0" bw="1" slack="2147483647"/>
</pin_list>
<bind>
<StgValue><ssdm name=""/></StgValue>
</bind>
</comp>

<comp id="36" class="1001" name="const_36">
<pin_list>
<pin id="37" dir="1" index="0" bw="1" slack="2147483647"/>
</pin_list>
<bind>
<StgValue><ssdm name=""/></StgValue>
</bind>
</comp>

<comp id="38" class="1001" name="const_38">
<pin_list>
<pin id="39" dir="1" index="0" bw="1" slack="0"/>
</pin_list>
<bind>
<StgValue><ssdm name=""/></StgValue>
</bind>
</comp>

<comp id="40" class="1001" name="const_40">
<pin_list>
<pin id="41" dir="1" index="0" bw="1" slack="2147483647"/>
</pin_list>
<bind>
<StgValue><ssdm name="_ssdm_op_SpecBitsMap"/></StgValue>
</bind>
</comp>

<comp id="42" class="1001" name="const_42">
<pin_list>
<pin id="43" dir="1" index="0" bw="1" slack="0"/>
</pin_list>
<bind>
<StgValue><ssdm name=""/></StgValue>
</bind>
</comp>

<comp id="44" class="1001" name="const_44">
<pin_list>
<pin id="45" dir="1" index="0" bw="1" slack="0"/>
</pin_list>
<bind>
<StgValue><ssdm name=""/></StgValue>
</bind>
</comp>

<comp id="46" class="1001" name="const_46">
<pin_list>
<pin id="47" dir="1" index="0" bw="1" slack="0"/>
</pin_list>
<bind>
<StgValue><ssdm name="_ssdm_op_SparseMux.ap_auto.6double.double.i3"/></StgValue>
</bind>
</comp>

<comp id="48" class="1001" name="const_48">
<pin_list>
<pin id="49" dir="1" index="0" bw="1" slack="0"/>
</pin_list>
<bind>
<StgValue><ssdm name=""/></StgValue>
</bind>
</comp>

<comp id="50" class="1001" name="const_50">
<pin_list>
<pin id="51" dir="1" index="0" bw="1" slack="0"/>
</pin_list>
<bind>
<StgValue><ssdm name=""/></StgValue>
</bind>
</comp>

<comp id="52" class="1001" name="const_52">
<pin_list>
<pin id="53" dir="1" index="0" bw="1" slack="0"/>
</pin_list>
<bind>
<StgValue><ssdm name=""/></StgValue>
</bind>
</comp>

<comp id="54" class="1001" name="const_54">
<pin_list>
<pin id="55" dir="1" index="0" bw="1" slack="0"/>
</pin_list>
<bind>
<StgValue><ssdm name=""/></StgValue>
</bind>
</comp>

<comp id="56" class="1001" name="const_56">
<pin_list>
<pin id="57" dir="1" index="0" bw="1" slack="0"/>
</pin_list>
<bind>
<StgValue><ssdm name=""/></StgValue>
</bind>
</comp>

<comp id="58" class="1001" name="const_58">
<pin_list>
<pin id="59" dir="1" index="0" bw="1" slack="2147483647"/>
</pin_list>
<bind>
<StgValue><ssdm name="_ssdm_op_SpecPipeline"/></StgValue>
</bind>
</comp>

<comp id="60" class="1001" name="const_60">
<pin_list>
<pin id="61" dir="1" index="0" bw="1" slack="2147483647"/>
</pin_list>
<bind>
<StgValue><ssdm name="_ssdm_op_SpecLoopTripCount"/></StgValue>
</bind>
</comp>

<comp id="62" class="1001" name="const_62">
<pin_list>
<pin id="63" dir="1" index="0" bw="1" slack="2147483647"/>
</pin_list>
<bind>
<StgValue><ssdm name=""/></StgValue>
</bind>
</comp>

<comp id="64" class="1001" name="const_64">
<pin_list>
<pin id="65" dir="1" index="0" bw="1" slack="2147483647"/>
</pin_list>
<bind>
<StgValue><ssdm name="_ssdm_op_SpecLoopName"/></StgValue>
</bind>
</comp>

<comp id="66" class="1001" name="const_66">
<pin_list>
<pin id="67" dir="1" index="0" bw="1" slack="2147483647"/>
</pin_list>
<bind>
<StgValue><ssdm name="empty_22"/></StgValue>
</bind>
</comp>

<comp id="68" class="1001" name="const_68">
<pin_list>
<pin id="69" dir="1" index="0" bw="1" slack="0"/>
</pin_list>
<bind>
<StgValue><ssdm name="_ssdm_op_Write.m_axi.p1i64"/></StgValue>
</bind>
</comp>

<comp id="70" class="1001" name="const_70">
<pin_list>
<pin id="71" dir="1" index="0" bw="1" slack="0"/>
</pin_list>
<bind>
<StgValue><ssdm name=""/></StgValue>
</bind>
</comp>

<comp id="72" class="1004" name="i_1_fu_72">
<pin_list>
<pin id="73" dir="0" index="0" bw="1" slack="0"/>
<pin id="74" dir="1" index="1" bw="3" slack="0"/>
</pin_list>
<bind>
<opcode="alloca(26) " fcode="alloca"/>
<opset="i_1/1 "/>
</bind>
</comp>

<comp id="76" class="1004" name="p_reload89_read_read_fu_76">
<pin_list>
<pin id="77" dir="0" index="0" bw="64" slack="0"/>
<pin id="78" dir="0" index="1" bw="64" slack="0"/>
<pin id="79" dir="1" index="2" bw="64" slack="0"/>
</pin_list>
<bind>
<opcode="read(1150) " fcode="read"/>
<opset="p_reload89_read/1 "/>
</bind>
</comp>

<comp id="82" class="1004" name="p_reload90_read_read_fu_82">
<pin_list>
<pin id="83" dir="0" index="0" bw="64" slack="0"/>
<pin id="84" dir="0" index="1" bw="64" slack="0"/>
<pin id="85" dir="1" index="2" bw="64" slack="0"/>
</pin_list>
<bind>
<opcode="read(1150) " fcode="read"/>
<opset="p_reload90_read/1 "/>
</bind>
</comp>

<comp id="88" class="1004" name="p_reload91_read_read_fu_88">
<pin_list>
<pin id="89" dir="0" index="0" bw="64" slack="0"/>
<pin id="90" dir="0" index="1" bw="64" slack="0"/>
<pin id="91" dir="1" index="2" bw="64" slack="0"/>
</pin_list>
<bind>
<opcode="read(1150) " fcode="read"/>
<opset="p_reload91_read/1 "/>
</bind>
</comp>

<comp id="94" class="1004" name="p_reload92_read_read_fu_94">
<pin_list>
<pin id="95" dir="0" index="0" bw="64" slack="0"/>
<pin id="96" dir="0" index="1" bw="64" slack="0"/>
<pin id="97" dir="1" index="2" bw="64" slack="0"/>
</pin_list>
<bind>
<opcode="read(1150) " fcode="read"/>
<opset="p_reload92_read/1 "/>
</bind>
</comp>

<comp id="100" class="1004" name="p_reload93_read_read_fu_100">
<pin_list>
<pin id="101" dir="0" index="0" bw="64" slack="0"/>
<pin id="102" dir="0" index="1" bw="64" slack="0"/>
<pin id="103" dir="1" index="2" bw="64" slack="0"/>
</pin_list>
<bind>
<opcode="read(1150) " fcode="read"/>
<opset="p_reload93_read/1 "/>
</bind>
</comp>

<comp id="106" class="1004" name="p_reload94_read_read_fu_106">
<pin_list>
<pin id="107" dir="0" index="0" bw="64" slack="0"/>
<pin id="108" dir="0" index="1" bw="64" slack="0"/>
<pin id="109" dir="1" index="2" bw="64" slack="0"/>
</pin_list>
<bind>
<opcode="read(1150) " fcode="read"/>
<opset="p_reload94_read/1 "/>
</bind>
</comp>

<comp id="112" class="1004" name="sext_ln151_read_read_fu_112">
<pin_list>
<pin id="113" dir="0" index="0" bw="61" slack="0"/>
<pin id="114" dir="0" index="1" bw="61" slack="0"/>
<pin id="115" dir="1" index="2" bw="61" slack="0"/>
</pin_list>
<bind>
<opcode="read(1150) " fcode="read"/>
<opset="sext_ln151_read/1 "/>
</bind>
</comp>

<comp id="118" class="1004" name="write_ln153_write_fu_118">
<pin_list>
<pin id="119" dir="0" index="0" bw="0" slack="0"/>
<pin id="120" dir="0" index="1" bw="64" slack="0"/>
<pin id="121" dir="0" index="2" bw="64" slack="0"/>
<pin id="122" dir="0" index="3" bw="1" slack="0"/>
<pin id="123" dir="1" index="4" bw="0" slack="2147483647"/>
</pin_list>
<bind>
<opcode="write(1151) " fcode="write"/>
<opset="write_ln153/2 "/>
</bind>
</comp>

<comp id="126" class="1004" name="sext_ln151_cast_fu_126">
<pin_list>
<pin id="127" dir="0" index="0" bw="61" slack="0"/>
<pin id="128" dir="1" index="1" bw="64" slack="1"/>
</pin_list>
<bind>
<opcode="sext(35) " fcode="sext"/>
<opset="sext_ln151_cast/1 "/>
</bind>
</comp>

<comp id="130" class="1004" name="store_ln151_store_fu_130">
<pin_list>
<pin id="131" dir="0" index="0" bw="1" slack="0"/>
<pin id="132" dir="0" index="1" bw="3" slack="0"/>
<pin id="133" dir="1" index="2" bw="0" slack="2147483647"/>
</pin_list>
<bind>
<opcode="store(28) " fcode="store"/>
<opset="store_ln151/1 "/>
</bind>
</comp>

<comp id="135" class="1004" name="i_load_fu_135">
<pin_list>
<pin id="136" dir="0" index="0" bw="3" slack="0"/>
<pin id="137" dir="1" index="1" bw="3" slack="0"/>
</pin_list>
<bind>
<opcode="load(27) " fcode="load"/>
<opset="i/1 "/>
</bind>
</comp>

<comp id="138" class="1004" name="icmp_ln151_fu_138">
<pin_list>
<pin id="139" dir="0" index="0" bw="3" slack="0"/>
<pin id="140" dir="0" index="1" bw="2" slack="0"/>
<pin id="141" dir="1" index="2" bw="1" slack="2147483647"/>
</pin_list>
<bind>
<opcode="icmp(45) " fcode="icmp"/>
<opset="icmp_ln151/1 "/>
</bind>
</comp>

<comp id="144" class="1004" name="add_ln151_fu_144">
<pin_list>
<pin id="145" dir="0" index="0" bw="3" slack="0"/>
<pin id="146" dir="0" index="1" bw="1" slack="0"/>
<pin id="147" dir="1" index="2" bw="3" slack="0"/>
</pin_list>
<bind>
<opcode="add(8) " fcode="add"/>
<opset="add_ln151/1 "/>
</bind>
</comp>

<comp id="150" class="1004" name="tmp_fu_150">
<pin_list>
<pin id="151" dir="0" index="0" bw="64" slack="0"/>
<pin id="152" dir="0" index="1" bw="3" slack="0"/>
<pin id="153" dir="0" index="2" bw="64" slack="0"/>
<pin id="154" dir="0" index="3" bw="3" slack="0"/>
<pin id="155" dir="0" index="4" bw="64" slack="0"/>
<pin id="156" dir="0" index="5" bw="3" slack="0"/>
<pin id="157" dir="0" index="6" bw="64" slack="0"/>
<pin id="158" dir="0" index="7" bw="3" slack="0"/>
<pin id="159" dir="0" index="8" bw="64" slack="0"/>
<pin id="160" dir="0" index="9" bw="3" slack="0"/>
<pin id="161" dir="0" index="10" bw="64" slack="0"/>
<pin id="162" dir="0" index="11" bw="3" slack="0"/>
<pin id="163" dir="0" index="12" bw="64" slack="0"/>
<pin id="164" dir="0" index="13" bw="64" slack="0"/>
<pin id="165" dir="0" index="14" bw="3" slack="0"/>
<pin id="166" dir="1" index="15" bw="64" slack="1"/>
</pin_list>
<bind>
<opcode="sparsemux(1197) " fcode="sparsemux"/>
<opset="tmp/1 "/>
</bind>
</comp>

<comp id="182" class="1004" name="store_ln151_store_fu_182">
<pin_list>
<pin id="183" dir="0" index="0" bw="3" slack="0"/>
<pin id="184" dir="0" index="1" bw="3" slack="0"/>
<pin id="185" dir="1" index="2" bw="0" slack="2147483647"/>
</pin_list>
<bind>
<opcode="store(28) " fcode="store"/>
<opset="store_ln151/1 "/>
</bind>
</comp>

<comp id="187" class="1004" name="gmem3_addr_fu_187">
<pin_list>
<pin id="188" dir="0" index="0" bw="64" slack="0"/>
<pin id="189" dir="0" index="1" bw="61" slack="1"/>
<pin id="190" dir="1" index="2" bw="64" slack="0"/>
</pin_list>
<bind>
<opcode="getelementptr(29) " fcode="getelementptr"/>
<opset="gmem3_addr/2 "/>
</bind>
</comp>

<comp id="193" class="1004" name="bitcast_ln153_fu_193">
<pin_list>
<pin id="194" dir="0" index="0" bw="64" slack="1"/>
<pin id="195" dir="1" index="1" bw="64" slack="0"/>
</pin_list>
<bind>
<opcode="bitcast(44) " fcode="bitcast"/>
<opset="bitcast_ln153/2 "/>
</bind>
</comp>

<comp id="197" class="1005" name="i_1_reg_197">
<pin_list>
<pin id="198" dir="0" index="0" bw="3" slack="0"/>
<pin id="199" dir="1" index="1" bw="3" slack="0"/>
</pin_list>
<bind>
<opset="i_1 "/>
</bind>
</comp>

<comp id="204" class="1005" name="sext_ln151_cast_reg_204">
<pin_list>
<pin id="205" dir="0" index="0" bw="64" slack="1"/>
<pin id="206" dir="1" index="1" bw="64" slack="1"/>
</pin_list>
<bind>
<opset="sext_ln151_cast "/>
</bind>
</comp>

<comp id="212" class="1005" name="tmp_reg_212">
<pin_list>
<pin id="213" dir="0" index="0" bw="64" slack="1"/>
<pin id="214" dir="1" index="1" bw="64" slack="1"/>
</pin_list>
<bind>
<opset="tmp "/>
</bind>
</comp>

</comp_list>

<net_list>
<net id="75"><net_src comp="16" pin="0"/><net_sink comp="72" pin=0"/></net>

<net id="80"><net_src comp="18" pin="0"/><net_sink comp="76" pin=0"/></net>

<net id="81"><net_src comp="14" pin="0"/><net_sink comp="76" pin=1"/></net>

<net id="86"><net_src comp="18" pin="0"/><net_sink comp="82" pin=0"/></net>

<net id="87"><net_src comp="12" pin="0"/><net_sink comp="82" pin=1"/></net>

<net id="92"><net_src comp="18" pin="0"/><net_sink comp="88" pin=0"/></net>

<net id="93"><net_src comp="10" pin="0"/><net_sink comp="88" pin=1"/></net>

<net id="98"><net_src comp="18" pin="0"/><net_sink comp="94" pin=0"/></net>

<net id="99"><net_src comp="8" pin="0"/><net_sink comp="94" pin=1"/></net>

<net id="104"><net_src comp="18" pin="0"/><net_sink comp="100" pin=0"/></net>

<net id="105"><net_src comp="6" pin="0"/><net_sink comp="100" pin=1"/></net>

<net id="110"><net_src comp="18" pin="0"/><net_sink comp="106" pin=0"/></net>

<net id="111"><net_src comp="4" pin="0"/><net_sink comp="106" pin=1"/></net>

<net id="116"><net_src comp="20" pin="0"/><net_sink comp="112" pin=0"/></net>

<net id="117"><net_src comp="2" pin="0"/><net_sink comp="112" pin=1"/></net>

<net id="124"><net_src comp="68" pin="0"/><net_sink comp="118" pin=0"/></net>

<net id="125"><net_src comp="70" pin="0"/><net_sink comp="118" pin=3"/></net>

<net id="129"><net_src comp="112" pin="2"/><net_sink comp="126" pin=0"/></net>

<net id="134"><net_src comp="38" pin="0"/><net_sink comp="130" pin=0"/></net>

<net id="142"><net_src comp="135" pin="1"/><net_sink comp="138" pin=0"/></net>

<net id="143"><net_src comp="42" pin="0"/><net_sink comp="138" pin=1"/></net>

<net id="148"><net_src comp="135" pin="1"/><net_sink comp="144" pin=0"/></net>

<net id="149"><net_src comp="44" pin="0"/><net_sink comp="144" pin=1"/></net>

<net id="167"><net_src comp="46" pin="0"/><net_sink comp="150" pin=0"/></net>

<net id="168"><net_src comp="38" pin="0"/><net_sink comp="150" pin=1"/></net>

<net id="169"><net_src comp="106" pin="2"/><net_sink comp="150" pin=2"/></net>

<net id="170"><net_src comp="44" pin="0"/><net_sink comp="150" pin=3"/></net>

<net id="171"><net_src comp="100" pin="2"/><net_sink comp="150" pin=4"/></net>

<net id="172"><net_src comp="48" pin="0"/><net_sink comp="150" pin=5"/></net>

<net id="173"><net_src comp="94" pin="2"/><net_sink comp="150" pin=6"/></net>

<net id="174"><net_src comp="50" pin="0"/><net_sink comp="150" pin=7"/></net>

<net id="175"><net_src comp="88" pin="2"/><net_sink comp="150" pin=8"/></net>

<net id="176"><net_src comp="52" pin="0"/><net_sink comp="150" pin=9"/></net>

<net id="177"><net_src comp="82" pin="2"/><net_sink comp="150" pin=10"/></net>

<net id="178"><net_src comp="54" pin="0"/><net_sink comp="150" pin=11"/></net>

<net id="179"><net_src comp="76" pin="2"/><net_sink comp="150" pin=12"/></net>

<net id="180"><net_src comp="56" pin="0"/><net_sink comp="150" pin=13"/></net>

<net id="181"><net_src comp="135" pin="1"/><net_sink comp="150" pin=14"/></net>

<net id="186"><net_src comp="144" pin="2"/><net_sink comp="182" pin=0"/></net>

<net id="191"><net_src comp="0" pin="0"/><net_sink comp="187" pin=0"/></net>

<net id="192"><net_src comp="187" pin="2"/><net_sink comp="118" pin=1"/></net>

<net id="196"><net_src comp="193" pin="1"/><net_sink comp="118" pin=2"/></net>

<net id="200"><net_src comp="72" pin="1"/><net_sink comp="197" pin=0"/></net>

<net id="201"><net_src comp="197" pin="1"/><net_sink comp="130" pin=1"/></net>

<net id="202"><net_src comp="197" pin="1"/><net_sink comp="135" pin=0"/></net>

<net id="203"><net_src comp="197" pin="1"/><net_sink comp="182" pin=1"/></net>

<net id="207"><net_src comp="126" pin="1"/><net_sink comp="204" pin=0"/></net>

<net id="208"><net_src comp="204" pin="1"/><net_sink comp="187" pin=1"/></net>

<net id="215"><net_src comp="150" pin="15"/><net_sink comp="212" pin=0"/></net>

<net id="216"><net_src comp="212" pin="1"/><net_sink comp="193" pin=0"/></net>

</net_list>

</model> 
---------------- Datapath Model END ------------------

* FSMD analyzer results:
  - Output states:
	Port: gmem3 | {2 }
 - Input state : 
	Port: registration_accumulate_kernel_Pipeline_VITIS_LOOP_151_11 : sext_ln151 | {1 }
	Port: registration_accumulate_kernel_Pipeline_VITIS_LOOP_151_11 : p_reload94 | {1 }
	Port: registration_accumulate_kernel_Pipeline_VITIS_LOOP_151_11 : p_reload93 | {1 }
	Port: registration_accumulate_kernel_Pipeline_VITIS_LOOP_151_11 : p_reload92 | {1 }
	Port: registration_accumulate_kernel_Pipeline_VITIS_LOOP_151_11 : p_reload91 | {1 }
	Port: registration_accumulate_kernel_Pipeline_VITIS_LOOP_151_11 : p_reload90 | {1 }
	Port: registration_accumulate_kernel_Pipeline_VITIS_LOOP_151_11 : p_reload89 | {1 }
  - Chain level:
	State 1
		store_ln151 : 1
		i : 1
		icmp_ln151 : 2
		add_ln151 : 2
		br_ln151 : 3
		tmp : 2
		store_ln151 : 3
	State 2
		write_ln153 : 1


============================================================
+ Verbose Summary: Datapath Resource usage 
============================================================

* Functional unit list:
|----------|-----------------------------|---------|---------|
| Operation|       Functional Unit       |    FF   |   LUT   |
|----------|-----------------------------|---------|---------|
| sparsemux|          tmp_fu_150         |    0    |    31   |
|----------|-----------------------------|---------|---------|
|   icmp   |      icmp_ln151_fu_138      |    0    |    10   |
|----------|-----------------------------|---------|---------|
|    add   |       add_ln151_fu_144      |    0    |    10   |
|----------|-----------------------------|---------|---------|
|          |  p_reload89_read_read_fu_76 |    0    |    0    |
|          |  p_reload90_read_read_fu_82 |    0    |    0    |
|          |  p_reload91_read_read_fu_88 |    0    |    0    |
|   read   |  p_reload92_read_read_fu_94 |    0    |    0    |
|          | p_reload93_read_read_fu_100 |    0    |    0    |
|          | p_reload94_read_read_fu_106 |    0    |    0    |
|          | sext_ln151_read_read_fu_112 |    0    |    0    |
|----------|-----------------------------|---------|---------|
|   write  |   write_ln153_write_fu_118  |    0    |    0    |
|----------|-----------------------------|---------|---------|
|   sext   |    sext_ln151_cast_fu_126   |    0    |    0    |
|----------|-----------------------------|---------|---------|
|   Total  |                             |    0    |    51   |
|----------|-----------------------------|---------|---------|

Memories:
N/A

* Register list:
+-----------------------+--------+
|                       |   FF   |
+-----------------------+--------+
|      i_1_reg_197      |    3   |
|sext_ln151_cast_reg_204|   64   |
|      tmp_reg_212      |   64   |
+-----------------------+--------+
|         Total         |   131  |
+-----------------------+--------+

* Multiplexer (MUX) list: 
|--------|------|------|------|--------|
|  Comp  |  Pin | Size |  BW  | S x BW |
|--------|------|------|------|--------|
|  Total |      |      |      |    0   |
|--------|------|------|------|--------|



* Summary:
+-----------+--------+--------+
|           |   FF   |   LUT  |
+-----------+--------+--------+
|  Function |    0   |   51   |
|   Memory  |    -   |    -   |
|Multiplexer|    -   |    -   |
|  Register |   131  |    -   |
+-----------+--------+--------+
|   Total   |   131  |   51   |
+-----------+--------+--------+
