================================================================
== Design Size Report
================================================================

* Total Instructions per Compilation Phase
+---------------+-----------------------------+--------------+----------------------------------------------------------------------------------------+
| Phase         | Step                        | Instructions | Description                                                                            |
+---------------+-----------------------------+--------------+----------------------------------------------------------------------------------------+
| Compile/Link  |                             | 366          | After all functions are compiled and linked into a single design                       |
|               |                             |              |                                                                                        |
| Unroll/Inline |                             |              | After user unroll and inline pragmas are applied                                       |
|               | (1) unroll                  | 991          | user unroll pragmas are applied                                                        |
|               | (2) simplification          | 382          | simplification of applied user unroll pragmas                                          |
|               | (3) inline                  | 379          | user inline pragmas are applied                                                        |
|               | (4) simplification          | 377          | simplification of applied user inline pragmas                                          |
|               |                             |              |                                                                                        |
| Array/Struct  |                             |              | After user array partition and struct aggregate/disaggregate pragmas are applied       |
|               | (1) array partition         | 382          | user array partition pragmas are applied                                               |
|               | (2) simplification          | 300          | simplification of applied user array partition & struct aggregate/disaggregate pragmas |
|               | (3) aggregate/disaggregate  | 300          | user struct aggregate/disaggregate pragmas are applied                                 |
|               | (4) array reshape           | 300          | apply array reshape pragmas                                                            |
|               | (5) access patterns         | 333          | array access pattern optmizations                                                      |
|               |                             |              |                                                                                        |
| Performance   |                             |              | After transformations are applied to meet performance pragma targets                   |
|               | (1) loop simplification     | 329          | loop and instruction simplification                                                    |
|               | (2) parallelization         | 302          | loops are unrolled or pipelined to meet performance targets                            |
|               | (3) array partition         | 302          | arrays are partitioned to meet performance targets                                     |
|               | (4) simplification          | 302          | simplification of design after performance transformations                             |
|               |                             |              |                                                                                        |
| HW Transforms |                             |              | After hardware transfomations                                                          |
|               | (1) lowering                | 337          | initial conversion to HW specific instructions                                         |
|               | (2) optimizations           | 323          | high level synthesis optimizations                                                     |
+---------------+-----------------------------+--------------+----------------------------------------------------------------------------------------+

* Instructions per Function for each Compilation Phase
+-----------------------------------+----------------------------------+---------------+---------------+--------------+-------------+---------------+
| Function                          | Location                         | Compile/Link  | Unroll/Inline | Array/Struct | Performance | HW Transforms |
+-----------------------------------+----------------------------------+---------------+---------------+--------------+-------------+---------------+
| + registration_accumulate_kern... | registration_kernel_draft.cpp:26 | 366           | 377           | 333          | 302         | 323           |
|    sqr                            | registration_kernel_draft.cpp:14 |   4 (2 calls) |               |              |             |               |
|    SemanticWeight                 | registration_kernel_draft.cpp:16 |   6           |               |              |             |               |
+-----------------------------------+----------------------------------+---------------+---------------+--------------+-------------+---------------+

* Design Size Message Settings
+---------------------------------------------+--------+------------------------------------------------------------------+
| Message Setting                             | Value  | Description                                                      |
+---------------------------------------------+--------+------------------------------------------------------------------+
| config_compile -design_size_maximum_warning | 100000 | Show a warning when total design instructions exceeds this value |
+---------------------------------------------+--------+------------------------------------------------------------------+


