

================================================================
== Vitis HLS Report for 'registration_accumulate_kernel'
================================================================
* Date:           Wed Apr 15 02:32:40 2026

* Version:        2024.1 (Build 5069499 on May 21 2024)
* Project:        registration_hls
* Solution:       solution1 (Vivado IP Flow Target)
* Product family: virtexuplus
* Target device:  xcvu9p-flgb2104-2-i


================================================================
== Performance Estimates
================================================================
+ Timing: 
    * Summary: 
    +--------+---------+----------+------------+
    |  Clock |  Target | Estimated| Uncertainty|
    +--------+---------+----------+------------+
    |ap_clk  |  4.00 ns|  3.207 ns|     1.08 ns|
    +--------+---------+----------+------------+

+ Latency: 
    * Summary: 
    +---------+---------+----------+----------+-----+-------+---------+
    |  Latency (cycles) |  Latency (absolute) |   Interval  | Pipeline|
    |   min   |   max   |    min   |    max   | min |  max  |   Type  |
    +---------+---------+----------+----------+-----+-------+---------+
    |      182|    98540|  0.728 us|  0.394 ms|  183|  98541|       no|
    +---------+---------+----------+----------+-----+-------+---------+

    + Detail: 
        * Instance: 
        +----------------------------------------------------------------------+-----------------------------------------------------------+---------+---------+-----------+-----------+-----+-------+-----------------------------------------------+
        |                                                                      |                                                           |  Latency (cycles) |   Latency (absolute)  |   Interval  |                    Pipeline                   |
        |                               Instance                               |                           Module                          |   min   |   max   |    min    |    max    | min |  max  |                      Type                     |
        +----------------------------------------------------------------------+-----------------------------------------------------------+---------+---------+-----------+-----------+-----+-------+-----------------------------------------------+
        |grp_registration_accumulate_kernel_Pipeline_VITIS_LOOP_70_3_fu_406    |registration_accumulate_kernel_Pipeline_VITIS_LOOP_70_3    |       75|    98373|   0.300 us|   0.393 ms|   12|  98310|  loop auto-rewind stp(delay=0 clock cycles(s))|
        |grp_registration_accumulate_kernel_Pipeline_VITIS_LOOP_141_10_fu_448  |registration_accumulate_kernel_Pipeline_VITIS_LOOP_141_10  |       10|       20|  40.000 ns|  80.000 ns|    4|     14|  loop auto-rewind stp(delay=0 clock cycles(s))|
        |grp_registration_accumulate_kernel_Pipeline_VITIS_LOOP_151_11_fu_480  |registration_accumulate_kernel_Pipeline_VITIS_LOOP_151_11  |        8|        8|  32.000 ns|  32.000 ns|    7|      7|  loop auto-rewind stp(delay=0 clock cycles(s))|
        +----------------------------------------------------------------------+-----------------------------------------------------------+---------+---------+-----------+-----------+-----+-------+-----------------------------------------------+

        * Loop: 
        +--------------------+---------+---------+----------+-----------+-----------+------+----------+
        |                    |  Latency (cycles) | Iteration|  Initiation Interval  | Trip |          |
        |      Loop Name     |   min   |   max   |  Latency |  achieved |   target  | Count| Pipelined|
        +--------------------+---------+---------+----------+-----------+-----------+------+----------+
        |- VITIS_LOOP_140_9  |       78|      138|   13 ~ 23|          -|          -|     6|        no|
        +--------------------+---------+---------+----------+-----------+-----------+------+----------+



================================================================
== Utilization Estimates
================================================================
* Summary: 
+---------------------+---------+------+---------+---------+-----+
|         Name        | BRAM_18K|  DSP |    FF   |   LUT   | URAM|
+---------------------+---------+------+---------+---------+-----+
|DSP                  |        -|     -|        -|        -|    -|
|Expression           |        -|     -|        0|      495|    -|
|FIFO                 |        -|     -|        -|        -|    -|
|Instance             |        6|   108|    26224|    18721|    0|
|Memory               |        -|     -|        -|        -|    -|
|Multiplexer          |        -|     -|        0|      567|    -|
|Register             |        -|     -|      810|        -|    -|
+---------------------+---------+------+---------+---------+-----+
|Total                |        6|   108|    27034|    19783|    0|
+---------------------+---------+------+---------+---------+-----+
|Available SLR        |     1440|  2280|   788160|   394080|  320|
+---------------------+---------+------+---------+---------+-----+
|Utilization SLR (%)  |       ~0|     4|        3|        5|    0|
+---------------------+---------+------+---------+---------+-----+
|Available            |     4320|  6840|  2364480|  1182240|  960|
+---------------------+---------+------+---------+---------+-----+
|Utilization (%)      |       ~0|     1|        1|        1|    0|
+---------------------+---------+------+---------+---------+-----+

+ Detail: 
    * Instance: 
    +----------------------------------------------------------------------+-----------------------------------------------------------+---------+-----+-------+-------+-----+
    |                               Instance                               |                           Module                          | BRAM_18K| DSP |   FF  |  LUT  | URAM|
    +----------------------------------------------------------------------+-----------------------------------------------------------+---------+-----+-------+-------+-----+
    |control_r_s_axi_U                                                     |control_r_s_axi                                            |        0|    0|    520|    936|    0|
    |control_s_axi_U                                                       |control_s_axi                                              |        0|    0|    112|    168|    0|
    |fmul_32ns_32ns_32_4_max_dsp_1_U106                                    |fmul_32ns_32ns_32_4_max_dsp_1                              |        0|    3|    143|     78|    0|
    |gmem0_m_axi_U                                                         |gmem0_m_axi                                                |        1|    0|    604|    650|    0|
    |gmem1_m_axi_U                                                         |gmem1_m_axi                                                |        1|    0|    604|    650|    0|
    |gmem2_m_axi_U                                                         |gmem2_m_axi                                                |        1|    0|    604|    650|    0|
    |gmem3_m_axi_U                                                         |gmem3_m_axi                                                |        2|    0|    713|    856|    0|
    |gmem4_m_axi_U                                                         |gmem4_m_axi                                                |        1|    0|    595|    639|    0|
    |grp_registration_accumulate_kernel_Pipeline_VITIS_LOOP_141_10_fu_448  |registration_accumulate_kernel_Pipeline_VITIS_LOOP_141_10  |        0|    0|    408|    590|    0|
    |grp_registration_accumulate_kernel_Pipeline_VITIS_LOOP_151_11_fu_480  |registration_accumulate_kernel_Pipeline_VITIS_LOOP_151_11  |        0|    0|     70|    100|    0|
    |grp_registration_accumulate_kernel_Pipeline_VITIS_LOOP_70_3_fu_406    |registration_accumulate_kernel_Pipeline_VITIS_LOOP_70_3    |        0|  105|  21851|  13404|    0|
    +----------------------------------------------------------------------+-----------------------------------------------------------+---------+-----+-------+-------+-----+
    |Total                                                                 |                                                           |        6|  108|  26224|  18721|    0|
    +----------------------------------------------------------------------+-----------------------------------------------------------+---------+-----+-------+-------+-----+

    * DSP: 
    N/A

    * Memory: 
    N/A

    * FIFO: 
    N/A

    * Expression: 
    +-------------------------+----------+----+---+----+------------+------------+
    |      Variable Name      | Operation| DSP| FF| LUT| Bitwidth P0| Bitwidth P1|
    +-------------------------+----------+----+---+----+------------+------------+
    |add_ln140_1_fu_845_p2    |         +|   0|  0|  10|           3|           1|
    |add_ln140_fu_912_p2      |         +|   0|  0|  10|           3|           2|
    |add_ln70_fu_748_p2       |         +|   0|  0|  40|          33|           2|
    |read_idx_2_fu_906_p2     |         +|   0|  0|  13|           6|           6|
    |sub_ln141_fu_875_p2      |         -|   0|  0|  12|           5|           5|
    |sub_ln65_fu_661_p2       |         -|   0|  0|  39|          32|          32|
    |sub_ln70_1_fu_640_p2     |         -|   0|  0|  23|          16|          16|
    |sub_ln70_fu_730_p2       |         -|   0|  0|  39|           1|          32|
    |empty_60_fu_706_p2       |      icmp|   0|  0|  39|          32|           1|
    |empty_61_fu_724_p2       |      icmp|   0|  0|  39|          32|          16|
    |icmp_ln140_fu_839_p2     |      icmp|   0|  0|  10|           3|           3|
    |icmp_ln200_fu_604_p2     |      icmp|   0|  0|  38|          31|          15|
    |icmp_ln70_fu_618_p2      |      icmp|   0|  0|  22|          15|           1|
    |ap_block_state3_io       |        or|   0|  0|   2|           1|           1|
    |bounded_count_fu_610_p3  |    select|   0|  0|  16|           1|          16|
    |empty_fu_646_p3          |    select|   0|  0|  16|           1|          16|
    |requested_fu_594_p3      |    select|   0|  0|  31|           1|           1|
    |select_ln70_1_fu_736_p3  |    select|   0|  0|  32|           1|          32|
    |select_ln70_fu_716_p3    |    select|   0|  0|  32|           1|          32|
    |xor_ln70_fu_711_p2       |       xor|   0|  0|  32|          32|           2|
    +-------------------------+----------+----+---+----+------------+------------+
    |Total                    |          |   0|  0| 495|         250|         232|
    +-------------------------+----------+----+---+----+------------+------------+

    * Multiplexer: 
    +----------------------+-----+-----------+-----+-----------+
    |         Name         | LUT | Input Size| Bits| Total Bits|
    +----------------------+-----+-----------+-----+-----------+
    |ap_NS_fsm             |  123|         25|    1|         25|
    |gmem0_ARADDR          |   14|          3|   64|        192|
    |gmem0_ARLEN           |   14|          3|   32|         96|
    |gmem0_ARVALID         |   14|          3|    1|          3|
    |gmem0_RREADY          |    9|          2|    1|          2|
    |gmem0_blk_n_AR        |    9|          2|    1|          2|
    |gmem1_ARADDR          |   14|          3|   64|        192|
    |gmem1_ARLEN           |   14|          3|   32|         96|
    |gmem1_ARVALID         |   14|          3|    1|          3|
    |gmem1_RREADY          |    9|          2|    1|          2|
    |gmem1_blk_n_AR        |    9|          2|    1|          2|
    |gmem2_ARADDR          |   14|          3|   64|        192|
    |gmem2_ARLEN           |   14|          3|   32|         96|
    |gmem2_ARVALID         |   14|          3|    1|          3|
    |gmem2_RREADY          |    9|          2|    1|          2|
    |gmem2_blk_n_AR        |    9|          2|    1|          2|
    |gmem3_AWADDR          |   20|          4|   64|        256|
    |gmem3_AWLEN           |   20|          4|   32|        128|
    |gmem3_AWVALID         |   20|          4|    1|          4|
    |gmem3_BREADY          |   20|          4|    1|          4|
    |gmem3_WDATA           |   14|          3|   64|        192|
    |gmem3_WSTRB           |   14|          3|    8|         24|
    |gmem3_WVALID          |   14|          3|    1|          3|
    |gmem3_blk_n_AW        |    9|          2|    1|          2|
    |gmem3_blk_n_B         |    9|          2|    1|          2|
    |gmem4_AWADDR          |   14|          3|   64|        192|
    |gmem4_WDATA           |   14|          3|   32|         96|
    |gmem4_blk_n_AW        |    9|          2|    1|          2|
    |gmem4_blk_n_B         |    9|          2|    1|          2|
    |gmem4_blk_n_W         |    9|          2|    1|          2|
    |grp_fu_493_ce         |   14|          3|    1|          3|
    |grp_fu_493_p0         |   14|          3|   32|         96|
    |grp_fu_493_p1         |   14|          3|   32|         96|
    |indvars_iv165_fu_182  |    9|          2|    3|          6|
    |r_fu_178              |    9|          2|    3|          6|
    |read_idx_fu_174       |    9|          2|    6|         12|
    +----------------------+-----+-----------+-----+-----------+
    |Total                 |  567|        120|  647|       2038|
    +----------------------+-----+-----------+-----+-----------+

    * Register: 
    +-----------------------------------------------------------------------------------+----+----+-----+-----------+
    |                                        Name                                       | FF | LUT| Bits| Const Bits|
    +-----------------------------------------------------------------------------------+----+----+-----+-----------+
    |add_ln70_reg_1235                                                                  |  33|   0|   33|          0|
    |ap_CS_fsm                                                                          |  24|   0|   24|          0|
    |bounded_count_reg_1188                                                             |  15|   0|   15|          0|
    |c_reg_1321                                                                         |   3|   0|    3|          0|
    |correspondence_count_read_reg_975                                                  |  32|   0|   32|          0|
    |empty_reg_1194                                                                     |  16|   0|   16|          0|
    |gmem4_addr_1_reg_1159                                                              |  64|   0|   64|          0|
    |gmem4_addr_reg_1153                                                                |  64|   0|   64|          0|
    |grp_registration_accumulate_kernel_Pipeline_VITIS_LOOP_141_10_fu_448_ap_start_reg  |   1|   0|    1|          0|
    |grp_registration_accumulate_kernel_Pipeline_VITIS_LOOP_151_11_fu_480_ap_start_reg  |   1|   0|    1|          0|
    |grp_registration_accumulate_kernel_Pipeline_VITIS_LOOP_70_3_fu_406_ap_start_reg    |   1|   0|    1|          0|
    |indvars_iv165_fu_182                                                               |   3|   0|    3|          0|
    |jtj_out_read_reg_964                                                               |  64|   0|   64|          0|
    |jtr_out_read_reg_959                                                               |  64|   0|   64|          0|
    |kernel_read_reg_969                                                                |  32|   0|   32|          0|
    |kernel_sq_reg_1230                                                                 |  32|   0|   32|          0|
    |r_fu_178                                                                           |   3|   0|    3|          0|
    |read_idx_fu_174                                                                    |   6|   0|    6|          0|
    |read_idx_load_reg_1341                                                             |   6|   0|    6|          0|
    |requested_reg_1183                                                                 |  31|   0|   31|          0|
    |sub_ln141_reg_1330                                                                 |   4|   0|    5|          1|
    |sub_ln65_reg_1199                                                                  |  32|   0|   32|          0|
    |tmp_reg_1148                                                                       |   1|   0|    1|          0|
    |trunc_ln26_reg_1143                                                                |  31|   0|   31|          0|
    |trunc_ln4_reg_1165                                                                 |  62|   0|   62|          0|
    |trunc_ln5_reg_1335                                                                 |  61|   0|   61|          0|
    |trunc_ln70_1_reg_1171                                                              |  62|   0|   62|          0|
    |trunc_ln70_2_reg_1177                                                              |  62|   0|   62|          0|
    +-----------------------------------------------------------------------------------+----+----+-----+-----------+
    |Total                                                                              | 810|   0|  811|          1|
    +-----------------------------------------------------------------------------------+----+----+-----+-----------+



================================================================
== Interface
================================================================
* Summary: 
+-------------------------+-----+-----+------------+--------------------------------+--------------+
|        RTL Ports        | Dir | Bits|  Protocol  |          Source Object         |    C Type    |
+-------------------------+-----+-----+------------+--------------------------------+--------------+
|s_axi_control_AWVALID    |   in|    1|       s_axi|                         control|        scalar|
|s_axi_control_AWREADY    |  out|    1|       s_axi|                         control|        scalar|
|s_axi_control_AWADDR     |   in|    5|       s_axi|                         control|        scalar|
|s_axi_control_WVALID     |   in|    1|       s_axi|                         control|        scalar|
|s_axi_control_WREADY     |  out|    1|       s_axi|                         control|        scalar|
|s_axi_control_WDATA      |   in|   32|       s_axi|                         control|        scalar|
|s_axi_control_WSTRB      |   in|    4|       s_axi|                         control|        scalar|
|s_axi_control_ARVALID    |   in|    1|       s_axi|                         control|        scalar|
|s_axi_control_ARREADY    |  out|    1|       s_axi|                         control|        scalar|
|s_axi_control_ARADDR     |   in|    5|       s_axi|                         control|        scalar|
|s_axi_control_RVALID     |  out|    1|       s_axi|                         control|        scalar|
|s_axi_control_RREADY     |   in|    1|       s_axi|                         control|        scalar|
|s_axi_control_RDATA      |  out|   32|       s_axi|                         control|        scalar|
|s_axi_control_RRESP      |  out|    2|       s_axi|                         control|        scalar|
|s_axi_control_BVALID     |  out|    1|       s_axi|                         control|        scalar|
|s_axi_control_BREADY     |   in|    1|       s_axi|                         control|        scalar|
|s_axi_control_BRESP      |  out|    2|       s_axi|                         control|        scalar|
|s_axi_control_r_AWVALID  |   in|    1|       s_axi|                       control_r|        scalar|
|s_axi_control_r_AWREADY  |  out|    1|       s_axi|                       control_r|        scalar|
|s_axi_control_r_AWADDR   |   in|    7|       s_axi|                       control_r|        scalar|
|s_axi_control_r_WVALID   |   in|    1|       s_axi|                       control_r|        scalar|
|s_axi_control_r_WREADY   |  out|    1|       s_axi|                       control_r|        scalar|
|s_axi_control_r_WDATA    |   in|   32|       s_axi|                       control_r|        scalar|
|s_axi_control_r_WSTRB    |   in|    4|       s_axi|                       control_r|        scalar|
|s_axi_control_r_ARVALID  |   in|    1|       s_axi|                       control_r|        scalar|
|s_axi_control_r_ARREADY  |  out|    1|       s_axi|                       control_r|        scalar|
|s_axi_control_r_ARADDR   |   in|    7|       s_axi|                       control_r|        scalar|
|s_axi_control_r_RVALID   |  out|    1|       s_axi|                       control_r|        scalar|
|s_axi_control_r_RREADY   |   in|    1|       s_axi|                       control_r|        scalar|
|s_axi_control_r_RDATA    |  out|   32|       s_axi|                       control_r|        scalar|
|s_axi_control_r_RRESP    |  out|    2|       s_axi|                       control_r|        scalar|
|s_axi_control_r_BVALID   |  out|    1|       s_axi|                       control_r|        scalar|
|s_axi_control_r_BREADY   |   in|    1|       s_axi|                       control_r|        scalar|
|s_axi_control_r_BRESP    |  out|    2|       s_axi|                       control_r|        scalar|
|ap_clk                   |   in|    1|  ap_ctrl_hs|  registration_accumulate_kernel|  return value|
|ap_rst_n                 |   in|    1|  ap_ctrl_hs|  registration_accumulate_kernel|  return value|
|interrupt                |  out|    1|  ap_ctrl_hs|  registration_accumulate_kernel|  return value|
|m_axi_gmem0_AWVALID      |  out|    1|       m_axi|                           gmem0|       pointer|
|m_axi_gmem0_AWREADY      |   in|    1|       m_axi|                           gmem0|       pointer|
|m_axi_gmem0_AWADDR       |  out|   64|       m_axi|                           gmem0|       pointer|
|m_axi_gmem0_AWID         |  out|    1|       m_axi|                           gmem0|       pointer|
|m_axi_gmem0_AWLEN        |  out|    8|       m_axi|                           gmem0|       pointer|
|m_axi_gmem0_AWSIZE       |  out|    3|       m_axi|                           gmem0|       pointer|
|m_axi_gmem0_AWBURST      |  out|    2|       m_axi|                           gmem0|       pointer|
|m_axi_gmem0_AWLOCK       |  out|    2|       m_axi|                           gmem0|       pointer|
|m_axi_gmem0_AWCACHE      |  out|    4|       m_axi|                           gmem0|       pointer|
|m_axi_gmem0_AWPROT       |  out|    3|       m_axi|                           gmem0|       pointer|
|m_axi_gmem0_AWQOS        |  out|    4|       m_axi|                           gmem0|       pointer|
|m_axi_gmem0_AWREGION     |  out|    4|       m_axi|                           gmem0|       pointer|
|m_axi_gmem0_AWUSER       |  out|    1|       m_axi|                           gmem0|       pointer|
|m_axi_gmem0_WVALID       |  out|    1|       m_axi|                           gmem0|       pointer|
|m_axi_gmem0_WREADY       |   in|    1|       m_axi|                           gmem0|       pointer|
|m_axi_gmem0_WDATA        |  out|   32|       m_axi|                           gmem0|       pointer|
|m_axi_gmem0_WSTRB        |  out|    4|       m_axi|                           gmem0|       pointer|
|m_axi_gmem0_WLAST        |  out|    1|       m_axi|                           gmem0|       pointer|
|m_axi_gmem0_WID          |  out|    1|       m_axi|                           gmem0|       pointer|
|m_axi_gmem0_WUSER        |  out|    1|       m_axi|                           gmem0|       pointer|
|m_axi_gmem0_ARVALID      |  out|    1|       m_axi|                           gmem0|       pointer|
|m_axi_gmem0_ARREADY      |   in|    1|       m_axi|                           gmem0|       pointer|
|m_axi_gmem0_ARADDR       |  out|   64|       m_axi|                           gmem0|       pointer|
|m_axi_gmem0_ARID         |  out|    1|       m_axi|                           gmem0|       pointer|
|m_axi_gmem0_ARLEN        |  out|    8|       m_axi|                           gmem0|       pointer|
|m_axi_gmem0_ARSIZE       |  out|    3|       m_axi|                           gmem0|       pointer|
|m_axi_gmem0_ARBURST      |  out|    2|       m_axi|                           gmem0|       pointer|
|m_axi_gmem0_ARLOCK       |  out|    2|       m_axi|                           gmem0|       pointer|
|m_axi_gmem0_ARCACHE      |  out|    4|       m_axi|                           gmem0|       pointer|
|m_axi_gmem0_ARPROT       |  out|    3|       m_axi|                           gmem0|       pointer|
|m_axi_gmem0_ARQOS        |  out|    4|       m_axi|                           gmem0|       pointer|
|m_axi_gmem0_ARREGION     |  out|    4|       m_axi|                           gmem0|       pointer|
|m_axi_gmem0_ARUSER       |  out|    1|       m_axi|                           gmem0|       pointer|
|m_axi_gmem0_RVALID       |   in|    1|       m_axi|                           gmem0|       pointer|
|m_axi_gmem0_RREADY       |  out|    1|       m_axi|                           gmem0|       pointer|
|m_axi_gmem0_RDATA        |   in|   32|       m_axi|                           gmem0|       pointer|
|m_axi_gmem0_RLAST        |   in|    1|       m_axi|                           gmem0|       pointer|
|m_axi_gmem0_RID          |   in|    1|       m_axi|                           gmem0|       pointer|
|m_axi_gmem0_RUSER        |   in|    1|       m_axi|                           gmem0|       pointer|
|m_axi_gmem0_RRESP        |   in|    2|       m_axi|                           gmem0|       pointer|
|m_axi_gmem0_BVALID       |   in|    1|       m_axi|                           gmem0|       pointer|
|m_axi_gmem0_BREADY       |  out|    1|       m_axi|                           gmem0|       pointer|
|m_axi_gmem0_BRESP        |   in|    2|       m_axi|                           gmem0|       pointer|
|m_axi_gmem0_BID          |   in|    1|       m_axi|                           gmem0|       pointer|
|m_axi_gmem0_BUSER        |   in|    1|       m_axi|                           gmem0|       pointer|
|m_axi_gmem1_AWVALID      |  out|    1|       m_axi|                           gmem1|       pointer|
|m_axi_gmem1_AWREADY      |   in|    1|       m_axi|                           gmem1|       pointer|
|m_axi_gmem1_AWADDR       |  out|   64|       m_axi|                           gmem1|       pointer|
|m_axi_gmem1_AWID         |  out|    1|       m_axi|                           gmem1|       pointer|
|m_axi_gmem1_AWLEN        |  out|    8|       m_axi|                           gmem1|       pointer|
|m_axi_gmem1_AWSIZE       |  out|    3|       m_axi|                           gmem1|       pointer|
|m_axi_gmem1_AWBURST      |  out|    2|       m_axi|                           gmem1|       pointer|
|m_axi_gmem1_AWLOCK       |  out|    2|       m_axi|                           gmem1|       pointer|
|m_axi_gmem1_AWCACHE      |  out|    4|       m_axi|                           gmem1|       pointer|
|m_axi_gmem1_AWPROT       |  out|    3|       m_axi|                           gmem1|       pointer|
|m_axi_gmem1_AWQOS        |  out|    4|       m_axi|                           gmem1|       pointer|
|m_axi_gmem1_AWREGION     |  out|    4|       m_axi|                           gmem1|       pointer|
|m_axi_gmem1_AWUSER       |  out|    1|       m_axi|                           gmem1|       pointer|
|m_axi_gmem1_WVALID       |  out|    1|       m_axi|                           gmem1|       pointer|
|m_axi_gmem1_WREADY       |   in|    1|       m_axi|                           gmem1|       pointer|
|m_axi_gmem1_WDATA        |  out|   32|       m_axi|                           gmem1|       pointer|
|m_axi_gmem1_WSTRB        |  out|    4|       m_axi|                           gmem1|       pointer|
|m_axi_gmem1_WLAST        |  out|    1|       m_axi|                           gmem1|       pointer|
|m_axi_gmem1_WID          |  out|    1|       m_axi|                           gmem1|       pointer|
|m_axi_gmem1_WUSER        |  out|    1|       m_axi|                           gmem1|       pointer|
|m_axi_gmem1_ARVALID      |  out|    1|       m_axi|                           gmem1|       pointer|
|m_axi_gmem1_ARREADY      |   in|    1|       m_axi|                           gmem1|       pointer|
|m_axi_gmem1_ARADDR       |  out|   64|       m_axi|                           gmem1|       pointer|
|m_axi_gmem1_ARID         |  out|    1|       m_axi|                           gmem1|       pointer|
|m_axi_gmem1_ARLEN        |  out|    8|       m_axi|                           gmem1|       pointer|
|m_axi_gmem1_ARSIZE       |  out|    3|       m_axi|                           gmem1|       pointer|
|m_axi_gmem1_ARBURST      |  out|    2|       m_axi|                           gmem1|       pointer|
|m_axi_gmem1_ARLOCK       |  out|    2|       m_axi|                           gmem1|       pointer|
|m_axi_gmem1_ARCACHE      |  out|    4|       m_axi|                           gmem1|       pointer|
|m_axi_gmem1_ARPROT       |  out|    3|       m_axi|                           gmem1|       pointer|
|m_axi_gmem1_ARQOS        |  out|    4|       m_axi|                           gmem1|       pointer|
|m_axi_gmem1_ARREGION     |  out|    4|       m_axi|                           gmem1|       pointer|
|m_axi_gmem1_ARUSER       |  out|    1|       m_axi|                           gmem1|       pointer|
|m_axi_gmem1_RVALID       |   in|    1|       m_axi|                           gmem1|       pointer|
|m_axi_gmem1_RREADY       |  out|    1|       m_axi|                           gmem1|       pointer|
|m_axi_gmem1_RDATA        |   in|   32|       m_axi|                           gmem1|       pointer|
|m_axi_gmem1_RLAST        |   in|    1|       m_axi|                           gmem1|       pointer|
|m_axi_gmem1_RID          |   in|    1|       m_axi|                           gmem1|       pointer|
|m_axi_gmem1_RUSER        |   in|    1|       m_axi|                           gmem1|       pointer|
|m_axi_gmem1_RRESP        |   in|    2|       m_axi|                           gmem1|       pointer|
|m_axi_gmem1_BVALID       |   in|    1|       m_axi|                           gmem1|       pointer|
|m_axi_gmem1_BREADY       |  out|    1|       m_axi|                           gmem1|       pointer|
|m_axi_gmem1_BRESP        |   in|    2|       m_axi|                           gmem1|       pointer|
|m_axi_gmem1_BID          |   in|    1|       m_axi|                           gmem1|       pointer|
|m_axi_gmem1_BUSER        |   in|    1|       m_axi|                           gmem1|       pointer|
|m_axi_gmem2_AWVALID      |  out|    1|       m_axi|                           gmem2|       pointer|
|m_axi_gmem2_AWREADY      |   in|    1|       m_axi|                           gmem2|       pointer|
|m_axi_gmem2_AWADDR       |  out|   64|       m_axi|                           gmem2|       pointer|
|m_axi_gmem2_AWID         |  out|    1|       m_axi|                           gmem2|       pointer|
|m_axi_gmem2_AWLEN        |  out|    8|       m_axi|                           gmem2|       pointer|
|m_axi_gmem2_AWSIZE       |  out|    3|       m_axi|                           gmem2|       pointer|
|m_axi_gmem2_AWBURST      |  out|    2|       m_axi|                           gmem2|       pointer|
|m_axi_gmem2_AWLOCK       |  out|    2|       m_axi|                           gmem2|       pointer|
|m_axi_gmem2_AWCACHE      |  out|    4|       m_axi|                           gmem2|       pointer|
|m_axi_gmem2_AWPROT       |  out|    3|       m_axi|                           gmem2|       pointer|
|m_axi_gmem2_AWQOS        |  out|    4|       m_axi|                           gmem2|       pointer|
|m_axi_gmem2_AWREGION     |  out|    4|       m_axi|                           gmem2|       pointer|
|m_axi_gmem2_AWUSER       |  out|    1|       m_axi|                           gmem2|       pointer|
|m_axi_gmem2_WVALID       |  out|    1|       m_axi|                           gmem2|       pointer|
|m_axi_gmem2_WREADY       |   in|    1|       m_axi|                           gmem2|       pointer|
|m_axi_gmem2_WDATA        |  out|   32|       m_axi|                           gmem2|       pointer|
|m_axi_gmem2_WSTRB        |  out|    4|       m_axi|                           gmem2|       pointer|
|m_axi_gmem2_WLAST        |  out|    1|       m_axi|                           gmem2|       pointer|
|m_axi_gmem2_WID          |  out|    1|       m_axi|                           gmem2|       pointer|
|m_axi_gmem2_WUSER        |  out|    1|       m_axi|                           gmem2|       pointer|
|m_axi_gmem2_ARVALID      |  out|    1|       m_axi|                           gmem2|       pointer|
|m_axi_gmem2_ARREADY      |   in|    1|       m_axi|                           gmem2|       pointer|
|m_axi_gmem2_ARADDR       |  out|   64|       m_axi|                           gmem2|       pointer|
|m_axi_gmem2_ARID         |  out|    1|       m_axi|                           gmem2|       pointer|
|m_axi_gmem2_ARLEN        |  out|    8|       m_axi|                           gmem2|       pointer|
|m_axi_gmem2_ARSIZE       |  out|    3|       m_axi|                           gmem2|       pointer|
|m_axi_gmem2_ARBURST      |  out|    2|       m_axi|                           gmem2|       pointer|
|m_axi_gmem2_ARLOCK       |  out|    2|       m_axi|                           gmem2|       pointer|
|m_axi_gmem2_ARCACHE      |  out|    4|       m_axi|                           gmem2|       pointer|
|m_axi_gmem2_ARPROT       |  out|    3|       m_axi|                           gmem2|       pointer|
|m_axi_gmem2_ARQOS        |  out|    4|       m_axi|                           gmem2|       pointer|
|m_axi_gmem2_ARREGION     |  out|    4|       m_axi|                           gmem2|       pointer|
|m_axi_gmem2_ARUSER       |  out|    1|       m_axi|                           gmem2|       pointer|
|m_axi_gmem2_RVALID       |   in|    1|       m_axi|                           gmem2|       pointer|
|m_axi_gmem2_RREADY       |  out|    1|       m_axi|                           gmem2|       pointer|
|m_axi_gmem2_RDATA        |   in|   32|       m_axi|                           gmem2|       pointer|
|m_axi_gmem2_RLAST        |   in|    1|       m_axi|                           gmem2|       pointer|
|m_axi_gmem2_RID          |   in|    1|       m_axi|                           gmem2|       pointer|
|m_axi_gmem2_RUSER        |   in|    1|       m_axi|                           gmem2|       pointer|
|m_axi_gmem2_RRESP        |   in|    2|       m_axi|                           gmem2|       pointer|
|m_axi_gmem2_BVALID       |   in|    1|       m_axi|                           gmem2|       pointer|
|m_axi_gmem2_BREADY       |  out|    1|       m_axi|                           gmem2|       pointer|
|m_axi_gmem2_BRESP        |   in|    2|       m_axi|                           gmem2|       pointer|
|m_axi_gmem2_BID          |   in|    1|       m_axi|                           gmem2|       pointer|
|m_axi_gmem2_BUSER        |   in|    1|       m_axi|                           gmem2|       pointer|
|m_axi_gmem3_AWVALID      |  out|    1|       m_axi|                           gmem3|       pointer|
|m_axi_gmem3_AWREADY      |   in|    1|       m_axi|                           gmem3|       pointer|
|m_axi_gmem3_AWADDR       |  out|   64|       m_axi|                           gmem3|       pointer|
|m_axi_gmem3_AWID         |  out|    1|       m_axi|                           gmem3|       pointer|
|m_axi_gmem3_AWLEN        |  out|    8|       m_axi|                           gmem3|       pointer|
|m_axi_gmem3_AWSIZE       |  out|    3|       m_axi|                           gmem3|       pointer|
|m_axi_gmem3_AWBURST      |  out|    2|       m_axi|                           gmem3|       pointer|
|m_axi_gmem3_AWLOCK       |  out|    2|       m_axi|                           gmem3|       pointer|
|m_axi_gmem3_AWCACHE      |  out|    4|       m_axi|                           gmem3|       pointer|
|m_axi_gmem3_AWPROT       |  out|    3|       m_axi|                           gmem3|       pointer|
|m_axi_gmem3_AWQOS        |  out|    4|       m_axi|                           gmem3|       pointer|
|m_axi_gmem3_AWREGION     |  out|    4|       m_axi|                           gmem3|       pointer|
|m_axi_gmem3_AWUSER       |  out|    1|       m_axi|                           gmem3|       pointer|
|m_axi_gmem3_WVALID       |  out|    1|       m_axi|                           gmem3|       pointer|
|m_axi_gmem3_WREADY       |   in|    1|       m_axi|                           gmem3|       pointer|
|m_axi_gmem3_WDATA        |  out|   64|       m_axi|                           gmem3|       pointer|
|m_axi_gmem3_WSTRB        |  out|    8|       m_axi|                           gmem3|       pointer|
|m_axi_gmem3_WLAST        |  out|    1|       m_axi|                           gmem3|       pointer|
|m_axi_gmem3_WID          |  out|    1|       m_axi|                           gmem3|       pointer|
|m_axi_gmem3_WUSER        |  out|    1|       m_axi|                           gmem3|       pointer|
|m_axi_gmem3_ARVALID      |  out|    1|       m_axi|                           gmem3|       pointer|
|m_axi_gmem3_ARREADY      |   in|    1|       m_axi|                           gmem3|       pointer|
|m_axi_gmem3_ARADDR       |  out|   64|       m_axi|                           gmem3|       pointer|
|m_axi_gmem3_ARID         |  out|    1|       m_axi|                           gmem3|       pointer|
|m_axi_gmem3_ARLEN        |  out|    8|       m_axi|                           gmem3|       pointer|
|m_axi_gmem3_ARSIZE       |  out|    3|       m_axi|                           gmem3|       pointer|
|m_axi_gmem3_ARBURST      |  out|    2|       m_axi|                           gmem3|       pointer|
|m_axi_gmem3_ARLOCK       |  out|    2|       m_axi|                           gmem3|       pointer|
|m_axi_gmem3_ARCACHE      |  out|    4|       m_axi|                           gmem3|       pointer|
|m_axi_gmem3_ARPROT       |  out|    3|       m_axi|                           gmem3|       pointer|
|m_axi_gmem3_ARQOS        |  out|    4|       m_axi|                           gmem3|       pointer|
|m_axi_gmem3_ARREGION     |  out|    4|       m_axi|                           gmem3|       pointer|
|m_axi_gmem3_ARUSER       |  out|    1|       m_axi|                           gmem3|       pointer|
|m_axi_gmem3_RVALID       |   in|    1|       m_axi|                           gmem3|       pointer|
|m_axi_gmem3_RREADY       |  out|    1|       m_axi|                           gmem3|       pointer|
|m_axi_gmem3_RDATA        |   in|   64|       m_axi|                           gmem3|       pointer|
|m_axi_gmem3_RLAST        |   in|    1|       m_axi|                           gmem3|       pointer|
|m_axi_gmem3_RID          |   in|    1|       m_axi|                           gmem3|       pointer|
|m_axi_gmem3_RUSER        |   in|    1|       m_axi|                           gmem3|       pointer|
|m_axi_gmem3_RRESP        |   in|    2|       m_axi|                           gmem3|       pointer|
|m_axi_gmem3_BVALID       |   in|    1|       m_axi|                           gmem3|       pointer|
|m_axi_gmem3_BREADY       |  out|    1|       m_axi|                           gmem3|       pointer|
|m_axi_gmem3_BRESP        |   in|    2|       m_axi|                           gmem3|       pointer|
|m_axi_gmem3_BID          |   in|    1|       m_axi|                           gmem3|       pointer|
|m_axi_gmem3_BUSER        |   in|    1|       m_axi|                           gmem3|       pointer|
|m_axi_gmem4_AWVALID      |  out|    1|       m_axi|                           gmem4|       pointer|
|m_axi_gmem4_AWREADY      |   in|    1|       m_axi|                           gmem4|       pointer|
|m_axi_gmem4_AWADDR       |  out|   64|       m_axi|                           gmem4|       pointer|
|m_axi_gmem4_AWID         |  out|    1|       m_axi|                           gmem4|       pointer|
|m_axi_gmem4_AWLEN        |  out|    8|       m_axi|                           gmem4|       pointer|
|m_axi_gmem4_AWSIZE       |  out|    3|       m_axi|                           gmem4|       pointer|
|m_axi_gmem4_AWBURST      |  out|    2|       m_axi|                           gmem4|       pointer|
|m_axi_gmem4_AWLOCK       |  out|    2|       m_axi|                           gmem4|       pointer|
|m_axi_gmem4_AWCACHE      |  out|    4|       m_axi|                           gmem4|       pointer|
|m_axi_gmem4_AWPROT       |  out|    3|       m_axi|                           gmem4|       pointer|
|m_axi_gmem4_AWQOS        |  out|    4|       m_axi|                           gmem4|       pointer|
|m_axi_gmem4_AWREGION     |  out|    4|       m_axi|                           gmem4|       pointer|
|m_axi_gmem4_AWUSER       |  out|    1|       m_axi|                           gmem4|       pointer|
|m_axi_gmem4_WVALID       |  out|    1|       m_axi|                           gmem4|       pointer|
|m_axi_gmem4_WREADY       |   in|    1|       m_axi|                           gmem4|       pointer|
|m_axi_gmem4_WDATA        |  out|   32|       m_axi|                           gmem4|       pointer|
|m_axi_gmem4_WSTRB        |  out|    4|       m_axi|                           gmem4|       pointer|
|m_axi_gmem4_WLAST        |  out|    1|       m_axi|                           gmem4|       pointer|
|m_axi_gmem4_WID          |  out|    1|       m_axi|                           gmem4|       pointer|
|m_axi_gmem4_WUSER        |  out|    1|       m_axi|                           gmem4|       pointer|
|m_axi_gmem4_ARVALID      |  out|    1|       m_axi|                           gmem4|       pointer|
|m_axi_gmem4_ARREADY      |   in|    1|       m_axi|                           gmem4|       pointer|
|m_axi_gmem4_ARADDR       |  out|   64|       m_axi|                           gmem4|       pointer|
|m_axi_gmem4_ARID         |  out|    1|       m_axi|                           gmem4|       pointer|
|m_axi_gmem4_ARLEN        |  out|    8|       m_axi|                           gmem4|       pointer|
|m_axi_gmem4_ARSIZE       |  out|    3|       m_axi|                           gmem4|       pointer|
|m_axi_gmem4_ARBURST      |  out|    2|       m_axi|                           gmem4|       pointer|
|m_axi_gmem4_ARLOCK       |  out|    2|       m_axi|                           gmem4|       pointer|
|m_axi_gmem4_ARCACHE      |  out|    4|       m_axi|                           gmem4|       pointer|
|m_axi_gmem4_ARPROT       |  out|    3|       m_axi|                           gmem4|       pointer|
|m_axi_gmem4_ARQOS        |  out|    4|       m_axi|                           gmem4|       pointer|
|m_axi_gmem4_ARREGION     |  out|    4|       m_axi|                           gmem4|       pointer|
|m_axi_gmem4_ARUSER       |  out|    1|       m_axi|                           gmem4|       pointer|
|m_axi_gmem4_RVALID       |   in|    1|       m_axi|                           gmem4|       pointer|
|m_axi_gmem4_RREADY       |  out|    1|       m_axi|                           gmem4|       pointer|
|m_axi_gmem4_RDATA        |   in|   32|       m_axi|                           gmem4|       pointer|
|m_axi_gmem4_RLAST        |   in|    1|       m_axi|                           gmem4|       pointer|
|m_axi_gmem4_RID          |   in|    1|       m_axi|                           gmem4|       pointer|
|m_axi_gmem4_RUSER        |   in|    1|       m_axi|                           gmem4|       pointer|
|m_axi_gmem4_RRESP        |   in|    2|       m_axi|                           gmem4|       pointer|
|m_axi_gmem4_BVALID       |   in|    1|       m_axi|                           gmem4|       pointer|
|m_axi_gmem4_BREADY       |  out|    1|       m_axi|                           gmem4|       pointer|
|m_axi_gmem4_BRESP        |   in|    2|       m_axi|                           gmem4|       pointer|
|m_axi_gmem4_BID          |   in|    1|       m_axi|                           gmem4|       pointer|
|m_axi_gmem4_BUSER        |   in|    1|       m_axi|                           gmem4|       pointer|
+-------------------------+-----+-----+------------+--------------------------------+--------------+

